Clock: clk
Sources: clk 
Generated: no
Virtual: yes
Propagated: no
Period: 20.000000

===========================================================================
report_clock_properties
============================================================================
Clock                   Period          Waveform
----------------------------------------------------
clk                  20.000000    0.000000 10.000000

===========================================================================
report_clock_latency
============================================================================
Clock clk
rise -> rise
    min     max
0.000000 0.000000 source latency
0.702655         network latency _1610_/CLK
        0.714817 network latency _1577_/CLK
---------------
0.702655 0.714817 latency
        0.012161 skew

fall -> fall
    min     max
0.000000 0.000000 source latency
0.656877         network latency _1610_/CLK
        0.667107 network latency _1577_/CLK
---------------
0.656877 0.667107 latency
        0.010230 skew



===========================================================================
report_clock_min_period
============================================================================
clk period_min = 18.23 fmax = 54.87
