Clock: clk
Sources: clk 
Generated: no
Virtual: yes
Propagated: no
Period: 20.000000

===========================================================================
report_clock_properties
============================================================================
Clock                   Period          Waveform
----------------------------------------------------
clk                  20.000000    0.000000 10.000000

===========================================================================
report_clock_latency
============================================================================
Clock clk
rise -> rise
    min     max
0.000000 0.000000 source latency
0.293840         network latency _1610_/CLK
        0.300642 network latency _1578_/CLK
---------------
0.293840 0.300642 latency
        0.006801 skew

fall -> fall
    min     max
0.000000 0.000000 source latency
0.260647         network latency _1610_/CLK
        0.266703 network latency _1578_/CLK
---------------
0.260647 0.266703 latency
        0.006056 skew



===========================================================================
report_clock_min_period
============================================================================
clk period_min = 6.20 fmax = 161.23
