
===========================================================================
 report_power
============================================================================
======================= max_ff_n40C_1v95 Corner ===================================

Group                    Internal    Switching      Leakage        Total
                            Power        Power        Power        Power (Watts)
------------------------------------------------------------------------
Sequential           1.478413e-04 1.060305e-06 1.284557e-09 1.489029e-04  46.5%
Combinational        8.857483e-06 9.782031e-06 1.160369e-08 1.865112e-05   5.8%
Clock                9.210991e-05 6.064315e-05 5.810887e-09 1.527589e-04  47.7%
Macro                0.000000e+00 0.000000e+00 0.000000e+00 0.000000e+00   0.0%
Pad                  0.000000e+00 0.000000e+00 0.000000e+00 0.000000e+00   0.0%
------------------------------------------------------------------------
Total                2.488087e-04 7.148548e-05 1.869916e-08 3.203129e-04 100.0%
                            77.7%        22.3%         0.0%

