Clock: clk
Sources: clk 
Generated: no
Virtual: yes
Propagated: no
Period: 20.000000

===========================================================================
report_clock_properties
============================================================================
Clock                   Period          Waveform
----------------------------------------------------
clk                  20.000000    0.000000 10.000000

===========================================================================
report_clock_latency
============================================================================
Clock clk
rise -> rise
    min     max
0.000000 0.000000 source latency
0.723063         network latency _1610_/CLK
        0.737116 network latency _1578_/CLK
---------------
0.723063 0.737116 latency
        0.014054 skew

fall -> fall
    min     max
0.000000 0.000000 source latency
0.671230         network latency _1610_/CLK
        0.683073 network latency _1578_/CLK
---------------
0.671230 0.683073 latency
        0.011843 skew



===========================================================================
report_clock_min_period
============================================================================
clk period_min = 18.44 fmax = 54.22
