
===========================================================================
 report_power
============================================================================
======================= max_ss_100C_1v60 Corner ===================================

Group                    Internal    Switching      Leakage        Total
                            Power        Power        Power        Power (Watts)
------------------------------------------------------------------------
Sequential           9.862782e-05 6.962810e-07 9.430003e-07 1.002671e-04  45.2%
Combinational        6.223915e-06 6.492736e-06 4.415469e-06 1.713212e-05   7.7%
Clock                6.554534e-05 3.888111e-05 1.817630e-07 1.046082e-04  47.1%
Macro                0.000000e+00 0.000000e+00 0.000000e+00 0.000000e+00   0.0%
Pad                  0.000000e+00 0.000000e+00 0.000000e+00 0.000000e+00   0.0%
------------------------------------------------------------------------
Total                1.703971e-04 4.607013e-05 5.540230e-06 2.220075e-04 100.0%
                            76.8%        20.8%         2.5%

