rm -f results_fused.xml
"/Library/Developer/CommandLineTools/usr/bin/make" -f Makefile results_fused.xml
mkdir -p sim_build_fused
/opt/homebrew/bin/iverilog -o sim_build_fused/sim.vvp -s tb_app -g2012 -DFUSED -f sim_build_fused/cmds.f  ../src/mac8_datapath.sv ../src/mac8_sync.sv ../src/mac8_rst_sync.sv ../src/mac8_ctrl.sv ../experiments/fused/tt_um_arnav_mac8_fused.sv tb_app.sv
rm -f results_fused.xml
COCOTB_TEST_MODULES=test_app COCOTB_TESTCASE= COCOTB_TEST_FILTER=test_busy_pin_contract COCOTB_TOPLEVEL=tb_app TOPLEVEL_LANG=verilog \
         /opt/homebrew/bin/vvp -M /Users/arnavsingh/.venvs/mac8/lib/python3.12/site-packages/cocotb/libs -m libcocotbvpi_icarus   sim_build_fused/sim.vvp   
     -.--ns INFO     gpi                                ..mbed/gpi_embed.cpp:94   in _embed_init_python              Using Python 3.12.10 interpreter at /Users/arnavsingh/.venvs/mac8/bin/python3.12
     -.--ns INFO     gpi                                ../gpi/GpiCommon.cpp:79   in gpi_print_registered_impl       VPI registered
     0.00ns INFO     cocotb                             Running on Icarus Verilog version 13.0 (stable)
     0.00ns INFO     cocotb                             Seeding Python random module with 1791155123
     0.00ns INFO     cocotb                             Initialized cocotb v2.0.1 from /Users/arnavsingh/.venvs/mac8/lib/python3.12/site-packages/cocotb
     0.00ns INFO     cocotb                             Running tests
     0.00ns INFO     cocotb.regression                  running test_app.test_busy_pin_contract (1/1)
  1175.00ns INFO     cocotb.regression                  test_app.test_busy_pin_contract passed
  1175.00ns INFO     cocotb.regression                  *****************************************************************************************
                                                        ** TEST                             STATUS  SIM TIME (ns)  REAL TIME (s)  RATIO (ns/s) **
                                                        *****************************************************************************************
                                                        ** test_app.test_busy_pin_contract   PASS        1175.00           0.01     140263.75  **
                                                        *****************************************************************************************
                                                        ** TESTS=1 PASS=1 FAIL=0 SKIP=0                  1175.00           0.01      90598.88  **
                                                        *****************************************************************************************
../src/mac8_datapath.sv:52: sorry: constant selects in always_* processes are not fully supported (the process will be sensitive to all bits in '+sum_ext[24:0]').
../src/mac8_datapath.sv:62: sorry: constant selects in always_* processes are not fully supported (the process will be sensitive to all bits in '+acc_q[23:0]').
../src/mac8_datapath.sv:63: sorry: constant selects in always_* processes are not fully supported (the process will be sensitive to all bits in '+acc_q[23:0]').
../src/mac8_datapath.sv:64: sorry: constant selects in always_* processes are not fully supported (the process will be sensitive to all bits in '+acc_q[23:0]').
