rm -f results_fused.xml
"/Library/Developer/CommandLineTools/usr/bin/make" -f Makefile results_fused.xml
mkdir -p sim_build_fused
/opt/homebrew/bin/iverilog -o sim_build_fused/sim.vvp -s tb_app -g2012 -DFUSED -f sim_build_fused/cmds.f  ../src/mac8_datapath.sv ../src/mac8_sync.sv ../src/mac8_rst_sync.sv ../src/mac8_ctrl.sv ../experiments/fused/tt_um_arnav_mac8_fused.sv tb_app.sv
rm -f results_fused.xml
COCOTB_TEST_MODULES=test_app COCOTB_TESTCASE= COCOTB_TEST_FILTER=test_busy_pin_contract COCOTB_TOPLEVEL=tb_app TOPLEVEL_LANG=verilog \
         /opt/homebrew/bin/vvp -M /Users/arnavsingh/.venvs/mac8/lib/python3.12/site-packages/cocotb/libs -m libcocotbvpi_icarus   sim_build_fused/sim.vvp   
     -.--ns INFO     gpi                                ..mbed/gpi_embed.cpp:94   in _embed_init_python              Using Python 3.12.10 interpreter at /Users/arnavsingh/.venvs/mac8/bin/python3.12
     -.--ns INFO     gpi                                ../gpi/GpiCommon.cpp:79   in gpi_print_registered_impl       VPI registered
     0.00ns INFO     cocotb                             Running on Icarus Verilog version 13.0 (stable)
     0.00ns INFO     cocotb                             Seeding Python random module with 1791155135
     0.00ns INFO     cocotb                             Initialized cocotb v2.0.1 from /Users/arnavsingh/.venvs/mac8/lib/python3.12/site-packages/cocotb
     0.00ns INFO     cocotb                             Running tests
     0.00ns INFO     cocotb.regression                  running test_app.test_busy_pin_contract (1/1)
   765.00ns WARNING  .._contract.test_busy_pin_contract opcode 4: busy high 0, expected 1
                                                        assert 0 == 1
                                                        Traceback (most recent call last):
                                                          File "/private/var/folders/97/2s6bz2xs7d55dymhpxkdj4zc0000gn/T/mac8-mutation-2iz9n1q2/verification/test_app.py", line 140, in test_busy_pin_contract
                                                            assert busy_cycles == expected, f"opcode {opcode}: busy high {busy_cycles}, expected {expected}"
                                                        AssertionError: opcode 4: busy high 0, expected 1
                                                        assert 0 == 1
   765.00ns WARNING  cocotb.regression                  test_app.test_busy_pin_contract failed
   765.00ns INFO     cocotb.regression                  *****************************************************************************************
                                                        ** TEST                             STATUS  SIM TIME (ns)  REAL TIME (s)  RATIO (ns/s) **
                                                        *****************************************************************************************
                                                        ** test_app.test_busy_pin_contract   FAIL         765.00           0.00     204593.67  **
                                                        *****************************************************************************************
                                                        ** TESTS=1 PASS=0 FAIL=1 SKIP=0                   765.00           0.01      53372.41  **
                                                        *****************************************************************************************
../src/mac8_datapath.sv:52: sorry: constant selects in always_* processes are not fully supported (the process will be sensitive to all bits in '+sum_ext[24:0]').
../src/mac8_datapath.sv:62: sorry: constant selects in always_* processes are not fully supported (the process will be sensitive to all bits in '+acc_q[23:0]').
../src/mac8_datapath.sv:63: sorry: constant selects in always_* processes are not fully supported (the process will be sensitive to all bits in '+acc_q[23:0]').
../src/mac8_datapath.sv:64: sorry: constant selects in always_* processes are not fully supported (the process will be sensitive to all bits in '+acc_q[23:0]').
make[1]: *** [results_fused.xml] Error 1
make: *** [sim] Error 2
