┏━━━━━━━━━━━━━━━━━━━━━━┳━━━━━━━━━━┳━━━━━━━━━━┳━━━━━━━━━━┳━━━━━━━━━━┳━━━━━━━━━━━┳━━━━━━━━━━┳━━━━━━━━━━━┳━━━━━━━━━━┳━━━━━━━━━━━┳━━━━━━━━━━┳━━━━━━━━━━━┳━━━━━━━━━━┓
┃                      ┃ Hold     ┃ Reg to   ┃          ┃          ┃ of which  ┃ Setup    ┃           ┃          ┃           ┃ of which ┃           ┃          ┃
┃                      ┃ Worst    ┃ Reg      ┃          ┃ Hold Vio ┃ reg to    ┃ Worst    ┃ Reg to    ┃ Setup    ┃ Setup Vio ┃ reg to   ┃ Max Cap   ┃ Max Slew ┃
┃ Corner/Group         ┃ Slack    ┃ Paths    ┃ Hold TNS ┃ Count    ┃ reg       ┃ Slack    ┃ Reg Paths ┃ TNS      ┃ Count     ┃ reg      ┃ Violatio… ┃ Violati… ┃
┡━━━━━━━━━━━━━━━━━━━━━━╇━━━━━━━━━━╇━━━━━━━━━━╇━━━━━━━━━━╇━━━━━━━━━━╇━━━━━━━━━━━╇━━━━━━━━━━╇━━━━━━━━━━━╇━━━━━━━━━━╇━━━━━━━━━━━╇━━━━━━━━━━╇━━━━━━━━━━━╇━━━━━━━━━━┩
│ Overall              │ 0.1106   │ 0.1106   │ 0.0000   │ 0        │ 0         │ 1.5557   │ 1.5557    │ 0.0000   │ 0         │ 0        │ 0         │ 254      │
│ nom_tt_025C_1v80     │ 0.3387   │ 0.3387   │ 0.0000   │ 0        │ 0         │ 10.5591  │ 10.5591   │ 0.0000   │ 0         │ 0        │ 0         │ 0        │
│ nom_ss_100C_1v60     │ 0.9529   │ 0.9529   │ 0.0000   │ 0        │ 0         │ 1.7743   │ 1.7743    │ 0.0000   │ 0         │ 0        │ 0         │ 232      │
│ nom_ff_n40C_1v95     │ 0.1125   │ 0.1125   │ 0.0000   │ 0        │ 0         │ 13.3218  │ 18.4392   │ 0.0000   │ 0         │ 0        │ 0         │ 0        │
│ min_tt_025C_1v80     │ 0.3359   │ 0.3359   │ 0.0000   │ 0        │ 0         │ 10.6948  │ 10.6948   │ 0.0000   │ 0         │ 0        │ 0         │ 0        │
│ min_ss_100C_1v60     │ 0.9459   │ 0.9459   │ 0.0000   │ 0        │ 0         │ 2.0108   │ 2.0108    │ 0.0000   │ 0         │ 0        │ 0         │ 191      │
│ min_ff_n40C_1v95     │ 0.1106   │ 0.1106   │ 0.0000   │ 0        │ 0         │ 13.3795  │ 18.4619   │ 0.0000   │ 0         │ 0        │ 0         │ 0        │
│ max_tt_025C_1v80     │ 0.3404   │ 0.3404   │ 0.0000   │ 0        │ 0         │ 10.4352  │ 10.4352   │ 0.0000   │ 0         │ 0        │ 0         │ 33       │
│ max_ss_100C_1v60     │ 0.9598   │ 0.9598   │ 0.0000   │ 0        │ 0         │ 1.5557   │ 1.5557    │ 0.0000   │ 0         │ 0        │ 0         │ 254      │
│ max_ff_n40C_1v95     │ 0.1137   │ 0.1137   │ 0.0000   │ 0        │ 0         │ 13.2698  │ 18.4210   │ 0.0000   │ 0         │ 0        │ 0         │ 0        │
└──────────────────────┴──────────┴──────────┴──────────┴──────────┴───────────┴──────────┴───────────┴──────────┴───────────┴──────────┴───────────┴──────────┘
