
===========================================================================
report_checks -unconstrained
===========================================================================
======================= min_tt_025C_1v80 Corner ===================================

Startpoint: _1606_ (rising edge-triggered flip-flop clocked by clk)
Endpoint: _1633_ (rising edge-triggered flip-flop clocked by clk)
Path Group: clk
Path Type: max

Fanout         Cap        Slew       Delay        Time   Description
---------------------------------------------------------------------------------------------
                                  0.000000    0.000000   clock clk (rise edge)
                                  0.000000    0.000000   clock source latency
     1    0.021560    0.102684    0.070750    0.070750 ^ clk (in)
                                                         clk (net)
                      0.102693    0.000000    0.070750 ^ clkbuf_0_clk/A (sky130_fd_sc_hd__clkbuf_16)
     8    0.084214    0.100666    0.195236    0.265986 ^ clkbuf_0_clk/X (sky130_fd_sc_hd__clkbuf_16)
                                                         clknet_0_clk (net)
                      0.100731    0.002342    0.268328 ^ clkbuf_3_5__f_clk/A (sky130_fd_sc_hd__clkbuf_16)
     9    0.028150    0.049465    0.153394    0.421722 ^ clkbuf_3_5__f_clk/X (sky130_fd_sc_hd__clkbuf_16)
                                                         clknet_3_5__leaf_clk (net)
                      0.049477    0.000626    0.422348 ^ _1606_/CLK (sky130_fd_sc_hd__dfxtp_2)
     1    0.003031    0.022972    0.304257    0.726605 v _1606_/Q (sky130_fd_sc_hd__dfxtp_2)
                                                         u_dp.b_q[3] (net)
                      0.022972    0.000033    0.726637 v fanout51/A (sky130_fd_sc_hd__clkdlybuf4s25_1)
     7    0.049287    0.362568    0.483323    1.209961 v fanout51/X (sky130_fd_sc_hd__clkdlybuf4s25_1)
                                                         net51 (net)
                      0.362572    0.001755    1.211715 v fanout50/A (sky130_fd_sc_hd__clkdlybuf4s25_1)
    10    0.049434    0.363239    0.600559    1.812274 v fanout50/X (sky130_fd_sc_hd__clkdlybuf4s25_1)
                                                         net50 (net)
                      0.363239    0.000407    1.812681 v _0815_/B (sky130_fd_sc_hd__and3_2)
     3    0.009830    0.055196    0.358984    2.171666 v _0815_/X (sky130_fd_sc_hd__and3_2)
                                                         _0081_ (net)
                      0.055196    0.000143    2.171809 v _0818_/A (sky130_fd_sc_hd__or3_2)
     2    0.003640    0.080462    0.473386    2.645195 v _0818_/X (sky130_fd_sc_hd__or3_2)
                                                         _0084_ (net)
                      0.080462    0.000012    2.645207 v _0819_/B (sky130_fd_sc_hd__and2b_2)
     2    0.019635    0.073089    0.250049    2.895256 v _0819_/X (sky130_fd_sc_hd__and2b_2)
                                                         _0085_ (net)
                      0.073091    0.000530    2.895786 v fanout28/A (sky130_fd_sc_hd__clkdlybuf4s25_1)
    10    0.069261    0.504125    0.610359    3.506146 v fanout28/X (sky130_fd_sc_hd__clkdlybuf4s25_1)
                                                         net28 (net)
                      0.504133    0.002577    3.508723 v fanout27/A (sky130_fd_sc_hd__clkdlybuf4s25_1)
     5    0.029732    0.222586    0.528755    4.037478 v fanout27/X (sky130_fd_sc_hd__clkdlybuf4s25_1)
                                                         net27 (net)
                      0.222588    0.001059    4.038537 v fanout26/A (sky130_fd_sc_hd__clkdlybuf4s25_1)
    10    0.068937    0.501956    0.664724    4.703261 v fanout26/X (sky130_fd_sc_hd__clkdlybuf4s25_1)
                                                         net26 (net)
                      0.501957    0.001533    4.704793 v _0883_/A (sky130_fd_sc_hd__xor2_2)
     2    0.006112    0.123771    0.317697    5.022491 v _0883_/X (sky130_fd_sc_hd__xor2_2)
                                                         _0149_ (net)
                      0.123771    0.000053    5.022544 v _0886_/B (sky130_fd_sc_hd__or2_2)
     1    0.002416    0.052537    0.293535    5.316079 v _0886_/X (sky130_fd_sc_hd__or2_2)
                                                         _0152_ (net)
                      0.052537    0.000027    5.316105 v _0887_/B (sky130_fd_sc_hd__and2_2)
     3    0.018992    0.070639    0.232073    5.548179 v _0887_/X (sky130_fd_sc_hd__and2_2)
                                                         _0153_ (net)
                      0.070639    0.000261    5.548440 v _0888_/B (sky130_fd_sc_hd__nor2_2)
     2    0.014575    0.204981    0.167596    5.716036 ^ _0888_/Y (sky130_fd_sc_hd__nor2_2)
                                                         _0154_ (net)
                      0.204981    0.000030    5.716066 ^ _0889_/B (sky130_fd_sc_hd__xor2_2)
     2    0.014097    0.208661    0.233009    5.949075 ^ _0889_/X (sky130_fd_sc_hd__xor2_2)
                                                         _0155_ (net)
                      0.208661    0.000110    5.949185 ^ _1394_/B (sky130_fd_sc_hd__xnor2_2)
     2    0.007582    0.152192    0.147927    6.097112 ^ _1394_/Y (sky130_fd_sc_hd__xnor2_2)
                                                         _0660_ (net)
                      0.152192    0.000098    6.097210 ^ _1396_/A (sky130_fd_sc_hd__or2_2)
     4    0.018808    0.104678    0.191370    6.288580 ^ _1396_/X (sky130_fd_sc_hd__or2_2)
                                                         _0662_ (net)
                      0.104678    0.000060    6.288641 ^ _1398_/C_N (sky130_fd_sc_hd__or4bb_2)
     3    0.008270    0.114552    0.647566    6.936207 v _1398_/X (sky130_fd_sc_hd__or4bb_2)
                                                         _0664_ (net)
                      0.114552    0.000071    6.936278 v _1400_/A (sky130_fd_sc_hd__and2_2)
     4    0.011792    0.056742    0.222683    7.158961 v _1400_/X (sky130_fd_sc_hd__and2_2)
                                                         _0666_ (net)
                      0.056742    0.000122    7.159083 v _1406_/A2 (sky130_fd_sc_hd__a31o_2)
     4    0.015975    0.067004    0.271131    7.430214 v _1406_/X (sky130_fd_sc_hd__a31o_2)
                                                         _0672_ (net)
                      0.067004    0.000206    7.430419 v _1408_/C (sky130_fd_sc_hd__and3_2)
     1    0.003763    0.040183    0.215618    7.646038 v _1408_/X (sky130_fd_sc_hd__and3_2)
                                                         _0674_ (net)
                      0.040183    0.000058    7.646096 v _1418_/C1 (sky130_fd_sc_hd__a211o_2)
     4    0.019109    0.087349    0.318379    7.964475 v _1418_/X (sky130_fd_sc_hd__a211o_2)
                                                         _0684_ (net)
                      0.087349    0.000110    7.964585 v _1486_/A1 (sky130_fd_sc_hd__a21bo_2)
     5    0.020801    0.075442    0.252446    8.217031 v _1486_/X (sky130_fd_sc_hd__a21bo_2)
                                                         _0727_ (net)
                      0.075442    0.000278    8.217309 v fanout15/A (sky130_fd_sc_hd__clkdlybuf4s25_1)
    10    0.042069    0.310848    0.467927    8.685236 v fanout15/X (sky130_fd_sc_hd__clkdlybuf4s25_1)
                                                         net15 (net)
                      0.310848    0.000340    8.685576 v fanout14/A (sky130_fd_sc_hd__clkdlybuf4s25_1)
    10    0.036527    0.271296    0.521078    9.206655 v fanout14/X (sky130_fd_sc_hd__clkdlybuf4s25_1)
                                                         net14 (net)
                      0.271296    0.000306    9.206960 v _1567_/B1 (sky130_fd_sc_hd__a31o_2)
     1    0.003584    0.038664    0.301885    9.508844 v _1567_/X (sky130_fd_sc_hd__a31o_2)
                                                         _0786_ (net)
                      0.038664    0.000047    9.508892 v _1568_/B1 (sky130_fd_sc_hd__o211a_2)
     1    0.002697    0.039967    0.123901    9.632792 v _1568_/X (sky130_fd_sc_hd__o211a_2)
                                                         _0050_ (net)
                      0.039967    0.000030    9.632823 v _1633_/D (sky130_fd_sc_hd__dfxtp_2)
                                              9.632823   data arrival time

                                 20.000000   20.000000   clock clk (rise edge)
                                  0.000000   20.000000   clock source latency
     1    0.021560    0.102684    0.070751   20.070751 ^ clk (in)
                                                         clk (net)
                      0.102693    0.000000   20.070751 ^ clkbuf_0_clk/A (sky130_fd_sc_hd__clkbuf_16)
     8    0.084214    0.100666    0.195236   20.265987 ^ clkbuf_0_clk/X (sky130_fd_sc_hd__clkbuf_16)
                                                         clknet_0_clk (net)
                      0.100671    0.000890   20.266876 ^ clkbuf_3_0__f_clk/A (sky130_fd_sc_hd__clkbuf_16)
     9    0.026086    0.047311    0.151685   20.418562 ^ clkbuf_3_0__f_clk/X (sky130_fd_sc_hd__clkbuf_16)
                                                         clknet_3_0__leaf_clk (net)
                      0.047311    0.000135   20.418697 ^ _1633_/CLK (sky130_fd_sc_hd__dfxtp_2)
                                 -0.250000   20.168697   clock uncertainty
                                  0.000000   20.168697   clock reconvergence pessimism
                                 -0.110148   20.058550   library setup time
                                             20.058550   data required time
---------------------------------------------------------------------------------------------
                                             20.058550   data required time
                                             -9.632823   data arrival time
---------------------------------------------------------------------------------------------
                                             10.425726   slack (MET)




===========================================================================
report_checks --slack_max -0.01
============================================================================
======================= min_tt_025C_1v80 Corner ===================================

No paths found.


===========================================================================
 report_check_types -max_slew -max_cap -max_fanout -violators
============================================================================
======================= min_tt_025C_1v80 Corner ===================================



===========================================================================
report_parasitic_annotation -report_unannotated
============================================================================
Found 26 unannotated drivers.
 ena
 uio_in[4]
 uio_in[5]
 uio_in[6]
 uio_in[7]
 clkload0/X
 clkload1/X
 clkload2/X
 clkload3/X
 clkload4/X
 clkload5/X
 clkload6/X
 tt_um_arnav_mac8_fused/HI
 tt_um_arnav_mac8_fused_69/HI
 tt_um_arnav_mac8_fused_70/HI
 tt_um_arnav_mac8_fused_71/HI
 tt_um_arnav_mac8_fused_72/HI
 tt_um_arnav_mac8_fused_73/HI
 tt_um_arnav_mac8_fused_74/HI
 tt_um_arnav_mac8_fused_75/HI
 tt_um_arnav_mac8_fused_76/HI
 tt_um_arnav_mac8_fused_77/HI
 tt_um_arnav_mac8_fused_78/LO
 tt_um_arnav_mac8_fused_79/LO
 tt_um_arnav_mac8_fused_80/LO
 tt_um_arnav_mac8_fused_81/LO
Found 0 partially unannotated drivers.

===========================================================================
max slew violation count 0
max fanout violation count 0
max cap violation count 0
============================================================================

===========================================================================
check_setup -verbose -unconstrained_endpoints -multiple_clock -no_clock -no_input_delay -loops -generated_clocks
===========================================================================
