
===========================================================================
report_checks -unconstrained
===========================================================================
======================= nom_ss_100C_1v60 Corner ===================================

Startpoint: _1595_ (rising edge-triggered flip-flop clocked by clk)
Endpoint: _1622_ (rising edge-triggered flip-flop clocked by clk)
Path Group: clk
Path Type: max

Fanout         Cap        Slew       Delay        Time   Description
---------------------------------------------------------------------------------------------
                                  0.000000    0.000000   clock clk (rise edge)
                                  0.000000    0.000000   clock source latency
     1    0.020019    0.150049    0.102443    0.102443 ^ clk (in)
                                                         clk (net)
                      0.150055    0.000000    0.102443 ^ clkbuf_0_clk/A (sky130_fd_sc_hd__clkbuf_16)
     8    0.083957    0.153593    0.333756    0.436199 ^ clkbuf_0_clk/X (sky130_fd_sc_hd__clkbuf_16)
                                                         clknet_0_clk (net)
                      0.153674    0.003234    0.439432 ^ clkbuf_3_6__f_clk/A (sky130_fd_sc_hd__clkbuf_16)
     8    0.023168    0.071368    0.264200    0.703632 ^ clkbuf_3_6__f_clk/X (sky130_fd_sc_hd__clkbuf_16)
                                                         clknet_3_6__leaf_clk (net)
                      0.071393    0.000811    0.704442 ^ _1595_/CLK (sky130_fd_sc_hd__dfxtp_2)
     1    0.002511    0.038545    0.592773    1.297215 v _1595_/Q (sky130_fd_sc_hd__dfxtp_2)
                                                         u_dp.b_q[3] (net)
                      0.038545    0.000071    1.297286 v fanout51/A (sky130_fd_sc_hd__clkdlybuf4s25_1)
     7    0.050567    0.673904    0.906373    2.203659 v fanout51/X (sky130_fd_sc_hd__clkdlybuf4s25_1)
                                                         net51 (net)
                      0.673904    0.001743    2.205402 v fanout50/A (sky130_fd_sc_hd__clkdlybuf4s25_1)
    10    0.043744    0.586696    1.075698    3.281100 v fanout50/X (sky130_fd_sc_hd__clkdlybuf4s25_1)
                                                         net50 (net)
                      0.586698    0.002192    3.283292 v _0808_/B (sky130_fd_sc_hd__and3_2)
     3    0.009118    0.099400    0.703536    3.986828 v _0808_/X (sky130_fd_sc_hd__and3_2)
                                                         _0078_ (net)
                      0.099400    0.000233    3.987061 v _0811_/A (sky130_fd_sc_hd__or3_2)
     2    0.003923    0.168403    1.117231    5.104292 v _0811_/X (sky130_fd_sc_hd__or3_2)
                                                         _0081_ (net)
                      0.168403    0.000093    5.104385 v _0812_/B (sky130_fd_sc_hd__and2b_2)
     1    0.003842    0.073893    0.453585    5.557970 v _0812_/X (sky130_fd_sc_hd__and2b_2)
                                                         _0082_ (net)
                      0.073893    0.000136    5.558106 v fanout22/A (sky130_fd_sc_hd__clkdlybuf4s25_1)
     9    0.063853    0.845609    1.048386    6.606493 v fanout22/X (sky130_fd_sc_hd__clkdlybuf4s25_1)
                                                         net22 (net)
                      0.845620    0.004059    6.610551 v fanout21/A (sky130_fd_sc_hd__clkdlybuf4s25_1)
     7    0.054453    0.725062    1.210238    7.820789 v fanout21/X (sky130_fd_sc_hd__clkdlybuf4s25_1)
                                                         net21 (net)
                      0.725075    0.003832    7.824621 v fanout20/A (sky130_fd_sc_hd__clkdlybuf4s25_1)
    10    0.069913    0.924708    1.334172    9.158793 v fanout20/X (sky130_fd_sc_hd__clkdlybuf4s25_1)
                                                         net20 (net)
                      0.924708    0.002543    9.161336 v _0890_/A (sky130_fd_sc_hd__xor2_2)
     2    0.007047    0.205952    0.608659    9.769995 v _0890_/X (sky130_fd_sc_hd__xor2_2)
                                                         _0160_ (net)
                      0.205952    0.000138    9.770132 v _0893_/B (sky130_fd_sc_hd__or2_2)
     1    0.001812    0.104543    0.654652   10.424785 v _0893_/X (sky130_fd_sc_hd__or2_2)
                                                         _0163_ (net)
                      0.104543    0.000050   10.424834 v _0894_/B (sky130_fd_sc_hd__and2_2)
     3    0.020706    0.141658    0.503835   10.928670 v _0894_/X (sky130_fd_sc_hd__and2_2)
                                                         _0164_ (net)
                      0.141658    0.000355   10.929025 v _0895_/B (sky130_fd_sc_hd__nor2_2)
     2    0.015779    0.309154    0.309424   11.238450 ^ _0895_/Y (sky130_fd_sc_hd__nor2_2)
                                                         _0165_ (net)
                      0.309154    0.000107   11.238556 ^ _0896_/B (sky130_fd_sc_hd__xor2_2)
     2    0.014003    0.322917    0.426705   11.665261 ^ _0896_/X (sky130_fd_sc_hd__xor2_2)
                                                         _0166_ (net)
                      0.322917    0.000386   11.665648 ^ _0901_/B (sky130_fd_sc_hd__xnor2_2)
     2    0.006497    0.126257    0.210725   11.876372 v _0901_/Y (sky130_fd_sc_hd__xnor2_2)
                                                         _0171_ (net)
                      0.126257    0.000103   11.876475 v _0983_/A (sky130_fd_sc_hd__and2_2)
     1    0.004981    0.080369    0.389198   12.265674 v _0983_/X (sky130_fd_sc_hd__and2_2)
                                                         _0253_ (net)
                      0.080369    0.000150   12.265823 v _0984_/B (sky130_fd_sc_hd__nor2_2)
     2    0.015831    0.310192    0.285133   12.550956 ^ _0984_/Y (sky130_fd_sc_hd__nor2_2)
                                                         _0254_ (net)
                      0.310193    0.000431   12.551387 ^ _0985_/B (sky130_fd_sc_hd__xor2_2)
     2    0.015129    0.341832    0.441248   12.992635 ^ _0985_/X (sky130_fd_sc_hd__xor2_2)
                                                         _0255_ (net)
                      0.341832    0.000314   12.992949 ^ _0992_/A (sky130_fd_sc_hd__nand2_2)
     2    0.004854    0.102511    0.176218   13.169167 v _0992_/Y (sky130_fd_sc_hd__nand2_2)
                                                         _0262_ (net)
                      0.102511    0.000106   13.169272 v _0994_/A_N (sky130_fd_sc_hd__nand2b_2)
     1    0.002780    0.077787    0.354416   13.523688 v _0994_/Y (sky130_fd_sc_hd__nand2b_2)
                                                         _0264_ (net)
                      0.077787    0.000079   13.523767 v _1388_/A1 (sky130_fd_sc_hd__o221a_2)
     4    0.017566    0.158079    0.628719   14.152487 v _1388_/X (sky130_fd_sc_hd__o221a_2)
                                                         _0658_ (net)
                      0.158083    0.000840   14.153327 v _1393_/A2 (sky130_fd_sc_hd__o31ai_2)
     3    0.011128    0.469451    0.541871   14.695197 ^ _1393_/Y (sky130_fd_sc_hd__o31ai_2)
                                                         _0663_ (net)
                      0.469451    0.000441   14.695639 ^ _1394_/B (sky130_fd_sc_hd__nand2_2)
     2    0.008276    0.122937    0.249546   14.945185 v _1394_/Y (sky130_fd_sc_hd__nand2_2)
                                                         _0664_ (net)
                      0.122937    0.000229   14.945415 v _1405_/A2 (sky130_fd_sc_hd__o211ai_2)
     5    0.030542    0.625801    0.577215   15.522629 ^ _1405_/Y (sky130_fd_sc_hd__o211ai_2)
                                                         _0675_ (net)
                      0.625803    0.000757   15.523386 ^ _1473_/A1 (sky130_fd_sc_hd__a21bo_2)
     1    0.004247    0.072765    0.462178   15.985563 ^ _1473_/X (sky130_fd_sc_hd__a21bo_2)
                                                         _0718_ (net)
                      0.072765    0.000112   15.985676 ^ fanout16/A (sky130_fd_sc_hd__clkdlybuf4s25_1)
     5    0.027217    0.444291    0.734415   16.720091 ^ fanout16/X (sky130_fd_sc_hd__clkdlybuf4s25_1)
                                                         net16 (net)
                      0.444291    0.000366   16.720457 ^ fanout14/A (sky130_fd_sc_hd__clkdlybuf4s25_1)
    10    0.045002    0.721791    1.077208   17.797665 ^ fanout14/X (sky130_fd_sc_hd__clkdlybuf4s25_1)
                                                         net14 (net)
                      0.721791    0.001114   17.798779 ^ _1558_/B1 (sky130_fd_sc_hd__a31o_2)
     1    0.004024    0.081711    0.405304   18.204082 ^ _1558_/X (sky130_fd_sc_hd__a31o_2)
                                                         _0781_ (net)
                      0.081711    0.000133   18.204216 ^ _1559_/C1 (sky130_fd_sc_hd__o211a_2)
     1    0.001894    0.072402    0.333301   18.537518 ^ _1559_/X (sky130_fd_sc_hd__o211a_2)
                                                         _0050_ (net)
                      0.072402    0.000039   18.537556 ^ _1622_/D (sky130_fd_sc_hd__dfxtp_2)
                                             18.537556   data arrival time

                                 20.000000   20.000000   clock clk (rise edge)
                                  0.000000   20.000000   clock source latency
     1    0.020019    0.150049    0.102443   20.102444 ^ clk (in)
                                                         clk (net)
                      0.150055    0.000000   20.102444 ^ clkbuf_0_clk/A (sky130_fd_sc_hd__clkbuf_16)
     8    0.083957    0.153593    0.333756   20.436199 ^ clkbuf_0_clk/X (sky130_fd_sc_hd__clkbuf_16)
                                                         clknet_0_clk (net)
                      0.153657    0.002931   20.439131 ^ clkbuf_3_0__f_clk/A (sky130_fd_sc_hd__clkbuf_16)
     8    0.022792    0.070903    0.263773   20.702904 ^ clkbuf_3_0__f_clk/X (sky130_fd_sc_hd__clkbuf_16)
                                                         clknet_3_0__leaf_clk (net)
                      0.070927    0.000483   20.703386 ^ _1622_/CLK (sky130_fd_sc_hd__dfxtp_2)
                                 -0.250000   20.453386   clock uncertainty
                                  0.000000   20.453386   clock reconvergence pessimism
                                 -0.141518   20.311871   library setup time
                                             20.311871   data required time
---------------------------------------------------------------------------------------------
                                             20.311871   data required time
                                            -18.537556   data arrival time
---------------------------------------------------------------------------------------------
                                              1.774314   slack (MET)




===========================================================================
report_checks --slack_max -0.01
============================================================================
======================= nom_ss_100C_1v60 Corner ===================================

No paths found.


===========================================================================
 report_check_types -max_slew -max_cap -max_fanout -violators
============================================================================
======================= nom_ss_100C_1v60 Corner ===================================

max slew

Pin                                        Limit        Slew       Slack
------------------------------------------------------------------------
_0818_/A                                0.750000    1.181775   -0.431775 (VIOLATED)
_0820_/A1                               0.750000    1.181775   -0.431775 (VIOLATED)
_0836_/A                                0.750000    1.181775   -0.431775 (VIOLATED)
_0837_/A                                0.750000    1.181775   -0.431775 (VIOLATED)
_0861_/A                                0.750000    1.181775   -0.431775 (VIOLATED)
_0863_/A1                               0.750000    1.181775   -0.431775 (VIOLATED)
_0874_/A                                0.750000    1.181775   -0.431775 (VIOLATED)
_0876_/A1                               0.750000    1.181775   -0.431775 (VIOLATED)
_0890_/A                                0.750000    1.181775   -0.431775 (VIOLATED)
_0892_/A1                               0.750000    1.181775   -0.431775 (VIOLATED)
fanout20/X                              0.750000    1.181775   -0.431775 (VIOLATED)
_0809_/A                                0.750000    1.162673   -0.412673 (VIOLATED)
_1076_/A1                               0.750000    1.162673   -0.412673 (VIOLATED)
_1113_/A1                               0.750000    1.162673   -0.412673 (VIOLATED)
_1139_/A                                0.750000    1.162673   -0.412673 (VIOLATED)
_1149_/A1                               0.750000    1.162673   -0.412673 (VIOLATED)
_1175_/A                                0.750000    1.162673   -0.412673 (VIOLATED)
_1183_/A                                0.750000    1.162673   -0.412673 (VIOLATED)
_1267_/A                                0.750000    1.162673   -0.412673 (VIOLATED)
_1291_/A                                0.750000    1.162673   -0.412673 (VIOLATED)
_1325_/A1                               0.750000    1.162673   -0.412673 (VIOLATED)
fanout52/X                              0.750000    1.162673   -0.412673 (VIOLATED)
_1321_/A2                               0.750000    1.146824   -0.396824 (VIOLATED)
_1320_/C                                0.750000    1.146823   -0.396823 (VIOLATED)
_1299_/B1                               0.750000    1.146822   -0.396822 (VIOLATED)
_1298_/D                                0.750000    1.146820   -0.396820 (VIOLATED)
_1267_/B                                0.750000    1.146810   -0.396810 (VIOLATED)
_1185_/C                                0.750000    1.146803   -0.396803 (VIOLATED)
_1057_/A_N                              0.750000    1.146484   -0.396484 (VIOLATED)
_1094_/B                                0.750000    1.146484   -0.396484 (VIOLATED)
_1095_/B                                0.750000    1.146484   -0.396484 (VIOLATED)
_1132_/B                                0.750000    1.146484   -0.396484 (VIOLATED)
fanout65/X                              0.750000    1.146484   -0.396484 (VIOLATED)
_1320_/D                                0.750000    1.133578   -0.383578 (VIOLATED)
_1321_/B1                               0.750000    1.133578   -0.383578 (VIOLATED)
_1339_/C                                0.750000    1.133579   -0.383579 (VIOLATED)
_1340_/A2                               0.750000    1.133577   -0.383577 (VIOLATED)
_1325_/A2                               0.750000    1.133572   -0.383572 (VIOLATED)
_1184_/B                                0.750000    1.133567   -0.383567 (VIOLATED)
_1266_/C                                0.750000    1.133566   -0.383566 (VIOLATED)
_1185_/D                                0.750000    1.133554   -0.383554 (VIOLATED)
_1093_/A_N                              0.750000    1.133532   -0.383532 (VIOLATED)
_1130_/B                                0.750000    1.133532   -0.383532 (VIOLATED)
fanout67/X                              0.750000    1.133532   -0.383532 (VIOLATED)
_1298_/C                                0.750000    1.091712   -0.341712 (VIOLATED)
_1299_/A2                               0.750000    1.091711   -0.341711 (VIOLATED)
_1275_/B1                               0.750000    1.091703   -0.341703 (VIOLATED)
_1273_/D                                0.750000    1.091702   -0.341702 (VIOLATED)
_1274_/D                                0.750000    1.091703   -0.341703 (VIOLATED)
_1183_/B                                0.750000    1.091694   -0.341694 (VIOLATED)
_1196_/A2                               0.750000    1.091693   -0.341693 (VIOLATED)
_1028_/A_N                              0.750000    1.091318   -0.341318 (VIOLATED)
_1058_/B                                0.750000    1.091318   -0.341318 (VIOLATED)
_1059_/B                                0.750000    1.091318   -0.341318 (VIOLATED)
fanout63/X                              0.750000    1.091318   -0.341318 (VIOLATED)
fanout21/A                              0.750000    1.071308   -0.321309 (VIOLATED)
_0946_/A                                0.750000    1.071308   -0.321308 (VIOLATED)
_0945_/A                                0.750000    1.071307   -0.321307 (VIOLATED)
_0939_/A                                0.750000    1.071306   -0.321306 (VIOLATED)
_0940_/A                                0.750000    1.071304   -0.321304 (VIOLATED)
_1010_/A                                0.750000    1.071303   -0.321304 (VIOLATED)
_1011_/A                                0.750000    1.071303   -0.321304 (VIOLATED)
_1043_/A                                0.750000    1.071303   -0.321304 (VIOLATED)
_1044_/A                                0.750000    1.071303   -0.321304 (VIOLATED)
fanout22/X                              0.750000    1.071303   -0.321304 (VIOLATED)
_1265_/B                                0.750000    1.056283   -0.306283 (VIOLATED)
_1291_/B                                0.750000    1.056282   -0.306282 (VIOLATED)
_1266_/D                                0.750000    1.056282   -0.306282 (VIOLATED)
_1325_/B1                               0.750000    1.056280   -0.306281 (VIOLATED)
_1340_/B1                               0.750000    1.056279   -0.306279 (VIOLATED)
_1339_/D                                0.750000    1.056278   -0.306278 (VIOLATED)
_1129_/A_N                              0.750000    1.056273   -0.306273 (VIOLATED)
_1171_/B                                0.750000    1.056273   -0.306273 (VIOLATED)
_1348_/C                                0.750000    1.056273   -0.306273 (VIOLATED)
_1474_/A2                               0.750000    1.056273   -0.306273 (VIOLATED)
fanout68/X                              0.750000    1.056273   -0.306273 (VIOLATED)
_0834_/B1                               0.750000    1.002818   -0.252818 (VIOLATED)
_1396_/B1                               0.750000    1.002818   -0.252818 (VIOLATED)
_0817_/B1                               0.750000    1.002812   -0.252812 (VIOLATED)
_0846_/B1                               0.750000    1.002806   -0.252806 (VIOLATED)
_0860_/B1                               0.750000    1.002800   -0.252800 (VIOLATED)
_0873_/B1                               0.750000    1.002791   -0.252791 (VIOLATED)
_0889_/B1                               0.750000    1.002782   -0.252782 (VIOLATED)
_0903_/B1                               0.750000    1.002770   -0.252770 (VIOLATED)
_0937_/B1                               0.750000    1.002734   -0.252734 (VIOLATED)
_0815_/A                                0.750000    1.002438   -0.252438 (VIOLATED)
fanout37/X                              0.750000    1.002438   -0.252438 (VIOLATED)
_0847_/A                                0.750000    0.917211   -0.167211 (VIOLATED)
fanout20/A                              0.750000    0.917211   -0.167211 (VIOLATED)
_0849_/A1                               0.750000    0.917210   -0.167210 (VIOLATED)
_0904_/A                                0.750000    0.917204   -0.167204 (VIOLATED)
_0906_/A1                               0.750000    0.917204   -0.167204 (VIOLATED)
_0960_/A                                0.750000    0.917204   -0.167204 (VIOLATED)
_0961_/A                                0.750000    0.917204   -0.167204 (VIOLATED)
fanout21/X                              0.750000    0.917204   -0.167204 (VIOLATED)
_0918_/A_N                              0.750000    0.913771   -0.163771 (VIOLATED)
_0996_/B                                0.750000    0.913771   -0.163771 (VIOLATED)
_0997_/B                                0.750000    0.913771   -0.163771 (VIOLATED)
_1033_/A2                               0.750000    0.913769   -0.163769 (VIOLATED)
_1031_/B                                0.750000    0.913767   -0.163767 (VIOLATED)
_1102_/B1                               0.750000    0.913760   -0.163760 (VIOLATED)
_1192_/C                                0.750000    0.913754   -0.163754 (VIOLATED)
_1193_/A2                               0.750000    0.913754   -0.163754 (VIOLATED)
_1197_/D                                0.750000    0.913754   -0.163754 (VIOLATED)
_1198_/B1                               0.750000    0.913754   -0.163754 (VIOLATED)
fanout60/X                              0.750000    0.913754   -0.163754 (VIOLATED)
_1313_/A                                0.750000    0.898962   -0.148962 (VIOLATED)
_1365_/A1                               0.750000    0.898961   -0.148961 (VIOLATED)
_0788_/A                                0.750000    0.898960   -0.148960 (VIOLATED)
_0918_/B                                0.750000    0.898960   -0.148960 (VIOLATED)
_0923_/B                                0.750000    0.898960   -0.148960 (VIOLATED)
_0995_/B                                0.750000    0.898960   -0.148960 (VIOLATED)
_1028_/B                                0.750000    0.898960   -0.148960 (VIOLATED)
_1057_/B                                0.750000    0.898960   -0.148960 (VIOLATED)
_1093_/B                                0.750000    0.898960   -0.148960 (VIOLATED)
_1129_/B                                0.750000    0.898960   -0.148960 (VIOLATED)
fanout43/X                              0.750000    0.898960   -0.148960 (VIOLATED)
_1339_/B                                0.750000    0.863726   -0.113726 (VIOLATED)
_1321_/A1                               0.750000    0.863725   -0.113725 (VIOLATED)
_1320_/B                                0.750000    0.863725   -0.113725 (VIOLATED)
_1340_/A1                               0.750000    0.863724   -0.113724 (VIOLATED)
_1298_/B                                0.750000    0.863723   -0.113723 (VIOLATED)
_1299_/A1                               0.750000    0.863722   -0.113722 (VIOLATED)
_1274_/B                                0.750000    0.863713   -0.113713 (VIOLATED)
_1275_/A1                               0.750000    0.863712   -0.113712 (VIOLATED)
_1273_/B                                0.750000    0.863709   -0.113709 (VIOLATED)
_1192_/B                                0.750000    0.863709   -0.113709 (VIOLATED)
fanout55/X                              0.750000    0.863709   -0.113709 (VIOLATED)
_1567_/B1                               0.750000    0.859758   -0.109758 (VIOLATED)
_1563_/A                                0.750000    0.859758   -0.109758 (VIOLATED)
_1627_/D                                0.750000    0.859757   -0.109757 (VIOLATED)
_1565_/A                                0.750000    0.859756   -0.109756 (VIOLATED)
_1564_/B                                0.750000    0.859754   -0.109754 (VIOLATED)
_1573_/B1                               0.750000    0.859751   -0.109751 (VIOLATED)
_1570_/C1                               0.750000    0.859749   -0.109749 (VIOLATED)
_0791_/A                                0.750000    0.859743   -0.109743 (VIOLATED)
_0803_/A                                0.750000    0.859738   -0.109738 (VIOLATED)
fanout41/A                              0.750000    0.859707   -0.109707 (VIOLATED)
fanout42/X                              0.750000    0.859707   -0.109707 (VIOLATED)
_1339_/A                                0.750000    0.852530   -0.102530 (VIOLATED)
_1321_/B2                               0.750000    0.852529   -0.102529 (VIOLATED)
_1340_/B2                               0.750000    0.852528   -0.102528 (VIOLATED)
_1320_/A                                0.750000    0.852528   -0.102528 (VIOLATED)
_1298_/A                                0.750000    0.852527   -0.102527 (VIOLATED)
_1299_/B2                               0.750000    0.852527   -0.102527 (VIOLATED)
_1192_/A                                0.750000    0.852521   -0.102521 (VIOLATED)
_1273_/A                                0.750000    0.852521   -0.102521 (VIOLATED)
_1274_/A                                0.750000    0.852521   -0.102521 (VIOLATED)
_1275_/B2                               0.750000    0.852521   -0.102521 (VIOLATED)
fanout53/X                              0.750000    0.852521   -0.102521 (VIOLATED)
_1184_/A                                0.750000    0.823706   -0.073706 (VIOLATED)
_1266_/B                                0.750000    0.823705   -0.073705 (VIOLATED)
_1325_/B2                               0.750000    0.823705   -0.073705 (VIOLATED)
_1185_/B                                0.750000    0.823705   -0.073705 (VIOLATED)
_1186_/A1                               0.750000    0.823705   -0.073705 (VIOLATED)
_1463_/A                                0.750000    0.823705   -0.073705 (VIOLATED)
fanout50/A                              0.750000    0.823705   -0.073705 (VIOLATED)
fanout51/X                              0.750000    0.823705   -0.073705 (VIOLATED)
_1348_/B                                0.750000    0.814484   -0.064484 (VIOLATED)
_1474_/A1                               0.750000    0.814483   -0.064483 (VIOLATED)
_1193_/A1                               0.750000    0.814480   -0.064480 (VIOLATED)
fanout55/A                              0.750000    0.814480   -0.064480 (VIOLATED)
_0813_/B                                0.750000    0.814477   -0.064477 (VIOLATED)
_0814_/A2                               0.750000    0.814477   -0.064477 (VIOLATED)
_1197_/B                                0.750000    0.814477   -0.064477 (VIOLATED)
_1198_/A1                               0.750000    0.814477   -0.064477 (VIOLATED)
_1220_/B                                0.750000    0.814477   -0.064477 (VIOLATED)
_1221_/A1                               0.750000    0.814477   -0.064477 (VIOLATED)
fanout56/X                              0.750000    0.814477   -0.064477 (VIOLATED)
_0919_/B                                0.750000    0.793115   -0.043115 (VIOLATED)
_1000_/A2                               0.750000    0.793115   -0.043115 (VIOLATED)
_0920_/B                                0.750000    0.793114   -0.043114 (VIOLATED)
_0998_/B                                0.750000    0.793114   -0.043114 (VIOLATED)
_0923_/A_N                              0.750000    0.793112   -0.043112 (VIOLATED)
_1066_/B                                0.750000    0.793109   -0.043109 (VIOLATED)
_1102_/A2                               0.750000    0.793109   -0.043109 (VIOLATED)
_0789_/A                                0.750000    0.793108   -0.043108 (VIOLATED)
_1139_/B                                0.750000    0.793108   -0.043108 (VIOLATED)
_1149_/A2                               0.750000    0.793108   -0.043108 (VIOLATED)
fanout59/X                              0.750000    0.793108   -0.043108 (VIOLATED)
_1536_/A2                               0.750000    0.786770   -0.036770 (VIOLATED)
_1540_/A2                               0.750000    0.786769   -0.036769 (VIOLATED)
_1533_/A2                               0.750000    0.786768   -0.036768 (VIOLATED)
fanout27/A                              0.750000    0.786767   -0.036767 (VIOLATED)
_1499_/A2                               0.750000    0.786763   -0.036763 (VIOLATED)
_0803_/B                                0.750000    0.786761   -0.036761 (VIOLATED)
_1486_/A2                               0.750000    0.786761   -0.036761 (VIOLATED)
_1489_/A2                               0.750000    0.786761   -0.036761 (VIOLATED)
_1493_/A2                               0.750000    0.786761   -0.036761 (VIOLATED)
_1496_/A2                               0.750000    0.786761   -0.036761 (VIOLATED)
fanout28/X                              0.750000    0.786761   -0.036761 (VIOLATED)
_0827_/A                                0.750000    0.781410   -0.031410 (VIOLATED)
_0826_/A                                0.750000    0.781409   -0.031409 (VIOLATED)
_1000_/A1                               0.750000    0.781409   -0.031409 (VIOLATED)
_0998_/A                                0.750000    0.781408   -0.031408 (VIOLATED)
_1033_/A1                               0.750000    0.781407   -0.031407 (VIOLATED)
_1031_/A                                0.750000    0.781406   -0.031406 (VIOLATED)
_1060_/A                                0.750000    0.781406   -0.031406 (VIOLATED)
_1062_/A1                               0.750000    0.781406   -0.031406 (VIOLATED)
_1096_/A                                0.750000    0.781406   -0.031406 (VIOLATED)
_1098_/A1                               0.750000    0.781406   -0.031406 (VIOLATED)
fanout46/X                              0.750000    0.781406   -0.031406 (VIOLATED)
_1275_/A2                               0.750000    0.776497   -0.026497 (VIOLATED)
_1274_/C                                0.750000    0.776496   -0.026496 (VIOLATED)
_1273_/C                                0.750000    0.776496   -0.026496 (VIOLATED)
_1192_/D                                0.750000    0.776496   -0.026496 (VIOLATED)
_1193_/B1                               0.750000    0.776496   -0.026496 (VIOLATED)
_1448_/A1                               0.750000    0.776496   -0.026496 (VIOLATED)
fanout61/A                              0.750000    0.776496   -0.026496 (VIOLATED)
fanout62/X                              0.750000    0.776496   -0.026496 (VIOLATED)
_1029_/B                                0.750000    0.765566   -0.015566 (VIOLATED)
_0995_/A_N                              0.750000    0.765566   -0.015566 (VIOLATED)
_1030_/B                                0.750000    0.765566   -0.015566 (VIOLATED)
_1060_/B                                0.750000    0.765566   -0.015566 (VIOLATED)
_1062_/A2                               0.750000    0.765566   -0.015566 (VIOLATED)
_1140_/D                                0.750000    0.765566   -0.015566 (VIOLATED)
_1141_/B                                0.750000    0.765566   -0.015566 (VIOLATED)
_1175_/B                                0.750000    0.765566   -0.015566 (VIOLATED)
_1210_/C                                0.750000    0.765566   -0.015566 (VIOLATED)
_1211_/A2                               0.750000    0.765566   -0.015566 (VIOLATED)
fanout61/X                              0.750000    0.765566   -0.015566 (VIOLATED)
_0825_/A                                0.750000    0.764082   -0.014082 (VIOLATED)
_0931_/A                                0.750000    0.764082   -0.014082 (VIOLATED)
_0920_/A                                0.750000    0.764080   -0.014080 (VIOLATED)
_0919_/A                                0.750000    0.764080   -0.014080 (VIOLATED)
_0996_/A                                0.750000    0.764079   -0.014079 (VIOLATED)
_0997_/A                                0.750000    0.764079   -0.014079 (VIOLATED)
_1029_/A                                0.750000    0.764079   -0.014079 (VIOLATED)
_1030_/A                                0.750000    0.764079   -0.014079 (VIOLATED)
_1058_/A                                0.750000    0.764079   -0.014079 (VIOLATED)
_1059_/A                                0.750000    0.764079   -0.014079 (VIOLATED)
fanout44/X                              0.750000    0.764079   -0.014079 (VIOLATED)



===========================================================================
report_parasitic_annotation -report_unannotated
============================================================================
Found 20 unannotated drivers.
 ena
 uio_in[4]
 uio_in[5]
 uio_in[6]
 uio_in[7]
 clkload0/X
 tt_um_arnav_mac8/HI
 tt_um_arnav_mac8_69/HI
 tt_um_arnav_mac8_70/HI
 tt_um_arnav_mac8_71/HI
 tt_um_arnav_mac8_72/HI
 tt_um_arnav_mac8_73/HI
 tt_um_arnav_mac8_74/HI
 tt_um_arnav_mac8_75/HI
 tt_um_arnav_mac8_76/HI
 tt_um_arnav_mac8_77/HI
 tt_um_arnav_mac8_78/LO
 tt_um_arnav_mac8_79/LO
 tt_um_arnav_mac8_80/LO
 tt_um_arnav_mac8_81/LO
Found 0 partially unannotated drivers.

===========================================================================
max slew violation count 232
max fanout violation count 0
max cap violation count 0
============================================================================

===========================================================================
check_setup -verbose -unconstrained_endpoints -multiple_clock -no_clock -no_input_delay -loops -generated_clocks
===========================================================================
