
===========================================================================
report_checks -unconstrained
===========================================================================
======================= max_ss_100C_1v60 Corner ===================================

Startpoint: _1606_ (rising edge-triggered flip-flop clocked by clk)
Endpoint: _1627_ (rising edge-triggered flip-flop clocked by clk)
Path Group: clk
Path Type: max

Fanout         Cap        Slew       Delay        Time   Description
---------------------------------------------------------------------------------------------
                                  0.000000    0.000000   clock clk (rise edge)
                                  0.000000    0.000000   clock source latency
     1    0.024304    0.180074    0.124065    0.124065 ^ clk (in)
                                                         clk (net)
                      0.180094    0.000000    0.124065 ^ clkbuf_0_clk/A (sky130_fd_sc_hd__clkbuf_16)
     8    0.089064    0.161400    0.350858    0.474923 ^ clkbuf_0_clk/X (sky130_fd_sc_hd__clkbuf_16)
                                                         clknet_0_clk (net)
                      0.162142    0.008082    0.483005 ^ clkbuf_3_5__f_clk/A (sky130_fd_sc_hd__clkbuf_16)
     9    0.029852    0.080331    0.276773    0.759778 ^ clkbuf_3_5__f_clk/X (sky130_fd_sc_hd__clkbuf_16)
                                                         clknet_3_5__leaf_clk (net)
                      0.080402    0.002169    0.761946 ^ _1606_/CLK (sky130_fd_sc_hd__dfxtp_2)
     1    0.003279    0.041028    0.601436    1.363382 v _1606_/Q (sky130_fd_sc_hd__dfxtp_2)
                                                         u_dp.b_q[3] (net)
                      0.041028    0.000210    1.363592 v fanout51/A (sky130_fd_sc_hd__clkdlybuf4s25_1)
     7    0.055915    0.743881    0.955688    2.319280 v fanout51/X (sky130_fd_sc_hd__clkdlybuf4s25_1)
                                                         net51 (net)
                      0.743923    0.005979    2.325259 v fanout50/A (sky130_fd_sc_hd__clkdlybuf4s25_1)
    10    0.053696    0.715608    1.182695    3.507954 v fanout50/X (sky130_fd_sc_hd__clkdlybuf4s25_1)
                                                         net50 (net)
                      0.715608    0.001930    3.509883 v _0815_/B (sky130_fd_sc_hd__and3_2)
     3    0.010298    0.104545    0.772681    4.282564 v _0815_/X (sky130_fd_sc_hd__and3_2)
                                                         _0081_ (net)
                      0.104545    0.000777    4.283341 v _0818_/A (sky130_fd_sc_hd__or3_2)
     2    0.003688    0.166964    1.115153    5.398495 v _0818_/X (sky130_fd_sc_hd__or3_2)
                                                         _0084_ (net)
                      0.166964    0.000128    5.398623 v _0819_/B (sky130_fd_sc_hd__and2b_2)
     2    0.022074    0.147765    0.550070    5.948693 v _0819_/X (sky130_fd_sc_hd__and2b_2)
                                                         _0085_ (net)
                      0.147784    0.001824    5.950517 v fanout28/A (sky130_fd_sc_hd__clkdlybuf4s25_1)
    10    0.073099    0.967316    1.166806    7.117322 v fanout28/X (sky130_fd_sc_hd__clkdlybuf4s25_1)
                                                         net28 (net)
                      0.967408    0.009553    7.126875 v fanout27/A (sky130_fd_sc_hd__clkdlybuf4s25_1)
     5    0.033168    0.451250    1.032205    8.159081 v fanout27/X (sky130_fd_sc_hd__clkdlybuf4s25_1)
                                                         net27 (net)
                      0.451264    0.002975    8.162055 v fanout26/A (sky130_fd_sc_hd__clkdlybuf4s25_1)
    10    0.071404    0.945937    1.266162    9.428218 v fanout26/X (sky130_fd_sc_hd__clkdlybuf4s25_1)
                                                         net26 (net)
                      0.945957    0.005304    9.433522 v _0883_/A (sky130_fd_sc_hd__xor2_2)
     2    0.006226    0.202535    0.609241   10.042763 v _0883_/X (sky130_fd_sc_hd__xor2_2)
                                                         _0149_ (net)
                      0.202535    0.000369   10.043131 v _0886_/B (sky130_fd_sc_hd__or2_2)
     1    0.002569    0.108859    0.662494   10.705626 v _0886_/X (sky130_fd_sc_hd__or2_2)
                                                         _0152_ (net)
                      0.108859    0.000188   10.705813 v _0887_/B (sky130_fd_sc_hd__and2_2)
     3    0.019694    0.138085    0.501933   11.207747 v _0887_/X (sky130_fd_sc_hd__and2_2)
                                                         _0153_ (net)
                      0.138101    0.001459   11.209206 v _0888_/B (sky130_fd_sc_hd__nor2_2)
     2    0.014954    0.339969    0.297779   11.506984 ^ _0888_/Y (sky130_fd_sc_hd__nor2_2)
                                                         _0154_ (net)
                      0.339969    0.000226   11.507211 ^ _0889_/B (sky130_fd_sc_hd__xor2_2)
     2    0.014438    0.330255    0.439462   11.946672 ^ _0889_/X (sky130_fd_sc_hd__xor2_2)
                                                         _0155_ (net)
                      0.330255    0.000925   11.947598 ^ _1394_/B (sky130_fd_sc_hd__xnor2_2)
     2    0.007752    0.238793    0.304286   12.251884 ^ _1394_/Y (sky130_fd_sc_hd__xnor2_2)
                                                         _0660_ (net)
                      0.238794    0.000494   12.252378 ^ _1396_/A (sky130_fd_sc_hd__or2_2)
     4    0.019136    0.167668    0.349289   12.601665 ^ _1396_/X (sky130_fd_sc_hd__or2_2)
                                                         _0662_ (net)
                      0.167668    0.000511   12.602177 ^ _1398_/C_N (sky130_fd_sc_hd__or4bb_2)
     3    0.008441    0.247706    1.530170   14.132346 v _1398_/X (sky130_fd_sc_hd__or4bb_2)
                                                         _0664_ (net)
                      0.247706    0.000500   14.132847 v _1400_/A (sky130_fd_sc_hd__and2_2)
     4    0.012247    0.109799    0.486818   14.619664 v _1400_/X (sky130_fd_sc_hd__and2_2)
                                                         _0666_ (net)
                      0.109802    0.000745   14.620409 v _1406_/A2 (sky130_fd_sc_hd__a31o_2)
     4    0.017029    0.124913    0.514812   15.135221 v _1406_/X (sky130_fd_sc_hd__a31o_2)
                                                         _0672_ (net)
                      0.124918    0.000920   15.136142 v _1408_/C (sky130_fd_sc_hd__and3_2)
     1    0.004172    0.078010    0.466535   15.602677 v _1408_/X (sky130_fd_sc_hd__and3_2)
                                                         _0674_ (net)
                      0.078010    0.000309   15.602986 v _1418_/C1 (sky130_fd_sc_hd__a211o_2)
     4    0.019821    0.162683    0.623020   16.226006 v _1418_/X (sky130_fd_sc_hd__a211o_2)
                                                         _0684_ (net)
                      0.162684    0.000727   16.226732 v _1421_/A (sky130_fd_sc_hd__or2_2)
     1    0.005005    0.123888    0.718856   16.945589 v _1421_/X (sky130_fd_sc_hd__or2_2)
                                                         _0687_ (net)
                      0.123888    0.000369   16.945957 v fanout18/A (sky130_fd_sc_hd__clkdlybuf4s25_1)
     5    0.027701    0.381001    0.728736   17.674694 v fanout18/X (sky130_fd_sc_hd__clkdlybuf4s25_1)
                                                         net18 (net)
                      0.381007    0.002071   17.676765 v fanout17/A (sky130_fd_sc_hd__clkdlybuf4s25_1)
    10    0.044697    0.598953    0.989610   18.666376 v fanout17/X (sky130_fd_sc_hd__clkdlybuf4s25_1)
                                                         net17 (net)
                      0.598955    0.002341   18.668716 v _1546_/A2 (sky130_fd_sc_hd__a31o_2)
     1    0.002937    0.062789    0.639028   19.307745 v _1546_/X (sky130_fd_sc_hd__a31o_2)
                                                         _0771_ (net)
                      0.062789    0.000199   19.307943 v _1547_/B1 (sky130_fd_sc_hd__o211a_2)
     1    0.002080    0.066289    0.226992   19.534937 v _1547_/X (sky130_fd_sc_hd__o211a_2)
                                                         _0044_ (net)
                      0.066289    0.000140   19.535076 v _1627_/D (sky130_fd_sc_hd__dfxtp_2)
                                             19.535076   data arrival time

                                 20.000000   20.000000   clock clk (rise edge)
                                  0.000000   20.000000   clock source latency
     1    0.024304    0.180074    0.124064   20.124065 ^ clk (in)
                                                         clk (net)
                      0.180094    0.000000   20.124065 ^ clkbuf_0_clk/A (sky130_fd_sc_hd__clkbuf_16)
     8    0.089064    0.161400    0.350859   20.474924 ^ clkbuf_0_clk/X (sky130_fd_sc_hd__clkbuf_16)
                                                         clknet_0_clk (net)
                      0.161696    0.004501   20.479425 ^ clkbuf_3_1__f_clk/A (sky130_fd_sc_hd__clkbuf_16)
     9    0.028456    0.078632    0.274458   20.753883 ^ clkbuf_3_1__f_clk/X (sky130_fd_sc_hd__clkbuf_16)
                                                         clknet_3_1__leaf_clk (net)
                      0.078837    0.003370   20.757252 ^ _1627_/CLK (sky130_fd_sc_hd__dfxtp_2)
                                 -0.250000   20.507254   clock uncertainty
                                  0.000000   20.507254   clock reconvergence pessimism
                                 -0.270450   20.236803   library setup time
                                             20.236803   data required time
---------------------------------------------------------------------------------------------
                                             20.236803   data required time
                                            -19.535076   data arrival time
---------------------------------------------------------------------------------------------
                                              0.701727   slack (MET)




===========================================================================
report_checks --slack_max -0.01
============================================================================
======================= max_ss_100C_1v60 Corner ===================================

No paths found.


===========================================================================
 report_check_types -max_slew -max_cap -max_fanout -violators
============================================================================
======================= max_ss_100C_1v60 Corner ===================================

max slew

Pin                                        Limit        Slew       Slack
------------------------------------------------------------------------
fanout27/A                              0.750000    1.224526   -0.474526 (VIOLATED)
_1330_/A                                0.750000    1.224524   -0.474524 (VIOLATED)
_0977_/A                                0.750000    1.224517   -0.474517 (VIOLATED)
_0978_/A                                0.750000    1.224501   -0.474501 (VIOLATED)
_0964_/A                                0.750000    1.224492   -0.474492 (VIOLATED)
_0963_/A                                0.750000    1.224491   -0.474491 (VIOLATED)
_0943_/A                                0.750000    1.224464   -0.474464 (VIOLATED)
_0942_/A                                0.750000    1.224128   -0.474128 (VIOLATED)
_0924_/A                                0.750000    1.224115   -0.474115 (VIOLATED)
_0925_/A                                0.750000    1.224115   -0.474115 (VIOLATED)
fanout28/X                              0.750000    1.224115   -0.474115 (VIOLATED)
_1272_/C                                0.750000    1.217108   -0.467108 (VIOLATED)
_1251_/B1                               0.750000    1.217104   -0.467104 (VIOLATED)
_1273_/A2                               0.750000    1.217104   -0.467104 (VIOLATED)
_1250_/D                                0.750000    1.217094   -0.467094 (VIOLATED)
_1220_/B                                0.750000    1.217049   -0.467049 (VIOLATED)
_1189_/C                                0.750000    1.216891   -0.466891 (VIOLATED)
_1070_/B                                0.750000    1.216843   -0.466843 (VIOLATED)
_1030_/B                                0.750000    1.216808   -0.466808 (VIOLATED)
_0992_/A_N                              0.750000    1.216794   -0.466794 (VIOLATED)
_1031_/B                                0.750000    1.216794   -0.466794 (VIOLATED)
fanout65/X                              0.750000    1.216791   -0.466791 (VIOLATED)
_1364_/A                                0.750000    1.209679   -0.459679 (VIOLATED)
_1365_/A                                0.750000    1.209679   -0.459679 (VIOLATED)
_0883_/A                                0.750000    1.209678   -0.459678 (VIOLATED)
_0885_/A1                               0.750000    1.209672   -0.459672 (VIOLATED)
_0870_/A                                0.750000    1.209670   -0.459670 (VIOLATED)
_0872_/A1                               0.750000    1.209668   -0.459668 (VIOLATED)
_0855_/A                                0.750000    1.209666   -0.459666 (VIOLATED)
_0857_/A1                               0.750000    1.209666   -0.459666 (VIOLATED)
_0825_/A                                0.750000    1.209665   -0.459665 (VIOLATED)
_0827_/A1                               0.750000    1.209665   -0.459665 (VIOLATED)
fanout26/X                              0.750000    1.209665   -0.459665 (VIOLATED)
_1219_/D                                0.750000    1.183742   -0.433742 (VIOLATED)
_1218_/B                                0.750000    1.183741   -0.433741 (VIOLATED)
_1277_/B1                               0.750000    1.183730   -0.433730 (VIOLATED)
_1243_/B                                0.750000    1.183728   -0.433728 (VIOLATED)
_1291_/D                                0.750000    1.183710   -0.433710 (VIOLATED)
_1292_/B1                               0.750000    1.183702   -0.433702 (VIOLATED)
_1487_/A2                               0.750000    1.183661   -0.433661 (VIOLATED)
_1301_/C                                0.750000    1.183656   -0.433656 (VIOLATED)
_1112_/B                                0.750000    1.183513   -0.433513 (VIOLATED)
_1067_/A_N                              0.750000    1.183488   -0.433488 (VIOLATED)
fanout68/X                              0.750000    1.183176   -0.433176 (VIOLATED)
_1243_/A                                0.750000    1.176110   -0.426110 (VIOLATED)
_1220_/A                                0.750000    1.176109   -0.426109 (VIOLATED)
_1277_/A1                               0.750000    1.176109   -0.426109 (VIOLATED)
_1153_/A                                0.750000    1.176103   -0.426103 (VIOLATED)
_1117_/A                                0.750000    1.176087   -0.426087 (VIOLATED)
_0816_/A                                0.750000    1.176077   -0.426077 (VIOLATED)
_1011_/A1                               0.750000    1.176077   -0.426077 (VIOLATED)
_1050_/A1                               0.750000    1.176077   -0.426077 (VIOLATED)
_1077_/A                                0.750000    1.176077   -0.426077 (VIOLATED)
_1087_/A1                               0.750000    1.176077   -0.426077 (VIOLATED)
fanout52/X                              0.750000    1.176077   -0.426077 (VIOLATED)
_1348_/B1                               0.750000    1.061104   -0.311104 (VIOLATED)
_1362_/B1                               0.750000    1.061101   -0.311101 (VIOLATED)
_0882_/B1                               0.750000    1.061100   -0.311100 (VIOLATED)
_0869_/B1                               0.750000    1.061094   -0.311094 (VIOLATED)
_0854_/B1                               0.750000    1.061091   -0.311091 (VIOLATED)
_0824_/B1                               0.750000    1.061088   -0.311088 (VIOLATED)
_0839_/B1                               0.750000    1.061075   -0.311075 (VIOLATED)
_0922_/B1                               0.750000    1.061073   -0.311073 (VIOLATED)
_1410_/B1                               0.750000    1.061072   -0.311072 (VIOLATED)
_0822_/A                                0.750000    1.061068   -0.311068 (VIOLATED)
fanout38/X                              0.750000    1.061065   -0.311065 (VIOLATED)
_1272_/D                                0.750000    1.049815   -0.299815 (VIOLATED)
_1291_/C                                0.750000    1.049815   -0.299815 (VIOLATED)
_1273_/B1                               0.750000    1.049813   -0.299813 (VIOLATED)
_1292_/A2                               0.750000    1.049813   -0.299813 (VIOLATED)
_1188_/B                                0.750000    1.049812   -0.299812 (VIOLATED)
_1219_/C                                0.750000    1.049811   -0.299811 (VIOLATED)
_1277_/A2                               0.750000    1.049810   -0.299810 (VIOLATED)
_1029_/A_N                              0.750000    1.049805   -0.299805 (VIOLATED)
_1068_/B                                0.750000    1.049805   -0.299805 (VIOLATED)
_1069_/B                                0.750000    1.049805   -0.299805 (VIOLATED)
fanout67/X                              0.750000    1.049805   -0.299805 (VIOLATED)
_0845_/A                                0.750000    1.005952   -0.255952 (VIOLATED)
_1409_/S                                0.750000    1.005947   -0.255947 (VIOLATED)
_0838_/A_N                              0.750000    1.005937   -0.255937 (VIOLATED)
_0861_/A                                0.750000    1.005931   -0.255931 (VIOLATED)
_0864_/A1                               0.750000    1.005930   -0.255930 (VIOLATED)
_0875_/A                                0.750000    1.005926   -0.255926 (VIOLATED)
_0888_/A                                0.750000    1.005909   -0.255909 (VIOLATED)
_1374_/A                                0.750000    1.005904   -0.255904 (VIOLATED)
_1334_/A                                0.750000    1.005890   -0.255890 (VIOLATED)
_1335_/A                                0.750000    1.005890   -0.255890 (VIOLATED)
fanout19/X                              0.750000    1.005890   -0.255890 (VIOLATED)
_1251_/A2                               0.750000    0.977295   -0.227295 (VIOLATED)
_1250_/C                                0.750000    0.977293   -0.227294 (VIOLATED)
_1228_/B1                               0.750000    0.977278   -0.227278 (VIOLATED)
_1227_/D                                0.750000    0.977271   -0.227271 (VIOLATED)
_1226_/D                                0.750000    0.977246   -0.227246 (VIOLATED)
_1199_/A2                               0.750000    0.976953   -0.226953 (VIOLATED)
fanout63/A                              0.750000    0.976942   -0.226942 (VIOLATED)
_1458_/A                                0.750000    0.976939   -0.226939 (VIOLATED)
fanout64/X                              0.750000    0.976939   -0.226939 (VIOLATED)
_0913_/B                                0.750000    0.968219   -0.218219 (VIOLATED)
_0911_/A2                               0.750000    0.968217   -0.218217 (VIOLATED)
_0914_/B                                0.750000    0.968215   -0.218215 (VIOLATED)
_0931_/A_N                              0.750000    0.968214   -0.218214 (VIOLATED)
_1164_/C                                0.750000    0.968213   -0.218213 (VIOLATED)
_0902_/B                                0.750000    0.968213   -0.218213 (VIOLATED)
_1165_/A2                               0.750000    0.968212   -0.218212 (VIOLATED)
_1129_/B1                               0.750000    0.968208   -0.218208 (VIOLATED)
_1128_/D                                0.750000    0.968207   -0.218207 (VIOLATED)
_0794_/A                                0.750000    0.968200   -0.218200 (VIOLATED)
fanout59/X                              0.750000    0.968200   -0.218200 (VIOLATED)
fanout55/A                              0.750000    0.960798   -0.210798 (VIOLATED)
_1195_/B                                0.750000    0.960794   -0.210794 (VIOLATED)
_1196_/A1                               0.750000    0.960792   -0.210792 (VIOLATED)
_1164_/B                                0.750000    0.960786   -0.210786 (VIOLATED)
_1165_/A1                               0.750000    0.960780   -0.210780 (VIOLATED)
_1487_/A1                               0.750000    0.960777   -0.210777 (VIOLATED)
_0821_/A2                               0.750000    0.960771   -0.210771 (VIOLATED)
_0820_/B                                0.750000    0.960770   -0.210770 (VIOLATED)
_1129_/A1                               0.750000    0.960770   -0.210770 (VIOLATED)
_1128_/B                                0.750000    0.960764   -0.210764 (VIOLATED)
fanout56/X                              0.750000    0.960764   -0.210764 (VIOLATED)
_1291_/A                                0.750000    0.954177   -0.204177 (VIOLATED)
_1272_/A                                0.750000    0.954168   -0.204168 (VIOLATED)
_1292_/B2                               0.750000    0.954168   -0.204168 (VIOLATED)
_1273_/B2                               0.750000    0.954160   -0.204160 (VIOLATED)
_1250_/A                                0.750000    0.954158   -0.204158 (VIOLATED)
_1251_/B2                               0.750000    0.954156   -0.204156 (VIOLATED)
_1226_/A                                0.750000    0.954143   -0.204143 (VIOLATED)
_1227_/A                                0.750000    0.954138   -0.204138 (VIOLATED)
_1228_/B2                               0.750000    0.954135   -0.204135 (VIOLATED)
_0820_/A                                0.750000    0.953735   -0.203735 (VIOLATED)
fanout53/X                              0.750000    0.953735   -0.203735 (VIOLATED)
_1572_/A                                0.750000    0.935383   -0.185383 (VIOLATED)
_1573_/B                                0.750000    0.935383   -0.185383 (VIOLATED)
_1576_/B1                               0.750000    0.935383   -0.185383 (VIOLATED)
_1574_/A                                0.750000    0.935383   -0.185383 (VIOLATED)
_1638_/D                                0.750000    0.935379   -0.185379 (VIOLATED)
_1579_/C1                               0.750000    0.935374   -0.185374 (VIOLATED)
_1582_/B1                               0.750000    0.935369   -0.185369 (VIOLATED)
_0796_/A                                0.750000    0.935358   -0.185358 (VIOLATED)
_0806_/A1                               0.750000    0.935351   -0.185351 (VIOLATED)
fanout42/A                              0.750000    0.935330   -0.185330 (VIOLATED)
fanout43/X                              0.750000    0.935329   -0.185329 (VIOLATED)
_1196_/A2                               0.750000    0.932086   -0.182086 (VIOLATED)
_1195_/C                                0.750000    0.932085   -0.182085 (VIOLATED)
_1164_/D                                0.750000    0.932077   -0.182077 (VIOLATED)
_1165_/B1                               0.750000    0.932071   -0.182071 (VIOLATED)
_1038_/B1                               0.750000    0.932035   -0.182035 (VIOLATED)
_0899_/B                                0.750000    0.932033   -0.182033 (VIOLATED)
_0901_/A2                               0.750000    0.932033   -0.182033 (VIOLATED)
_0904_/B                                0.750000    0.932033   -0.182033 (VIOLATED)
_0905_/B                                0.750000    0.932033   -0.182033 (VIOLATED)
_0912_/A_N                              0.750000    0.932033   -0.182033 (VIOLATED)
fanout60/X                              0.750000    0.932033   -0.182033 (VIOLATED)
_1188_/A                                0.750000    0.908334   -0.158334 (VIOLATED)
_1219_/B                                0.750000    0.908332   -0.158332 (VIOLATED)
_1277_/B2                               0.750000    0.908327   -0.158327 (VIOLATED)
fanout50/A                              0.750000    0.908327   -0.158327 (VIOLATED)
_1118_/B                                0.750000    0.908322   -0.158322 (VIOLATED)
_1119_/A1                               0.750000    0.908315   -0.158315 (VIOLATED)
_1476_/A                                0.750000    0.908298   -0.158298 (VIOLATED)
fanout51/X                              0.750000    0.908297   -0.158297 (VIOLATED)
_1187_/B                                0.750000    0.896462   -0.146462 (VIOLATED)
_1155_/A2                               0.750000    0.896451   -0.146451 (VIOLATED)
_1154_/C                                0.750000    0.896434   -0.146434 (VIOLATED)
_1118_/D                                0.750000    0.896421   -0.146421 (VIOLATED)
_1119_/B1                               0.750000    0.896420   -0.146420 (VIOLATED)
_1032_/B                                0.750000    0.896380   -0.146380 (VIOLATED)
_1034_/A2                               0.750000    0.896366   -0.146366 (VIOLATED)
_0896_/A_N                              0.750000    0.896364   -0.146364 (VIOLATED)
_0993_/B                                0.750000    0.896364   -0.146364 (VIOLATED)
_0994_/B                                0.750000    0.896364   -0.146364 (VIOLATED)
fanout63/X                              0.750000    0.896364   -0.146364 (VIOLATED)
_1189_/B                                0.750000    0.885465   -0.135465 (VIOLATED)
_1190_/A1                               0.750000    0.885465   -0.135465 (VIOLATED)
_1155_/A1                               0.750000    0.885461   -0.135461 (VIOLATED)
_1154_/B                                0.750000    0.885460   -0.135460 (VIOLATED)
_0814_/A                                0.750000    0.885445   -0.135445 (VIOLATED)
_0815_/B                                0.750000    0.885445   -0.135445 (VIOLATED)
_0817_/A2                               0.750000    0.885445   -0.135445 (VIOLATED)
_1038_/A1                               0.750000    0.885445   -0.135445 (VIOLATED)
_1039_/A                                0.750000    0.885445   -0.135445 (VIOLATED)
_1078_/B                                0.750000    0.885445   -0.135445 (VIOLATED)
fanout50/X                              0.750000    0.885445   -0.135445 (VIOLATED)
_1190_/B2                               0.750000    0.880346   -0.130347 (VIOLATED)
_1189_/A                                0.750000    0.880340   -0.130340 (VIOLATED)
_1155_/B2                               0.750000    0.880332   -0.130332 (VIOLATED)
_1118_/A                                0.750000    0.880323   -0.130323 (VIOLATED)
_0817_/A1                               0.750000    0.880314   -0.130314 (VIOLATED)
_1079_/A                                0.750000    0.880314   -0.130314 (VIOLATED)
_0815_/A                                0.750000    0.880313   -0.130313 (VIOLATED)
_1001_/A                                0.750000    0.880312   -0.130312 (VIOLATED)
_1038_/B2                               0.750000    0.880312   -0.130312 (VIOLATED)
_1078_/A                                0.750000    0.880311   -0.130311 (VIOLATED)
fanout48/X                              0.750000    0.880311   -0.130311 (VIOLATED)
_1251_/A1                               0.750000    0.869479   -0.119479 (VIOLATED)
_1250_/B                                0.750000    0.869478   -0.119478 (VIOLATED)
_1273_/A1                               0.750000    0.869477   -0.119477 (VIOLATED)
_1272_/B                                0.750000    0.869473   -0.119473 (VIOLATED)
_1291_/B                                0.750000    0.869472   -0.119472 (VIOLATED)
_1292_/A1                               0.750000    0.869463   -0.119463 (VIOLATED)
_1301_/B                                0.750000    0.869452   -0.119452 (VIOLATED)
_1227_/B                                0.750000    0.869445   -0.119445 (VIOLATED)
_1226_/B                                0.750000    0.869445   -0.119445 (VIOLATED)
_1228_/A1                               0.750000    0.869445   -0.119445 (VIOLATED)
fanout55/X                              0.750000    0.869445   -0.119445 (VIOLATED)
_1153_/B                                0.750000    0.833883   -0.083883 (VIOLATED)
_1118_/C                                0.750000    0.833876   -0.083876 (VIOLATED)
_1119_/A2                               0.750000    0.833876   -0.083876 (VIOLATED)
_1079_/B                                0.750000    0.833861   -0.083861 (VIOLATED)
_1078_/D                                0.750000    0.833850   -0.083850 (VIOLATED)
_0897_/B                                0.750000    0.833838   -0.083838 (VIOLATED)
_0903_/A_N                              0.750000    0.833834   -0.083834 (VIOLATED)
_0898_/B                                0.750000    0.833832   -0.083832 (VIOLATED)
_0997_/A2                               0.750000    0.833824   -0.083824 (VIOLATED)
_0995_/B                                0.750000    0.833822   -0.083822 (VIOLATED)
fanout61/X                              0.750000    0.833822   -0.083822 (VIOLATED)
_0833_/A                                0.750000    0.831776   -0.081776 (VIOLATED)
_0832_/A                                0.750000    0.831774   -0.081774 (VIOLATED)
_0902_/A                                0.750000    0.831771   -0.081771 (VIOLATED)
_0911_/A1                               0.750000    0.831765   -0.081765 (VIOLATED)
_0997_/A1                               0.750000    0.831759   -0.081759 (VIOLATED)
_0901_/A1                               0.750000    0.831756   -0.081756 (VIOLATED)
_0899_/A                                0.750000    0.831754   -0.081754 (VIOLATED)
_0995_/A                                0.750000    0.831751   -0.081751 (VIOLATED)
_1032_/A                                0.750000    0.831751   -0.081751 (VIOLATED)
_1034_/A1                               0.750000    0.831751   -0.081751 (VIOLATED)
fanout46/X                              0.750000    0.831751   -0.081751 (VIOLATED)
_1227_/C                                0.750000    0.819191   -0.069191 (VIOLATED)
_1228_/A2                               0.750000    0.819191   -0.069191 (VIOLATED)
_1226_/C                                0.750000    0.819188   -0.069188 (VIOLATED)
_1196_/B1                               0.750000    0.819187   -0.069187 (VIOLATED)
_1195_/D                                0.750000    0.819187   -0.069187 (VIOLATED)
_1460_/A                                0.750000    0.819186   -0.069186 (VIOLATED)
fanout61/A                              0.750000    0.819186   -0.069186 (VIOLATED)
fanout62/X                              0.750000    0.819186   -0.069186 (VIOLATED)
_1218_/A                                0.750000    0.817137   -0.067137 (VIOLATED)
_1219_/A                                0.750000    0.817136   -0.067136 (VIOLATED)
fanout48/A                              0.750000    0.817135   -0.067135 (VIOLATED)
_1154_/A                                0.750000    0.817134   -0.067134 (VIOLATED)
_1119_/B2                               0.750000    0.817134   -0.067134 (VIOLATED)
_1479_/A1                               0.750000    0.817131   -0.067131 (VIOLATED)
fanout49/X                              0.750000    0.817131   -0.067131 (VIOLATED)
fanout21/A                              0.750000    0.811492   -0.061492 (VIOLATED)
_1540_/A2                               0.750000    0.811488   -0.061488 (VIOLATED)
_1544_/A2                               0.750000    0.811485   -0.061485 (VIOLATED)
_1547_/A2                               0.750000    0.811482   -0.061482 (VIOLATED)
_1509_/A2                               0.750000    0.811451   -0.061451 (VIOLATED)
_1499_/A2                               0.750000    0.811445   -0.061446 (VIOLATED)
_1502_/A2                               0.750000    0.811445   -0.061445 (VIOLATED)
_1506_/A2                               0.750000    0.811432   -0.061432 (VIOLATED)
_1423_/A1                               0.750000    0.811427   -0.061427 (VIOLATED)
fanout22/X                              0.750000    0.811427   -0.061427 (VIOLATED)
_1505_/B1                               0.750000    0.802642   -0.052642 (VIOLATED)
_1508_/B1                               0.750000    0.802637   -0.052637 (VIOLATED)
_1511_/B1                               0.750000    0.802625   -0.052625 (VIOLATED)
_1518_/B1                               0.750000    0.802609   -0.052609 (VIOLATED)
_1535_/B1                               0.750000    0.802608   -0.052608 (VIOLATED)
_1527_/B1                               0.750000    0.802608   -0.052608 (VIOLATED)
_1531_/B1                               0.750000    0.802601   -0.052601 (VIOLATED)
_1523_/B1                               0.750000    0.802598   -0.052598 (VIOLATED)
_1514_/B1                               0.750000    0.802562   -0.052562 (VIOLATED)
fanout14/A                              0.750000    0.802556   -0.052556 (VIOLATED)
fanout15/X                              0.750000    0.802555   -0.052555 (VIOLATED)
_1496_/A2                               0.750000    0.785642   -0.035642 (VIOLATED)
_1493_/A2                               0.750000    0.785642   -0.035642 (VIOLATED)
_1515_/A2                               0.750000    0.785634   -0.035634 (VIOLATED)
fanout20/A                              0.750000    0.785632   -0.035632 (VIOLATED)
_1512_/A2                               0.750000    0.785609   -0.035609 (VIOLATED)
_1519_/A2                               0.750000    0.785581   -0.035581 (VIOLATED)
_1524_/A2                               0.750000    0.785565   -0.035565 (VIOLATED)
_1532_/A2                               0.750000    0.785548   -0.035548 (VIOLATED)
_1528_/A2                               0.750000    0.785539   -0.035539 (VIOLATED)
_1536_/A2                               0.750000    0.785538   -0.035538 (VIOLATED)
fanout21/X                              0.750000    0.785537   -0.035537 (VIOLATED)
_1195_/A                                0.750000    0.764713   -0.014713 (VIOLATED)
_1196_/B2                               0.750000    0.764707   -0.014707 (VIOLATED)
_1164_/A                                0.750000    0.764703   -0.014703 (VIOLATED)
_0821_/A1                               0.750000    0.764698   -0.014698 (VIOLATED)
_1129_/B2                               0.750000    0.764694   -0.014694 (VIOLATED)
_1165_/B2                               0.750000    0.764692   -0.014692 (VIOLATED)
_1128_/A                                0.750000    0.764687   -0.014687 (VIOLATED)
_1472_/A                                0.750000    0.764633   -0.014633 (VIOLATED)
fanout54/X                              0.750000    0.764633   -0.014633 (VIOLATED)



===========================================================================
report_parasitic_annotation -report_unannotated
============================================================================
Found 26 unannotated drivers.
 ena
 uio_in[4]
 uio_in[5]
 uio_in[6]
 uio_in[7]
 clkload0/X
 clkload1/X
 clkload2/X
 clkload3/X
 clkload4/X
 clkload5/X
 clkload6/X
 tt_um_arnav_mac8_fused/HI
 tt_um_arnav_mac8_fused_69/HI
 tt_um_arnav_mac8_fused_70/HI
 tt_um_arnav_mac8_fused_71/HI
 tt_um_arnav_mac8_fused_72/HI
 tt_um_arnav_mac8_fused_73/HI
 tt_um_arnav_mac8_fused_74/HI
 tt_um_arnav_mac8_fused_75/HI
 tt_um_arnav_mac8_fused_76/HI
 tt_um_arnav_mac8_fused_77/HI
 tt_um_arnav_mac8_fused_78/LO
 tt_um_arnav_mac8_fused_79/LO
 tt_um_arnav_mac8_fused_80/LO
 tt_um_arnav_mac8_fused_81/LO
Found 0 partially unannotated drivers.

===========================================================================
max slew violation count 282
max fanout violation count 0
max cap violation count 0
============================================================================

===========================================================================
check_setup -verbose -unconstrained_endpoints -multiple_clock -no_clock -no_input_delay -loops -generated_clocks
===========================================================================
