
===========================================================================
report_checks -unconstrained
===========================================================================
======================= max_tt_025C_1v80 Corner ===================================

Startpoint: _1595_ (rising edge-triggered flip-flop clocked by clk)
Endpoint: _1622_ (rising edge-triggered flip-flop clocked by clk)
Path Group: clk
Path Type: max

Fanout         Cap        Slew       Delay        Time   Description
---------------------------------------------------------------------------------------------
                                  0.000000    0.000000   clock clk (rise edge)
                                  0.000000    0.000000   clock source latency
     1    0.021561    0.102711    0.071098    0.071098 ^ clk (in)
                                                         clk (net)
                      0.102734    0.000000    0.071098 ^ clkbuf_0_clk/A (sky130_fd_sc_hd__clkbuf_16)
     8    0.086373    0.103479    0.194327    0.265425 ^ clkbuf_0_clk/X (sky130_fd_sc_hd__clkbuf_16)
                                                         clknet_0_clk (net)
                      0.104106    0.006458    0.271884 ^ clkbuf_3_6__f_clk/A (sky130_fd_sc_hd__clkbuf_16)
     8    0.025564    0.047064    0.151547    0.423430 ^ clkbuf_3_6__f_clk/X (sky130_fd_sc_hd__clkbuf_16)
                                                         clknet_3_6__leaf_clk (net)
                      0.047161    0.001831    0.425261 ^ _1595_/CLK (sky130_fd_sc_hd__dfxtp_2)
     1    0.002538    0.022010    0.301567    0.726828 v _1595_/Q (sky130_fd_sc_hd__dfxtp_2)
                                                         u_dp.b_q[3] (net)
                      0.022010    0.000184    0.727013 v fanout51/A (sky130_fd_sc_hd__clkdlybuf4s25_1)
     7    0.053108    0.390606    0.500978    1.227991 v fanout51/X (sky130_fd_sc_hd__clkdlybuf4s25_1)
                                                         net51 (net)
                      0.390632    0.003320    1.231311 v fanout50/A (sky130_fd_sc_hd__clkdlybuf4s25_1)
    10    0.044736    0.330430    0.580071    1.811382 v fanout50/X (sky130_fd_sc_hd__clkdlybuf4s25_1)
                                                         net50 (net)
                      0.330503    0.004705    1.816087 v _0808_/B (sky130_fd_sc_hd__and3_2)
     3    0.009344    0.053948    0.342578    2.158665 v _0808_/X (sky130_fd_sc_hd__and3_2)
                                                         _0078_ (net)
                      0.053948    0.000584    2.159248 v _0811_/A (sky130_fd_sc_hd__or3_2)
     2    0.004119    0.081719    0.476756    2.636004 v _0811_/X (sky130_fd_sc_hd__or3_2)
                                                         _0081_ (net)
                      0.081719    0.000258    2.636263 v _0812_/B (sky130_fd_sc_hd__and2b_2)
     1    0.004026    0.039160    0.206727    2.842989 v _0812_/X (sky130_fd_sc_hd__and2b_2)
                                                         _0082_ (net)
                      0.039160    0.000304    2.843294 v fanout22/A (sky130_fd_sc_hd__clkdlybuf4s25_1)
     9    0.064423    0.470942    0.566522    3.409816 v fanout22/X (sky130_fd_sc_hd__clkdlybuf4s25_1)
                                                         net22 (net)
                      0.471239    0.008024    3.417840 v fanout21/A (sky130_fd_sc_hd__clkdlybuf4s25_1)
     7    0.055361    0.406470    0.652609    4.070448 v fanout21/X (sky130_fd_sc_hd__clkdlybuf4s25_1)
                                                         net21 (net)
                      0.406618    0.007184    4.077632 v fanout20/A (sky130_fd_sc_hd__clkdlybuf4s25_1)
    10    0.070419    0.513527    0.718841    4.796473 v fanout20/X (sky130_fd_sc_hd__clkdlybuf4s25_1)
                                                         net20 (net)
                      0.513565    0.004605    4.801078 v _0890_/A (sky130_fd_sc_hd__xor2_2)
     2    0.007242    0.130152    0.324714    5.125792 v _0890_/X (sky130_fd_sc_hd__xor2_2)
                                                         _0160_ (net)
                      0.130152    0.000373    5.126164 v _0893_/B (sky130_fd_sc_hd__or2_2)
     1    0.001919    0.050892    0.293004    5.419169 v _0893_/X (sky130_fd_sc_hd__or2_2)
                                                         _0163_ (net)
                      0.050892    0.000128    5.419297 v _0894_/B (sky130_fd_sc_hd__and2_2)
     3    0.020753    0.074516    0.234802    5.654099 v _0894_/X (sky130_fd_sc_hd__and2_2)
                                                         _0164_ (net)
                      0.074523    0.000798    5.654897 v _0895_/B (sky130_fd_sc_hd__nor2_2)
     2    0.015904    0.191116    0.178935    5.833831 ^ _0895_/Y (sky130_fd_sc_hd__nor2_2)
                                                         _0165_ (net)
                      0.191117    0.000233    5.834064 ^ _0896_/B (sky130_fd_sc_hd__xor2_2)
     2    0.014040    0.208053    0.230590    6.064654 ^ _0896_/X (sky130_fd_sc_hd__xor2_2)
                                                         _0166_ (net)
                      0.208129    0.000991    6.065646 ^ _0901_/B (sky130_fd_sc_hd__xnor2_2)
     2    0.006537    0.069394    0.092863    6.158508 v _0901_/Y (sky130_fd_sc_hd__xnor2_2)
                                                         _0171_ (net)
                      0.069394    0.000219    6.158728 v _0983_/A (sky130_fd_sc_hd__and2_2)
     1    0.004999    0.042132    0.181463    6.340190 v _0983_/X (sky130_fd_sc_hd__and2_2)
                                                         _0253_ (net)
                      0.042132    0.000358    6.340549 v _0984_/B (sky130_fd_sc_hd__nor2_2)
     2    0.015945    0.191607    0.166776    6.507325 ^ _0984_/Y (sky130_fd_sc_hd__nor2_2)
                                                         _0254_ (net)
                      0.191614    0.000931    6.508255 ^ _0985_/B (sky130_fd_sc_hd__xor2_2)
     2    0.015288    0.221462    0.240774    6.749030 ^ _0985_/X (sky130_fd_sc_hd__xor2_2)
                                                         _0255_ (net)
                      0.221537    0.000706    6.749735 ^ _0992_/A (sky130_fd_sc_hd__nand2_2)
     2    0.005058    0.061125    0.073967    6.823702 v _0992_/Y (sky130_fd_sc_hd__nand2_2)
                                                         _0262_ (net)
                      0.061126    0.000267    6.823969 v _0994_/A_N (sky130_fd_sc_hd__nand2b_2)
     1    0.002784    0.040065    0.171240    6.995209 v _0994_/Y (sky130_fd_sc_hd__nand2b_2)
                                                         _0264_ (net)
                      0.040065    0.000192    6.995401 v _1388_/A1 (sky130_fd_sc_hd__o221a_2)
     4    0.017883    0.081807    0.326299    7.321700 v _1388_/X (sky130_fd_sc_hd__o221a_2)
                                                         _0658_ (net)
                      0.081851    0.001750    7.323450 v _1393_/A2 (sky130_fd_sc_hd__o31ai_2)
     3    0.011440    0.300906    0.322760    7.646209 ^ _1393_/Y (sky130_fd_sc_hd__o31ai_2)
                                                         _0663_ (net)
                      0.300907    0.001064    7.647273 ^ _1394_/B (sky130_fd_sc_hd__nand2_2)
     2    0.008374    0.073579    0.106706    7.753979 v _1394_/Y (sky130_fd_sc_hd__nand2_2)
                                                         _0664_ (net)
                      0.073582    0.000544    7.754523 v _1405_/A2 (sky130_fd_sc_hd__o211ai_2)
     5    0.031488    0.398850    0.354283    8.108806 ^ _1405_/Y (sky130_fd_sc_hd__o211ai_2)
                                                         _0675_ (net)
                      0.398858    0.001487    8.110292 ^ _1473_/A1 (sky130_fd_sc_hd__a21bo_2)
     1    0.004408    0.044554    0.202006    8.312298 ^ _1473_/X (sky130_fd_sc_hd__a21bo_2)
                                                         _0718_ (net)
                      0.044554    0.000191    8.312489 ^ fanout16/A (sky130_fd_sc_hd__clkdlybuf4s25_1)
     5    0.028916    0.294198    0.421559    8.734048 ^ fanout16/X (sky130_fd_sc_hd__clkdlybuf4s25_1)
                                                         net16 (net)
                      0.294198    0.000829    8.734877 ^ fanout14/A (sky130_fd_sc_hd__clkdlybuf4s25_1)
    10    0.047065    0.471204    0.611735    9.346611 ^ fanout14/X (sky130_fd_sc_hd__clkdlybuf4s25_1)
                                                         net14 (net)
                      0.471214    0.002813    9.349423 ^ _1558_/B1 (sky130_fd_sc_hd__a31o_2)
     1    0.004173    0.050974    0.181788    9.531212 ^ _1558_/X (sky130_fd_sc_hd__a31o_2)
                                                         _0781_ (net)
                      0.050974    0.000272    9.531484 ^ _1559_/C1 (sky130_fd_sc_hd__o211a_2)
     1    0.002045    0.041224    0.149130    9.680614 ^ _1559_/X (sky130_fd_sc_hd__o211a_2)
                                                         _0050_ (net)
                      0.041224    0.000097    9.680711 ^ _1622_/D (sky130_fd_sc_hd__dfxtp_2)
                                              9.680711   data arrival time

                                 20.000000   20.000000   clock clk (rise edge)
                                  0.000000   20.000000   clock source latency
     1    0.021561    0.102711    0.071099   20.071098 ^ clk (in)
                                                         clk (net)
                      0.102734    0.000000   20.071098 ^ clkbuf_0_clk/A (sky130_fd_sc_hd__clkbuf_16)
     8    0.086373    0.103479    0.194326   20.265425 ^ clkbuf_0_clk/X (sky130_fd_sc_hd__clkbuf_16)
                                                         clknet_0_clk (net)
                      0.103970    0.005739   20.271164 ^ clkbuf_3_0__f_clk/A (sky130_fd_sc_hd__clkbuf_16)
     8    0.025019    0.046527    0.151074   20.422239 ^ clkbuf_3_0__f_clk/X (sky130_fd_sc_hd__clkbuf_16)
                                                         clknet_3_0__leaf_clk (net)
                      0.046577    0.001377   20.423615 ^ _1622_/CLK (sky130_fd_sc_hd__dfxtp_2)
                                 -0.250000   20.173616   clock uncertainty
                                  0.000000   20.173616   clock reconvergence pessimism
                                 -0.057739   20.115877   library setup time
                                             20.115877   data required time
---------------------------------------------------------------------------------------------
                                             20.115877   data required time
                                             -9.680711   data arrival time
---------------------------------------------------------------------------------------------
                                             10.435166   slack (MET)




===========================================================================
report_checks --slack_max -0.01
============================================================================
======================= max_tt_025C_1v80 Corner ===================================

No paths found.


===========================================================================
 report_check_types -max_slew -max_cap -max_fanout -violators
============================================================================
======================= max_tt_025C_1v80 Corner ===================================

max slew

Pin                                        Limit        Slew       Slack
------------------------------------------------------------------------
_1267_/A                                0.750000    0.757717   -0.007717 (VIOLATED)
_1291_/A                                0.750000    0.757716   -0.007716 (VIOLATED)
_1325_/A1                               0.750000    0.757716   -0.007716 (VIOLATED)
_1183_/A                                0.750000    0.757712   -0.007712 (VIOLATED)
_0809_/A                                0.750000    0.757710   -0.007710 (VIOLATED)
_1113_/A1                               0.750000    0.757710   -0.007710 (VIOLATED)
_1076_/A1                               0.750000    0.757708   -0.007708 (VIOLATED)
_1139_/A                                0.750000    0.757701   -0.007702 (VIOLATED)
_1175_/A                                0.750000    0.757701   -0.007701 (VIOLATED)
_1149_/A1                               0.750000    0.757701   -0.007701 (VIOLATED)
fanout52/X                              0.750000    0.757684   -0.007685 (VIOLATED)
_1321_/A2                               0.750000    0.757648   -0.007648 (VIOLATED)
_1320_/C                                0.750000    0.757645   -0.007645 (VIOLATED)
_1299_/B1                               0.750000    0.757634   -0.007634 (VIOLATED)
_1298_/D                                0.750000    0.757628   -0.007628 (VIOLATED)
_1267_/B                                0.750000    0.757587   -0.007587 (VIOLATED)
_1185_/C                                0.750000    0.757556   -0.007556 (VIOLATED)
_1132_/B                                0.750000    0.757439   -0.007439 (VIOLATED)
_1094_/B                                0.750000    0.757420   -0.007420 (VIOLATED)
_1057_/A_N                              0.750000    0.757419   -0.007419 (VIOLATED)
_1095_/B                                0.750000    0.757418   -0.007418 (VIOLATED)
fanout65/X                              0.750000    0.757390   -0.007390 (VIOLATED)
_0874_/A                                0.750000    0.752953   -0.002953 (VIOLATED)
_0892_/A1                               0.750000    0.752941   -0.002941 (VIOLATED)
_0890_/A                                0.750000    0.752939   -0.002939 (VIOLATED)
_0876_/A1                               0.750000    0.752938   -0.002938 (VIOLATED)
_0861_/A                                0.750000    0.752928   -0.002928 (VIOLATED)
_0863_/A1                               0.750000    0.752926   -0.002926 (VIOLATED)
_0818_/A                                0.750000    0.752913   -0.002913 (VIOLATED)
_0820_/A1                               0.750000    0.752701   -0.002701 (VIOLATED)
_0836_/A                                0.750000    0.752697   -0.002697 (VIOLATED)
_0837_/A                                0.750000    0.752697   -0.002697 (VIOLATED)
fanout20/X                              0.750000    0.752697   -0.002697 (VIOLATED)



===========================================================================
report_parasitic_annotation -report_unannotated
============================================================================
Found 20 unannotated drivers.
 ena
 uio_in[4]
 uio_in[5]
 uio_in[6]
 uio_in[7]
 clkload0/X
 tt_um_arnav_mac8/HI
 tt_um_arnav_mac8_69/HI
 tt_um_arnav_mac8_70/HI
 tt_um_arnav_mac8_71/HI
 tt_um_arnav_mac8_72/HI
 tt_um_arnav_mac8_73/HI
 tt_um_arnav_mac8_74/HI
 tt_um_arnav_mac8_75/HI
 tt_um_arnav_mac8_76/HI
 tt_um_arnav_mac8_77/HI
 tt_um_arnav_mac8_78/LO
 tt_um_arnav_mac8_79/LO
 tt_um_arnav_mac8_80/LO
 tt_um_arnav_mac8_81/LO
Found 0 partially unannotated drivers.

===========================================================================
max slew violation count 33
max fanout violation count 0
max cap violation count 0
============================================================================

===========================================================================
check_setup -verbose -unconstrained_endpoints -multiple_clock -no_clock -no_input_delay -loops -generated_clocks
===========================================================================
