Clock: clk
Sources: clk 
Generated: no
Virtual: yes
Propagated: no
Period: 20.000000

===========================================================================
report_clock_properties
============================================================================
Clock                   Period          Waveform
----------------------------------------------------
clk                  20.000000    0.000000 10.000000

===========================================================================
report_clock_latency
============================================================================
Clock clk
rise -> rise
    min     max
0.000000 0.000000 source latency
0.423171         network latency _1610_/CLK
        0.431653 network latency _1578_/CLK
---------------
0.423171 0.431653 latency
        0.008482 skew

fall -> fall
    min     max
0.000000 0.000000 source latency
0.379835         network latency _1610_/CLK
        0.387077 network latency _1578_/CLK
---------------
0.379835 0.387077 latency
        0.007242 skew



===========================================================================
report_clock_min_period
============================================================================
clk period_min = 9.56 fmax = 104.55
