
===========================================================================
report_checks -unconstrained
===========================================================================
======================= min_tt_025C_1v80 Corner ===================================

Startpoint: _1595_ (rising edge-triggered flip-flop clocked by clk)
Endpoint: _1622_ (rising edge-triggered flip-flop clocked by clk)
Path Group: clk
Path Type: max

Fanout         Cap        Slew       Delay        Time   Description
---------------------------------------------------------------------------------------------
                                  0.000000    0.000000   clock clk (rise edge)
                                  0.000000    0.000000   clock source latency
     1    0.018955    0.091051    0.062520    0.062520 ^ clk (in)
                                                         clk (net)
                      0.091057    0.000000    0.062520 ^ clkbuf_0_clk/A (sky130_fd_sc_hd__clkbuf_16)
     8    0.082146    0.098721    0.189527    0.252047 ^ clkbuf_0_clk/X (sky130_fd_sc_hd__clkbuf_16)
                                                         clknet_0_clk (net)
                      0.098760    0.001849    0.253897 ^ clkbuf_3_6__f_clk/A (sky130_fd_sc_hd__clkbuf_16)
     8    0.023487    0.044949    0.148317    0.402213 ^ clkbuf_3_6__f_clk/X (sky130_fd_sc_hd__clkbuf_16)
                                                         clknet_3_6__leaf_clk (net)
                      0.044953    0.000457    0.402670 ^ _1595_/CLK (sky130_fd_sc_hd__dfxtp_2)
     1    0.002450    0.021901    0.300485    0.703155 v _1595_/Q (sky130_fd_sc_hd__dfxtp_2)
                                                         u_dp.b_q[3] (net)
                      0.021901    0.000022    0.703177 v fanout51/A (sky130_fd_sc_hd__clkdlybuf4s25_1)
     7    0.046540    0.342846    0.468758    1.171935 v fanout51/X (sky130_fd_sc_hd__clkdlybuf4s25_1)
                                                         net51 (net)
                      0.342846    0.000949    1.172884 v fanout50/A (sky130_fd_sc_hd__clkdlybuf4s25_1)
    10    0.042206    0.311799    0.557969    1.730853 v fanout50/X (sky130_fd_sc_hd__clkdlybuf4s25_1)
                                                         net50 (net)
                      0.311800    0.001238    1.732091 v _0808_/B (sky130_fd_sc_hd__and3_2)
     3    0.009012    0.052593    0.333612    2.065703 v _0808_/X (sky130_fd_sc_hd__and3_2)
                                                         _0078_ (net)
                      0.052593    0.000099    2.065802 v _0811_/A (sky130_fd_sc_hd__or3_2)
     2    0.003919    0.080563    0.474799    2.540601 v _0811_/X (sky130_fd_sc_hd__or3_2)
                                                         _0081_ (net)
                      0.080563    0.000030    2.540632 v _0812_/B (sky130_fd_sc_hd__and2b_2)
     1    0.003679    0.037960    0.204585    2.745217 v _0812_/X (sky130_fd_sc_hd__and2b_2)
                                                         _0082_ (net)
                      0.037960    0.000059    2.745275 v fanout22/A (sky130_fd_sc_hd__clkdlybuf4s25_1)
     9    0.061844    0.451877    0.555964    3.301240 v fanout22/X (sky130_fd_sc_hd__clkdlybuf4s25_1)
                                                         net22 (net)
                      0.451886    0.002450    3.303689 v fanout21/A (sky130_fd_sc_hd__clkdlybuf4s25_1)
     7    0.052465    0.384849    0.636035    3.939724 v fanout21/X (sky130_fd_sc_hd__clkdlybuf4s25_1)
                                                         net21 (net)
                      0.384861    0.002406    3.942130 v fanout20/A (sky130_fd_sc_hd__clkdlybuf4s25_1)
    10    0.068156    0.496673    0.704197    4.646327 v fanout20/X (sky130_fd_sc_hd__clkdlybuf4s25_1)
                                                         net20 (net)
                      0.496674    0.001513    4.647840 v _0890_/A (sky130_fd_sc_hd__xor2_2)
     2    0.006906    0.126227    0.319156    4.966996 v _0890_/X (sky130_fd_sc_hd__xor2_2)
                                                         _0160_ (net)
                      0.126227    0.000042    4.967038 v _0893_/B (sky130_fd_sc_hd__or2_2)
     1    0.001816    0.050484    0.290744    5.257782 v _0893_/X (sky130_fd_sc_hd__or2_2)
                                                         _0163_ (net)
                      0.050484    0.000016    5.257798 v _0894_/B (sky130_fd_sc_hd__and2_2)
     3    0.020157    0.073057    0.233725    5.491523 v _0894_/X (sky130_fd_sc_hd__and2_2)
                                                         _0164_ (net)
                      0.073057    0.000123    5.491646 v _0895_/B (sky130_fd_sc_hd__nor2_2)
     2    0.015438    0.186319    0.175002    5.666648 ^ _0895_/Y (sky130_fd_sc_hd__nor2_2)
                                                         _0165_ (net)
                      0.186319    0.000033    5.666681 ^ _0896_/B (sky130_fd_sc_hd__xor2_2)
     2    0.013861    0.206131    0.229047    5.895728 ^ _0896_/X (sky130_fd_sc_hd__xor2_2)
                                                         _0166_ (net)
                      0.206131    0.000136    5.895864 ^ _0901_/B (sky130_fd_sc_hd__xnor2_2)
     2    0.006413    0.068260    0.092094    5.987958 v _0901_/Y (sky130_fd_sc_hd__xnor2_2)
                                                         _0171_ (net)
                      0.068260    0.000036    5.987995 v _0983_/A (sky130_fd_sc_hd__and2_2)
     1    0.004848    0.041814    0.180577    6.168571 v _0983_/X (sky130_fd_sc_hd__and2_2)
                                                         _0253_ (net)
                      0.041814    0.000051    6.168622 v _0984_/B (sky130_fd_sc_hd__nor2_2)
     2    0.015508    0.187015    0.163848    6.332471 ^ _0984_/Y (sky130_fd_sc_hd__nor2_2)
                                                         _0254_ (net)
                      0.187015    0.000219    6.332690 ^ _0985_/B (sky130_fd_sc_hd__xor2_2)
     2    0.014977    0.218094    0.238066    6.570755 ^ _0985_/X (sky130_fd_sc_hd__xor2_2)
                                                         _0255_ (net)
                      0.218094    0.000116    6.570871 ^ _0992_/A (sky130_fd_sc_hd__nand2_2)
     2    0.004782    0.059682    0.072281    6.643152 v _0992_/Y (sky130_fd_sc_hd__nand2_2)
                                                         _0262_ (net)
                      0.059682    0.000040    6.643192 v _0994_/A_N (sky130_fd_sc_hd__nand2b_2)
     1    0.002690    0.039715    0.170159    6.813351 v _0994_/Y (sky130_fd_sc_hd__nand2b_2)
                                                         _0264_ (net)
                      0.039715    0.000025    6.813376 v _1388_/A1 (sky130_fd_sc_hd__o221a_2)
     4    0.016932    0.079255    0.324374    7.137750 v _1388_/X (sky130_fd_sc_hd__o221a_2)
                                                         _0658_ (net)
                      0.079256    0.000476    7.138226 v _1393_/A2 (sky130_fd_sc_hd__o31ai_2)
     3    0.010917    0.292757    0.315608    7.453833 ^ _1393_/Y (sky130_fd_sc_hd__o31ai_2)
                                                         _0663_ (net)
                      0.292757    0.000209    7.454042 ^ _1394_/B (sky130_fd_sc_hd__nand2_2)
     2    0.007967    0.070934    0.104277    7.558320 v _1394_/Y (sky130_fd_sc_hd__nand2_2)
                                                         _0664_ (net)
                      0.070934    0.000091    7.558410 v _1405_/A2 (sky130_fd_sc_hd__o211ai_2)
     5    0.029476    0.378108    0.338733    7.897143 ^ _1405_/Y (sky130_fd_sc_hd__o211ai_2)
                                                         _0675_ (net)
                      0.378109    0.000386    7.897529 ^ _1473_/A1 (sky130_fd_sc_hd__a21bo_2)
     1    0.004084    0.042763    0.197734    8.095263 ^ _1473_/X (sky130_fd_sc_hd__a21bo_2)
                                                         _0718_ (net)
                      0.042763    0.000045    8.095308 ^ fanout16/A (sky130_fd_sc_hd__clkdlybuf4s25_1)
     5    0.025727    0.262947    0.400127    8.495436 ^ fanout16/X (sky130_fd_sc_hd__clkdlybuf4s25_1)
                                                         net16 (net)
                      0.262947    0.000120    8.495556 ^ fanout14/A (sky130_fd_sc_hd__clkdlybuf4s25_1)
    10    0.043066    0.431858    0.579968    9.075523 ^ fanout14/X (sky130_fd_sc_hd__clkdlybuf4s25_1)
                                                         net14 (net)
                      0.431858    0.000470    9.075994 ^ _1558_/B1 (sky130_fd_sc_hd__a31o_2)
     1    0.003853    0.048237    0.175244    9.251237 ^ _1558_/X (sky130_fd_sc_hd__a31o_2)
                                                         _0781_ (net)
                      0.048237    0.000053    9.251290 ^ _1559_/C1 (sky130_fd_sc_hd__o211a_2)
     1    0.001996    0.040408    0.148008    9.399299 ^ _1559_/X (sky130_fd_sc_hd__o211a_2)
                                                         _0050_ (net)
                      0.040408    0.000010    9.399308 ^ _1622_/D (sky130_fd_sc_hd__dfxtp_2)
                                              9.399308   data arrival time

                                 20.000000   20.000000   clock clk (rise edge)
                                  0.000000   20.000000   clock source latency
     1    0.018955    0.091051    0.062521   20.062521 ^ clk (in)
                                                         clk (net)
                      0.091057    0.000000   20.062521 ^ clkbuf_0_clk/A (sky130_fd_sc_hd__clkbuf_16)
     8    0.082146    0.098721    0.189527   20.252048 ^ clkbuf_0_clk/X (sky130_fd_sc_hd__clkbuf_16)
                                                         clknet_0_clk (net)
                      0.098751    0.001663   20.253710 ^ clkbuf_3_0__f_clk/A (sky130_fd_sc_hd__clkbuf_16)
     8    0.023126    0.044619    0.148093   20.401804 ^ clkbuf_3_0__f_clk/X (sky130_fd_sc_hd__clkbuf_16)
                                                         clknet_3_0__leaf_clk (net)
                      0.044619    0.000181   20.401985 ^ _1622_/CLK (sky130_fd_sc_hd__dfxtp_2)
                                 -0.250000   20.151985   clock uncertainty
                                  0.000000   20.151985   clock reconvergence pessimism
                                 -0.057836   20.094149   library setup time
                                             20.094149   data required time
---------------------------------------------------------------------------------------------
                                             20.094149   data required time
                                             -9.399308   data arrival time
---------------------------------------------------------------------------------------------
                                             10.694840   slack (MET)




===========================================================================
report_checks --slack_max -0.01
============================================================================
======================= min_tt_025C_1v80 Corner ===================================

No paths found.


===========================================================================
 report_check_types -max_slew -max_cap -max_fanout -violators
============================================================================
======================= min_tt_025C_1v80 Corner ===================================



===========================================================================
report_parasitic_annotation -report_unannotated
============================================================================
Found 20 unannotated drivers.
 ena
 uio_in[4]
 uio_in[5]
 uio_in[6]
 uio_in[7]
 clkload0/X
 tt_um_arnav_mac8/HI
 tt_um_arnav_mac8_69/HI
 tt_um_arnav_mac8_70/HI
 tt_um_arnav_mac8_71/HI
 tt_um_arnav_mac8_72/HI
 tt_um_arnav_mac8_73/HI
 tt_um_arnav_mac8_74/HI
 tt_um_arnav_mac8_75/HI
 tt_um_arnav_mac8_76/HI
 tt_um_arnav_mac8_77/HI
 tt_um_arnav_mac8_78/LO
 tt_um_arnav_mac8_79/LO
 tt_um_arnav_mac8_80/LO
 tt_um_arnav_mac8_81/LO
Found 0 partially unannotated drivers.

===========================================================================
max slew violation count 0
max fanout violation count 0
max cap violation count 0
============================================================================

===========================================================================
check_setup -verbose -unconstrained_endpoints -multiple_clock -no_clock -no_input_delay -loops -generated_clocks
===========================================================================
