Clock: clk
Sources: clk 
Generated: no
Virtual: yes
Propagated: no
Period: 20.000000

===========================================================================
report_clock_properties
============================================================================
Clock                   Period          Waveform
----------------------------------------------------
clk                  20.000000    0.000000 10.000000

===========================================================================
report_clock_latency
============================================================================
Clock clk
rise -> rise
    min     max
0.000000 0.000000 source latency
0.401590         network latency _1609_/CLK
        0.408357 network latency _1577_/CLK
---------------
0.401590 0.408357 latency
        0.006766 skew

fall -> fall
    min     max
0.000000 0.000000 source latency
0.365243         network latency _1609_/CLK
        0.371196 network latency _1577_/CLK
---------------
0.365243 0.371196 latency
        0.005953 skew



===========================================================================
report_clock_min_period
============================================================================
clk period_min = 9.31 fmax = 107.47
