
===========================================================================
 report_power
============================================================================
======================= min_tt_025C_1v80 Corner ===================================

Group                    Internal    Switching      Leakage        Total
                            Power        Power        Power        Power (Watts)
------------------------------------------------------------------------
Sequential           1.271863e-04 8.318082e-07 5.396688e-10 1.280187e-04  47.3%
Combinational        7.723298e-06 7.731694e-06 3.579816e-09 1.545857e-05   5.7%
Clock                8.045808e-05 4.695566e-05 4.564118e-09 1.274183e-04  47.0%
Macro                0.000000e+00 0.000000e+00 0.000000e+00 0.000000e+00   0.0%
Pad                  0.000000e+00 0.000000e+00 0.000000e+00 0.000000e+00   0.0%
------------------------------------------------------------------------
Total                2.153677e-04 5.551915e-05 8.683594e-09 2.708955e-04 100.0%
                            79.5%        20.5%         0.0%

