
===========================================================================
report_checks -unconstrained
===========================================================================
======================= min_ss_100C_1v60 Corner ===================================

Startpoint: _1606_ (rising edge-triggered flip-flop clocked by clk)
Endpoint: _1627_ (rising edge-triggered flip-flop clocked by clk)
Path Group: clk
Path Type: max

Fanout         Cap        Slew       Delay        Time   Description
---------------------------------------------------------------------------------------------
                                  0.000000    0.000000   clock clk (rise edge)
                                  0.000000    0.000000   clock source latency
     1    0.021560    0.160837    0.110004    0.110004 ^ clk (in)
                                                         clk (net)
                      0.160843    0.000000    0.110004 ^ clkbuf_0_clk/A (sky130_fd_sc_hd__clkbuf_16)
     8    0.084214    0.153939    0.339646    0.449650 ^ clkbuf_0_clk/X (sky130_fd_sc_hd__clkbuf_16)
                                                         clknet_0_clk (net)
                      0.153976    0.002344    0.451995 ^ clkbuf_3_5__f_clk/A (sky130_fd_sc_hd__clkbuf_16)
     9    0.026871    0.076180    0.269708    0.721703 ^ clkbuf_3_5__f_clk/X (sky130_fd_sc_hd__clkbuf_16)
                                                         clknet_3_5__leaf_clk (net)
                      0.076183    0.000593    0.722296 ^ _1606_/CLK (sky130_fd_sc_hd__dfxtp_2)
     1    0.003049    0.040252    0.598183    1.320479 v _1606_/Q (sky130_fd_sc_hd__dfxtp_2)
                                                         u_dp.b_q[3] (net)
                      0.040252    0.000033    1.320512 v fanout51/A (sky130_fd_sc_hd__clkdlybuf4s25_1)
     7    0.049385    0.658431    0.896498    2.217011 v fanout51/X (sky130_fd_sc_hd__clkdlybuf4s25_1)
                                                         net51 (net)
                      0.658431    0.001760    2.218771 v fanout50/A (sky130_fd_sc_hd__clkdlybuf4s25_1)
    10    0.049587    0.661937    1.128807    3.347577 v fanout50/X (sky130_fd_sc_hd__clkdlybuf4s25_1)
                                                         net50 (net)
                      0.661937    0.000409    3.347986 v _0815_/B (sky130_fd_sc_hd__and3_2)
     3    0.009778    0.102119    0.744647    4.092633 v _0815_/X (sky130_fd_sc_hd__and3_2)
                                                         _0081_ (net)
                      0.102119    0.000142    4.092775 v _0818_/A (sky130_fd_sc_hd__or3_2)
     2    0.003543    0.169547    1.111785    5.204560 v _0818_/X (sky130_fd_sc_hd__or3_2)
                                                         _0084_ (net)
                      0.169547    0.000012    5.204572 v _0819_/B (sky130_fd_sc_hd__and2b_2)
     2    0.019679    0.138770    0.543547    5.748118 v _0819_/X (sky130_fd_sc_hd__and2b_2)
                                                         _0085_ (net)
                      0.138770    0.000532    5.748650 v fanout28/A (sky130_fd_sc_hd__clkdlybuf4s25_1)
    10    0.069990    0.925914    1.137430    6.886080 v fanout28/X (sky130_fd_sc_hd__clkdlybuf4s25_1)
                                                         net28 (net)
                      0.925914    0.002601    6.888681 v fanout27/A (sky130_fd_sc_hd__clkdlybuf4s25_1)
     5    0.029812    0.408133    0.993370    7.882051 v fanout27/X (sky130_fd_sc_hd__clkdlybuf4s25_1)
                                                         net27 (net)
                      0.408133    0.001060    7.883111 v fanout26/A (sky130_fd_sc_hd__clkdlybuf4s25_1)
    10    0.069783    0.924196    1.238297    9.121407 v fanout26/X (sky130_fd_sc_hd__clkdlybuf4s25_1)
                                                         net26 (net)
                      0.924196    0.001551    9.122958 v _0883_/A (sky130_fd_sc_hd__xor2_2)
     2    0.006097    0.198899    0.603067    9.726025 v _0883_/X (sky130_fd_sc_hd__xor2_2)
                                                         _0149_ (net)
                      0.198899    0.000053    9.726078 v _0886_/B (sky130_fd_sc_hd__or2_2)
     1    0.002366    0.107697    0.658596   10.384674 v _0886_/X (sky130_fd_sc_hd__or2_2)
                                                         _0152_ (net)
                      0.107697    0.000027   10.384701 v _0887_/B (sky130_fd_sc_hd__and2_2)
     3    0.019228    0.136416    0.500204   10.884905 v _0887_/X (sky130_fd_sc_hd__and2_2)
                                                         _0153_ (net)
                      0.136416    0.000265   10.885170 v _0888_/B (sky130_fd_sc_hd__nor2_2)
     2    0.014641    0.339832    0.293433   11.178602 ^ _0888_/Y (sky130_fd_sc_hd__nor2_2)
                                                         _0154_ (net)
                      0.339832    0.000030   11.178633 ^ _0889_/B (sky130_fd_sc_hd__xor2_2)
     2    0.014141    0.336854    0.436128   11.614761 ^ _0889_/X (sky130_fd_sc_hd__xor2_2)
                                                         _0155_ (net)
                      0.336854    0.000110   11.614871 ^ _1394_/B (sky130_fd_sc_hd__xnor2_2)
     2    0.007489    0.234106    0.304849   11.919720 ^ _1394_/Y (sky130_fd_sc_hd__xnor2_2)
                                                         _0660_ (net)
                      0.234106    0.000097   11.919817 ^ _1396_/A (sky130_fd_sc_hd__or2_2)
     4    0.018691    0.164167    0.345571   12.265388 ^ _1396_/X (sky130_fd_sc_hd__or2_2)
                                                         _0662_ (net)
                      0.164167    0.000060   12.265448 ^ _1398_/C_N (sky130_fd_sc_hd__or4bb_2)
     3    0.008221    0.245776    1.526438   13.791885 v _1398_/X (sky130_fd_sc_hd__or4bb_2)
                                                         _0664_ (net)
                      0.245776    0.000070   13.791956 v _1400_/A (sky130_fd_sc_hd__and2_2)
     4    0.011848    0.107829    0.484124   14.276079 v _1400_/X (sky130_fd_sc_hd__and2_2)
                                                         _0666_ (net)
                      0.107829    0.000123   14.276202 v _1406_/A2 (sky130_fd_sc_hd__a31o_2)
     4    0.015962    0.124518    0.508569   14.784771 v _1406_/X (sky130_fd_sc_hd__a31o_2)
                                                         _0672_ (net)
                      0.124518    0.000205   14.784976 v _1408_/C (sky130_fd_sc_hd__and3_2)
     1    0.003837    0.076327    0.463410   15.248386 v _1408_/X (sky130_fd_sc_hd__and3_2)
                                                         _0674_ (net)
                      0.076327    0.000059   15.248445 v _1418_/C1 (sky130_fd_sc_hd__a211o_2)
     4    0.019243    0.160624    0.620508   15.868953 v _1418_/X (sky130_fd_sc_hd__a211o_2)
                                                         _0684_ (net)
                      0.160624    0.000107   15.869060 v _1421_/A (sky130_fd_sc_hd__or2_2)
     1    0.004472    0.119407    0.711621   16.580681 v _1421_/X (sky130_fd_sc_hd__or2_2)
                                                         _0687_ (net)
                      0.119407    0.000080   16.580761 v fanout18/A (sky130_fd_sc_hd__clkdlybuf4s25_1)
     5    0.024919    0.345361    0.701261   17.282022 v fanout18/X (sky130_fd_sc_hd__clkdlybuf4s25_1)
                                                         net18 (net)
                      0.345361    0.000526   17.282547 v fanout17/A (sky130_fd_sc_hd__clkdlybuf4s25_1)
    10    0.040647    0.545668    0.940462   18.223009 v fanout17/X (sky130_fd_sc_hd__clkdlybuf4s25_1)
                                                         net17 (net)
                      0.545668    0.000519   18.223528 v _1546_/A2 (sky130_fd_sc_hd__a31o_2)
     1    0.002828    0.062340    0.615989   18.839518 v _1546_/X (sky130_fd_sc_hd__a31o_2)
                                                         _0771_ (net)
                      0.062340    0.000027   18.839544 v _1547_/B1 (sky130_fd_sc_hd__o211a_2)
     1    0.001981    0.065506    0.226111   19.065655 v _1547_/X (sky130_fd_sc_hd__o211a_2)
                                                         _0044_ (net)
                      0.065506    0.000018   19.065672 v _1627_/D (sky130_fd_sc_hd__dfxtp_2)
                                             19.065672   data arrival time

                                 20.000000   20.000000   clock clk (rise edge)
                                  0.000000   20.000000   clock source latency
     1    0.021560    0.160837    0.110004   20.110004 ^ clk (in)
                                                         clk (net)
                      0.160843    0.000000   20.110004 ^ clkbuf_0_clk/A (sky130_fd_sc_hd__clkbuf_16)
     8    0.084214    0.153939    0.339647   20.449652 ^ clkbuf_0_clk/X (sky130_fd_sc_hd__clkbuf_16)
                                                         clknet_0_clk (net)
                      0.153939    0.000796   20.450447 ^ clkbuf_3_1__f_clk/A (sky130_fd_sc_hd__clkbuf_16)
     9    0.026037    0.075081    0.268534   20.718981 ^ clkbuf_3_1__f_clk/X (sky130_fd_sc_hd__clkbuf_16)
                                                         clknet_3_1__leaf_clk (net)
                      0.075089    0.000753   20.719734 ^ _1627_/CLK (sky130_fd_sc_hd__dfxtp_2)
                                 -0.250000   20.469734   clock uncertainty
                                  0.000000   20.469734   clock reconvergence pessimism
                                 -0.271140   20.198595   library setup time
                                             20.198595   data required time
---------------------------------------------------------------------------------------------
                                             20.198595   data required time
                                            -19.065672   data arrival time
---------------------------------------------------------------------------------------------
                                              1.132923   slack (MET)




===========================================================================
report_checks --slack_max -0.01
============================================================================
======================= min_ss_100C_1v60 Corner ===================================

No paths found.


===========================================================================
 report_check_types -max_slew -max_cap -max_fanout -violators
============================================================================
======================= min_ss_100C_1v60 Corner ===================================

max slew

Pin                                        Limit        Slew       Slack
------------------------------------------------------------------------
_0825_/A                                0.750000    1.183545   -0.433545 (VIOLATED)
_0827_/A1                               0.750000    1.183545   -0.433545 (VIOLATED)
_0855_/A                                0.750000    1.183545   -0.433545 (VIOLATED)
_0857_/A1                               0.750000    1.183545   -0.433545 (VIOLATED)
_0870_/A                                0.750000    1.183545   -0.433545 (VIOLATED)
_0872_/A1                               0.750000    1.183545   -0.433545 (VIOLATED)
_0883_/A                                0.750000    1.183545   -0.433545 (VIOLATED)
_0885_/A1                               0.750000    1.183545   -0.433545 (VIOLATED)
_1364_/A                                0.750000    1.183545   -0.433545 (VIOLATED)
_1365_/A                                0.750000    1.183545   -0.433545 (VIOLATED)
fanout26/X                              0.750000    1.183545   -0.433545 (VIOLATED)
_0924_/A                                0.750000    1.174314   -0.424314 (VIOLATED)
_0925_/A                                0.750000    1.174314   -0.424314 (VIOLATED)
_0942_/A                                0.750000    1.174314   -0.424314 (VIOLATED)
_0943_/A                                0.750000    1.174314   -0.424314 (VIOLATED)
_0963_/A                                0.750000    1.174314   -0.424314 (VIOLATED)
_0964_/A                                0.750000    1.174314   -0.424314 (VIOLATED)
_0977_/A                                0.750000    1.174314   -0.424314 (VIOLATED)
_0978_/A                                0.750000    1.174314   -0.424314 (VIOLATED)
_1330_/A                                0.750000    1.174314   -0.424314 (VIOLATED)
fanout27/A                              0.750000    1.174314   -0.424314 (VIOLATED)
fanout28/X                              0.750000    1.174314   -0.424314 (VIOLATED)
_1251_/B1                               0.750000    1.093879   -0.343879 (VIOLATED)
_1272_/C                                0.750000    1.093880   -0.343880 (VIOLATED)
_1273_/A2                               0.750000    1.093880   -0.343880 (VIOLATED)
_1250_/D                                0.750000    1.093879   -0.343879 (VIOLATED)
_1220_/B                                0.750000    1.093874   -0.343874 (VIOLATED)
_0992_/A_N                              0.750000    1.093863   -0.343863 (VIOLATED)
_1030_/B                                0.750000    1.093863   -0.343863 (VIOLATED)
_1031_/B                                0.750000    1.093863   -0.343863 (VIOLATED)
_1070_/B                                0.750000    1.093863   -0.343863 (VIOLATED)
_1189_/C                                0.750000    1.093863   -0.343863 (VIOLATED)
fanout65/X                              0.750000    1.093863   -0.343863 (VIOLATED)
_0816_/A                                0.750000    1.078898   -0.328898 (VIOLATED)
_1011_/A1                               0.750000    1.078898   -0.328898 (VIOLATED)
_1050_/A1                               0.750000    1.078898   -0.328898 (VIOLATED)
_1077_/A                                0.750000    1.078898   -0.328898 (VIOLATED)
_1087_/A1                               0.750000    1.078898   -0.328898 (VIOLATED)
_1117_/A                                0.750000    1.078898   -0.328898 (VIOLATED)
_1153_/A                                0.750000    1.078898   -0.328898 (VIOLATED)
_1220_/A                                0.750000    1.078898   -0.328898 (VIOLATED)
_1243_/A                                0.750000    1.078898   -0.328898 (VIOLATED)
_1277_/A1                               0.750000    1.078898   -0.328898 (VIOLATED)
fanout52/X                              0.750000    1.078898   -0.328898 (VIOLATED)
_1218_/B                                0.750000    1.066786   -0.316786 (VIOLATED)
_1219_/D                                0.750000    1.066786   -0.316786 (VIOLATED)
_1277_/B1                               0.750000    1.066785   -0.316785 (VIOLATED)
_1243_/B                                0.750000    1.066785   -0.316785 (VIOLATED)
_1291_/D                                0.750000    1.066780   -0.316780 (VIOLATED)
_1292_/B1                               0.750000    1.066780   -0.316780 (VIOLATED)
_1487_/A2                               0.750000    1.066775   -0.316775 (VIOLATED)
_1301_/C                                0.750000    1.066775   -0.316775 (VIOLATED)
_1067_/A_N                              0.750000    1.066766   -0.316766 (VIOLATED)
_1112_/B                                0.750000    1.066766   -0.316766 (VIOLATED)
fanout68/X                              0.750000    1.066766   -0.316766 (VIOLATED)
_0822_/A                                0.750000    0.961852   -0.211852 (VIOLATED)
_0824_/B1                               0.750000    0.961852   -0.211852 (VIOLATED)
_0839_/B1                               0.750000    0.961852   -0.211852 (VIOLATED)
_0854_/B1                               0.750000    0.961852   -0.211852 (VIOLATED)
_0869_/B1                               0.750000    0.961852   -0.211852 (VIOLATED)
_0882_/B1                               0.750000    0.961852   -0.211852 (VIOLATED)
_0922_/B1                               0.750000    0.961852   -0.211852 (VIOLATED)
_1348_/B1                               0.750000    0.961852   -0.211852 (VIOLATED)
_1362_/B1                               0.750000    0.961852   -0.211852 (VIOLATED)
_1410_/B1                               0.750000    0.961852   -0.211852 (VIOLATED)
fanout38/X                              0.750000    0.961852   -0.211852 (VIOLATED)
_1029_/A_N                              0.750000    0.957986   -0.207987 (VIOLATED)
_1068_/B                                0.750000    0.957986   -0.207987 (VIOLATED)
_1069_/B                                0.750000    0.957986   -0.207987 (VIOLATED)
_1188_/B                                0.750000    0.957986   -0.207987 (VIOLATED)
_1219_/C                                0.750000    0.957986   -0.207987 (VIOLATED)
_1272_/D                                0.750000    0.957986   -0.207987 (VIOLATED)
_1273_/B1                               0.750000    0.957986   -0.207987 (VIOLATED)
_1277_/A2                               0.750000    0.957986   -0.207987 (VIOLATED)
_1291_/C                                0.750000    0.957986   -0.207987 (VIOLATED)
_1292_/A2                               0.750000    0.957986   -0.207987 (VIOLATED)
fanout67/X                              0.750000    0.957986   -0.207987 (VIOLATED)
_0845_/A                                0.750000    0.942946   -0.192946 (VIOLATED)
_1409_/S                                0.750000    0.942945   -0.192945 (VIOLATED)
_0838_/A_N                              0.750000    0.942945   -0.192945 (VIOLATED)
_0861_/A                                0.750000    0.942945   -0.192945 (VIOLATED)
_0864_/A1                               0.750000    0.942945   -0.192945 (VIOLATED)
_0875_/A                                0.750000    0.942945   -0.192945 (VIOLATED)
_0888_/A                                0.750000    0.942945   -0.192945 (VIOLATED)
_1334_/A                                0.750000    0.942945   -0.192945 (VIOLATED)
_1335_/A                                0.750000    0.942945   -0.192945 (VIOLATED)
_1374_/A                                0.750000    0.942945   -0.192945 (VIOLATED)
fanout19/X                              0.750000    0.942945   -0.192945 (VIOLATED)
_0794_/A                                0.750000    0.893775   -0.143775 (VIOLATED)
_0902_/B                                0.750000    0.893775   -0.143775 (VIOLATED)
_0911_/A2                               0.750000    0.893775   -0.143775 (VIOLATED)
_0913_/B                                0.750000    0.893775   -0.143775 (VIOLATED)
_0914_/B                                0.750000    0.893775   -0.143775 (VIOLATED)
_0931_/A_N                              0.750000    0.893775   -0.143775 (VIOLATED)
_1128_/D                                0.750000    0.893775   -0.143775 (VIOLATED)
_1129_/B1                               0.750000    0.893775   -0.143775 (VIOLATED)
_1164_/C                                0.750000    0.893775   -0.143775 (VIOLATED)
_1165_/A2                               0.750000    0.893775   -0.143775 (VIOLATED)
fanout59/X                              0.750000    0.893775   -0.143775 (VIOLATED)
_0820_/B                                0.750000    0.880303   -0.130303 (VIOLATED)
_0821_/A2                               0.750000    0.880303   -0.130303 (VIOLATED)
_1128_/B                                0.750000    0.880303   -0.130303 (VIOLATED)
_1129_/A1                               0.750000    0.880303   -0.130303 (VIOLATED)
_1164_/B                                0.750000    0.880303   -0.130303 (VIOLATED)
_1165_/A1                               0.750000    0.880303   -0.130303 (VIOLATED)
_1195_/B                                0.750000    0.880303   -0.130303 (VIOLATED)
_1196_/A1                               0.750000    0.880303   -0.130303 (VIOLATED)
_1487_/A1                               0.750000    0.880303   -0.130303 (VIOLATED)
fanout55/A                              0.750000    0.880303   -0.130303 (VIOLATED)
fanout56/X                              0.750000    0.880303   -0.130303 (VIOLATED)
_1291_/A                                0.750000    0.873003   -0.123003 (VIOLATED)
_1272_/A                                0.750000    0.873002   -0.123002 (VIOLATED)
_1292_/B2                               0.750000    0.873002   -0.123002 (VIOLATED)
_1250_/A                                0.750000    0.873001   -0.123001 (VIOLATED)
_1273_/B2                               0.750000    0.873001   -0.123001 (VIOLATED)
_1251_/B2                               0.750000    0.873001   -0.123001 (VIOLATED)
_1226_/A                                0.750000    0.873001   -0.123001 (VIOLATED)
_1227_/A                                0.750000    0.873000   -0.123000 (VIOLATED)
_1228_/B2                               0.750000    0.873000   -0.123000 (VIOLATED)
_0820_/A                                0.750000    0.872993   -0.122993 (VIOLATED)
fanout53/X                              0.750000    0.872993   -0.122993 (VIOLATED)
_1250_/C                                0.750000    0.872970   -0.122970 (VIOLATED)
_1251_/A2                               0.750000    0.872970   -0.122970 (VIOLATED)
_1199_/A2                               0.750000    0.872969   -0.122969 (VIOLATED)
_1226_/D                                0.750000    0.872969   -0.122969 (VIOLATED)
_1227_/D                                0.750000    0.872969   -0.122969 (VIOLATED)
_1228_/B1                               0.750000    0.872969   -0.122969 (VIOLATED)
_1458_/A                                0.750000    0.872969   -0.122969 (VIOLATED)
fanout63/A                              0.750000    0.872969   -0.122969 (VIOLATED)
fanout64/X                              0.750000    0.872969   -0.122969 (VIOLATED)
_0899_/B                                0.750000    0.856270   -0.106270 (VIOLATED)
_0901_/A2                               0.750000    0.856270   -0.106270 (VIOLATED)
_0904_/B                                0.750000    0.856270   -0.106270 (VIOLATED)
_0905_/B                                0.750000    0.856270   -0.106270 (VIOLATED)
_0912_/A_N                              0.750000    0.856270   -0.106270 (VIOLATED)
_1038_/B1                               0.750000    0.856270   -0.106270 (VIOLATED)
_1164_/D                                0.750000    0.856270   -0.106270 (VIOLATED)
_1165_/B1                               0.750000    0.856270   -0.106270 (VIOLATED)
_1195_/C                                0.750000    0.856270   -0.106270 (VIOLATED)
_1196_/A2                               0.750000    0.856270   -0.106270 (VIOLATED)
fanout60/X                              0.750000    0.856270   -0.106270 (VIOLATED)
_0796_/A                                0.750000    0.846557   -0.096557 (VIOLATED)
_0806_/A1                               0.750000    0.846557   -0.096557 (VIOLATED)
_1572_/A                                0.750000    0.846557   -0.096557 (VIOLATED)
_1573_/B                                0.750000    0.846557   -0.096557 (VIOLATED)
_1574_/A                                0.750000    0.846557   -0.096557 (VIOLATED)
_1576_/B1                               0.750000    0.846557   -0.096557 (VIOLATED)
_1579_/C1                               0.750000    0.846557   -0.096557 (VIOLATED)
_1582_/B1                               0.750000    0.846557   -0.096557 (VIOLATED)
_1638_/D                                0.750000    0.846557   -0.096557 (VIOLATED)
fanout42/A                              0.750000    0.846557   -0.096557 (VIOLATED)
fanout43/X                              0.750000    0.846557   -0.096557 (VIOLATED)
_0896_/A_N                              0.750000    0.828834   -0.078834 (VIOLATED)
_0993_/B                                0.750000    0.828834   -0.078834 (VIOLATED)
_0994_/B                                0.750000    0.828834   -0.078834 (VIOLATED)
_1032_/B                                0.750000    0.828834   -0.078834 (VIOLATED)
_1034_/A2                               0.750000    0.828834   -0.078834 (VIOLATED)
_1118_/D                                0.750000    0.828834   -0.078834 (VIOLATED)
_1119_/B1                               0.750000    0.828834   -0.078834 (VIOLATED)
_1154_/C                                0.750000    0.828834   -0.078834 (VIOLATED)
_1155_/A2                               0.750000    0.828834   -0.078834 (VIOLATED)
_1187_/B                                0.750000    0.828834   -0.078834 (VIOLATED)
fanout63/X                              0.750000    0.828834   -0.078834 (VIOLATED)
_0815_/A                                0.750000    0.821010   -0.071010 (VIOLATED)
_0817_/A1                               0.750000    0.821010   -0.071010 (VIOLATED)
_1001_/A                                0.750000    0.821010   -0.071010 (VIOLATED)
_1038_/B2                               0.750000    0.821010   -0.071010 (VIOLATED)
_1078_/A                                0.750000    0.821010   -0.071010 (VIOLATED)
_1079_/A                                0.750000    0.821010   -0.071010 (VIOLATED)
_1118_/A                                0.750000    0.821010   -0.071010 (VIOLATED)
_1155_/B2                               0.750000    0.821010   -0.071010 (VIOLATED)
_1189_/A                                0.750000    0.821010   -0.071010 (VIOLATED)
_1190_/B2                               0.750000    0.821010   -0.071010 (VIOLATED)
fanout48/X                              0.750000    0.821010   -0.071010 (VIOLATED)
_0814_/A                                0.750000    0.820908   -0.070908 (VIOLATED)
_0815_/B                                0.750000    0.820908   -0.070908 (VIOLATED)
_0817_/A2                               0.750000    0.820908   -0.070908 (VIOLATED)
_1038_/A1                               0.750000    0.820908   -0.070908 (VIOLATED)
_1039_/A                                0.750000    0.820908   -0.070908 (VIOLATED)
_1078_/B                                0.750000    0.820908   -0.070908 (VIOLATED)
_1154_/B                                0.750000    0.820908   -0.070908 (VIOLATED)
_1155_/A1                               0.750000    0.820908   -0.070908 (VIOLATED)
_1189_/B                                0.750000    0.820908   -0.070908 (VIOLATED)
_1190_/A1                               0.750000    0.820908   -0.070908 (VIOLATED)
fanout50/X                              0.750000    0.820908   -0.070908 (VIOLATED)
_1226_/B                                0.750000    0.811930   -0.061930 (VIOLATED)
_1227_/B                                0.750000    0.811930   -0.061930 (VIOLATED)
_1228_/A1                               0.750000    0.811930   -0.061930 (VIOLATED)
_1250_/B                                0.750000    0.811930   -0.061930 (VIOLATED)
_1251_/A1                               0.750000    0.811930   -0.061930 (VIOLATED)
_1272_/B                                0.750000    0.811930   -0.061930 (VIOLATED)
_1273_/A1                               0.750000    0.811930   -0.061930 (VIOLATED)
_1291_/B                                0.750000    0.811930   -0.061930 (VIOLATED)
_1292_/A1                               0.750000    0.811930   -0.061930 (VIOLATED)
_1301_/B                                0.750000    0.811930   -0.061930 (VIOLATED)
fanout55/X                              0.750000    0.811930   -0.061930 (VIOLATED)
_1118_/B                                0.750000    0.806467   -0.056467 (VIOLATED)
_1119_/A1                               0.750000    0.806467   -0.056467 (VIOLATED)
_1188_/A                                0.750000    0.806467   -0.056467 (VIOLATED)
_1219_/B                                0.750000    0.806467   -0.056467 (VIOLATED)
_1277_/B2                               0.750000    0.806467   -0.056467 (VIOLATED)
_1476_/A                                0.750000    0.806467   -0.056467 (VIOLATED)
fanout50/A                              0.750000    0.806467   -0.056467 (VIOLATED)
fanout51/X                              0.750000    0.806467   -0.056467 (VIOLATED)
_0897_/B                                0.750000    0.777070   -0.027070 (VIOLATED)
_0898_/B                                0.750000    0.777070   -0.027070 (VIOLATED)
_0903_/A_N                              0.750000    0.777070   -0.027070 (VIOLATED)
_0995_/B                                0.750000    0.777070   -0.027070 (VIOLATED)
_0997_/A2                               0.750000    0.777070   -0.027070 (VIOLATED)
_1078_/D                                0.750000    0.777070   -0.027070 (VIOLATED)
_1079_/B                                0.750000    0.777070   -0.027070 (VIOLATED)
_1118_/C                                0.750000    0.777070   -0.027070 (VIOLATED)
_1119_/A2                               0.750000    0.777070   -0.027070 (VIOLATED)
_1153_/B                                0.750000    0.777070   -0.027070 (VIOLATED)
fanout61/X                              0.750000    0.777070   -0.027070 (VIOLATED)
_0832_/A                                0.750000    0.777052   -0.027052 (VIOLATED)
_0833_/A                                0.750000    0.777052   -0.027052 (VIOLATED)
_0899_/A                                0.750000    0.777052   -0.027052 (VIOLATED)
_0901_/A1                               0.750000    0.777052   -0.027052 (VIOLATED)
_0902_/A                                0.750000    0.777052   -0.027052 (VIOLATED)
_0911_/A1                               0.750000    0.777052   -0.027052 (VIOLATED)
_0995_/A                                0.750000    0.777052   -0.027052 (VIOLATED)
_0997_/A1                               0.750000    0.777052   -0.027052 (VIOLATED)
_1032_/A                                0.750000    0.777052   -0.027052 (VIOLATED)
_1034_/A1                               0.750000    0.777052   -0.027052 (VIOLATED)
fanout46/X                              0.750000    0.777052   -0.027052 (VIOLATED)



===========================================================================
report_parasitic_annotation -report_unannotated
============================================================================
Found 26 unannotated drivers.
 ena
 uio_in[4]
 uio_in[5]
 uio_in[6]
 uio_in[7]
 clkload0/X
 clkload1/X
 clkload2/X
 clkload3/X
 clkload4/X
 clkload5/X
 clkload6/X
 tt_um_arnav_mac8_fused/HI
 tt_um_arnav_mac8_fused_69/HI
 tt_um_arnav_mac8_fused_70/HI
 tt_um_arnav_mac8_fused_71/HI
 tt_um_arnav_mac8_fused_72/HI
 tt_um_arnav_mac8_fused_73/HI
 tt_um_arnav_mac8_fused_74/HI
 tt_um_arnav_mac8_fused_75/HI
 tt_um_arnav_mac8_fused_76/HI
 tt_um_arnav_mac8_fused_77/HI
 tt_um_arnav_mac8_fused_78/LO
 tt_um_arnav_mac8_fused_79/LO
 tt_um_arnav_mac8_fused_80/LO
 tt_um_arnav_mac8_fused_81/LO
Found 0 partially unannotated drivers.

===========================================================================
max slew violation count 226
max fanout violation count 0
max cap violation count 0
============================================================================

===========================================================================
check_setup -verbose -unconstrained_endpoints -multiple_clock -no_clock -no_input_delay -loops -generated_clocks
===========================================================================
