
===========================================================================
report_checks -unconstrained
===========================================================================
======================= max_ss_100C_1v60 Corner ===================================

Startpoint: _1595_ (rising edge-triggered flip-flop clocked by clk)
Endpoint: _1622_ (rising edge-triggered flip-flop clocked by clk)
Path Group: clk
Path Type: max

Fanout         Cap        Slew       Delay        Time   Description
---------------------------------------------------------------------------------------------
                                  0.000000    0.000000   clock clk (rise edge)
                                  0.000000    0.000000   clock source latency
     1    0.021561    0.160873    0.110352    0.110352 ^ clk (in)
                                                         clk (net)
                      0.160888    0.000000    0.110352 ^ clkbuf_0_clk/A (sky130_fd_sc_hd__clkbuf_16)
     8    0.086373    0.157612    0.339655    0.450006 ^ clkbuf_0_clk/X (sky130_fd_sc_hd__clkbuf_16)
                                                         clknet_0_clk (net)
                      0.158121    0.006480    0.456486 ^ clkbuf_3_6__f_clk/A (sky130_fd_sc_hd__clkbuf_16)
     8    0.024292    0.072747    0.267406    0.723892 ^ clkbuf_3_6__f_clk/X (sky130_fd_sc_hd__clkbuf_16)
                                                         clknet_3_6__leaf_clk (net)
                      0.072874    0.001741    0.725633 ^ _1595_/CLK (sky130_fd_sc_hd__dfxtp_2)
     1    0.002556    0.038641    0.593685    1.319318 v _1595_/Q (sky130_fd_sc_hd__dfxtp_2)
                                                         u_dp.b_q[3] (net)
                      0.038641    0.000186    1.319504 v fanout51/A (sky130_fd_sc_hd__clkdlybuf4s25_1)
     7    0.053134    0.707657    0.929116    2.248620 v fanout51/X (sky130_fd_sc_hd__clkdlybuf4s25_1)
                                                         net51 (net)
                      0.707664    0.003325    2.251945 v fanout50/A (sky130_fd_sc_hd__clkdlybuf4s25_1)
    10    0.044961    0.602873    1.092475    3.344420 v fanout50/X (sky130_fd_sc_hd__clkdlybuf4s25_1)
                                                         net50 (net)
                      0.602905    0.004722    3.349142 v _0808_/B (sky130_fd_sc_hd__and3_2)
     3    0.009292    0.100171    0.712611    4.061753 v _0808_/X (sky130_fd_sc_hd__and3_2)
                                                         _0078_ (net)
                      0.100171    0.000580    4.062333 v _0811_/A (sky130_fd_sc_hd__or3_2)
     2    0.004022    0.168789    1.119173    5.181506 v _0811_/X (sky130_fd_sc_hd__or3_2)
                                                         _0081_ (net)
                      0.168789    0.000252    5.181758 v _0812_/B (sky130_fd_sc_hd__and2b_2)
     1    0.004044    0.074892    0.455470    5.637228 v _0812_/X (sky130_fd_sc_hd__and2b_2)
                                                         _0082_ (net)
                      0.074892    0.000306    5.637534 v fanout22/A (sky130_fd_sc_hd__clkdlybuf4s25_1)
     9    0.065096    0.862594    1.058114    6.695647 v fanout22/X (sky130_fd_sc_hd__clkdlybuf4s25_1)
                                                         net22 (net)
                      0.862667    0.008106    6.703754 v fanout21/A (sky130_fd_sc_hd__clkdlybuf4s25_1)
     7    0.055850    0.743863    1.224684    7.928438 v fanout21/X (sky130_fd_sc_hd__clkdlybuf4s25_1)
                                                         net21 (net)
                      0.743931    0.007256    7.935694 v fanout20/A (sky130_fd_sc_hd__clkdlybuf4s25_1)
    10    0.071163    0.941427    1.348227    9.283921 v fanout20/X (sky130_fd_sc_hd__clkdlybuf4s25_1)
                                                         net20 (net)
                      0.941440    0.004664    9.288586 v _0890_/A (sky130_fd_sc_hd__xor2_2)
     2    0.007227    0.209391    0.613877    9.902462 v _0890_/X (sky130_fd_sc_hd__xor2_2)
                                                         _0160_ (net)
                      0.209391    0.000370    9.902833 v _0893_/B (sky130_fd_sc_hd__or2_2)
     1    0.001869    0.104882    0.656712   10.559545 v _0893_/X (sky130_fd_sc_hd__or2_2)
                                                         _0163_ (net)
                      0.104882    0.000124   10.559669 v _0894_/B (sky130_fd_sc_hd__and2_2)
     3    0.020989    0.142634    0.504816   11.064485 v _0894_/X (sky130_fd_sc_hd__and2_2)
                                                         _0164_ (net)
                      0.142636    0.000807   11.065292 v _0895_/B (sky130_fd_sc_hd__nor2_2)
     2    0.015970    0.312330    0.312070   11.377362 ^ _0895_/Y (sky130_fd_sc_hd__nor2_2)
                                                         _0165_ (net)
                      0.312330    0.000234   11.377596 ^ _0896_/B (sky130_fd_sc_hd__xor2_2)
     2    0.014084    0.324313    0.428201   11.805797 ^ _0896_/X (sky130_fd_sc_hd__xor2_2)
                                                         _0166_ (net)
                      0.324313    0.000995   11.806791 ^ _0901_/B (sky130_fd_sc_hd__xnor2_2)
     2    0.006547    0.127134    0.211424   12.018215 v _0901_/Y (sky130_fd_sc_hd__xnor2_2)
                                                         _0171_ (net)
                      0.127134    0.000218   12.018434 v _0983_/A (sky130_fd_sc_hd__and2_2)
     1    0.005044    0.080771    0.390038   12.408472 v _0983_/X (sky130_fd_sc_hd__and2_2)
                                                         _0253_ (net)
                      0.080771    0.000361   12.408834 v _0984_/B (sky130_fd_sc_hd__nor2_2)
     2    0.015990    0.312922    0.286951   12.695785 ^ _0984_/Y (sky130_fd_sc_hd__nor2_2)
                                                         _0254_ (net)
                      0.312926    0.000934   12.696719 ^ _0985_/B (sky130_fd_sc_hd__xor2_2)
     2    0.015298    0.344717    0.443873   13.140592 ^ _0985_/X (sky130_fd_sc_hd__xor2_2)
                                                         _0255_ (net)
                      0.344717    0.000705   13.141297 ^ _0992_/A (sky130_fd_sc_hd__nand2_2)
     2    0.004984    0.104131    0.178279   13.319576 v _0992_/Y (sky130_fd_sc_hd__nand2_2)
                                                         _0262_ (net)
                      0.104131    0.000260   13.319837 v _0994_/A_N (sky130_fd_sc_hd__nand2b_2)
     1    0.002824    0.078091    0.355580   13.675416 v _0994_/Y (sky130_fd_sc_hd__nand2b_2)
                                                         _0264_ (net)
                      0.078091    0.000195   13.675611 v _1388_/A1 (sky130_fd_sc_hd__o221a_2)
     4    0.017969    0.159533    0.630249   14.305860 v _1388_/X (sky130_fd_sc_hd__o221a_2)
                                                         _0658_ (net)
                      0.159556    0.001762   14.307622 v _1393_/A2 (sky130_fd_sc_hd__o31ai_2)
     3    0.011366    0.475492    0.547058   14.854680 ^ _1393_/Y (sky130_fd_sc_hd__o31ai_2)
                                                         _0663_ (net)
                      0.475492    0.001057   14.855737 ^ _1394_/B (sky130_fd_sc_hd__nand2_2)
     2    0.008479    0.125122    0.252713   15.108450 v _1394_/Y (sky130_fd_sc_hd__nand2_2)
                                                         _0664_ (net)
                      0.125122    0.000551   15.109001 v _1405_/A2 (sky130_fd_sc_hd__o211ai_2)
     5    0.031427    0.640812    0.588782   15.697783 ^ _1405_/Y (sky130_fd_sc_hd__o211ai_2)
                                                         _0675_ (net)
                      0.640817    0.001483   15.699266 ^ _1473_/A1 (sky130_fd_sc_hd__a21bo_2)
     1    0.004378    0.073962    0.467539   16.166805 ^ _1473_/X (sky130_fd_sc_hd__a21bo_2)
                                                         _0718_ (net)
                      0.073962    0.000190   16.166996 ^ fanout16/A (sky130_fd_sc_hd__clkdlybuf4s25_1)
     5    0.028829    0.469399    0.752038   16.919033 ^ fanout16/X (sky130_fd_sc_hd__clkdlybuf4s25_1)
                                                         net16 (net)
                      0.469399    0.000826   16.919859 ^ fanout14/A (sky130_fd_sc_hd__clkdlybuf4s25_1)
    10    0.046919    0.752117    1.106082   18.025942 ^ fanout14/X (sky130_fd_sc_hd__clkdlybuf4s25_1)
                                                         net14 (net)
                      0.752119    0.002805   18.028748 ^ _1558_/B1 (sky130_fd_sc_hd__a31o_2)
     1    0.004180    0.083321    0.413440   18.442186 ^ _1558_/X (sky130_fd_sc_hd__a31o_2)
                                                         _0781_ (net)
                      0.083321    0.000272   18.442459 ^ _1559_/C1 (sky130_fd_sc_hd__o211a_2)
     1    0.001908    0.072789    0.334053   18.776512 ^ _1559_/X (sky130_fd_sc_hd__o211a_2)
                                                         _0050_ (net)
                      0.072789    0.000091   18.776602 ^ _1622_/D (sky130_fd_sc_hd__dfxtp_2)
                                             18.776602   data arrival time

                                 20.000000   20.000000   clock clk (rise edge)
                                  0.000000   20.000000   clock source latency
     1    0.021561    0.160873    0.110351   20.110352 ^ clk (in)
                                                         clk (net)
                      0.160888    0.000000   20.110352 ^ clkbuf_0_clk/A (sky130_fd_sc_hd__clkbuf_16)
     8    0.086373    0.157612    0.339655   20.450006 ^ clkbuf_0_clk/X (sky130_fd_sc_hd__clkbuf_16)
                                                         clknet_0_clk (net)
                      0.158031    0.005755   20.455763 ^ clkbuf_3_0__f_clk/A (sky130_fd_sc_hd__clkbuf_16)
     8    0.023747    0.072077    0.266674   20.722435 ^ clkbuf_3_0__f_clk/X (sky130_fd_sc_hd__clkbuf_16)
                                                         clknet_3_0__leaf_clk (net)
                      0.072128    0.001307   20.723743 ^ _1622_/CLK (sky130_fd_sc_hd__dfxtp_2)
                                 -0.250000   20.473743   clock uncertainty
                                  0.000000   20.473743   clock reconvergence pessimism
                                 -0.141411   20.332335   library setup time
                                             20.332335   data required time
---------------------------------------------------------------------------------------------
                                             20.332335   data required time
                                            -18.776602   data arrival time
---------------------------------------------------------------------------------------------
                                              1.555732   slack (MET)




===========================================================================
report_checks --slack_max -0.01
============================================================================
======================= max_ss_100C_1v60 Corner ===================================

No paths found.


===========================================================================
 report_check_types -max_slew -max_cap -max_fanout -violators
============================================================================
======================= max_ss_100C_1v60 Corner ===================================

max slew

Pin                                        Limit        Slew       Slack
------------------------------------------------------------------------
_1267_/A                                0.750000    1.207281   -0.457281 (VIOLATED)
_1291_/A                                0.750000    1.207281   -0.457281 (VIOLATED)
_1325_/A1                               0.750000    1.207281   -0.457281 (VIOLATED)
_1183_/A                                0.750000    1.207279   -0.457279 (VIOLATED)
_0809_/A                                0.750000    1.207278   -0.457279 (VIOLATED)
_1076_/A1                               0.750000    1.207278   -0.457278 (VIOLATED)
_1113_/A1                               0.750000    1.207278   -0.457278 (VIOLATED)
_1139_/A                                0.750000    1.207278   -0.457278 (VIOLATED)
_1149_/A1                               0.750000    1.207278   -0.457278 (VIOLATED)
_1175_/A                                0.750000    1.207278   -0.457278 (VIOLATED)
fanout52/X                              0.750000    1.207278   -0.457278 (VIOLATED)
_1321_/A2                               0.750000    1.201982   -0.451982 (VIOLATED)
_1320_/C                                0.750000    1.201981   -0.451981 (VIOLATED)
_1299_/B1                               0.750000    1.201974   -0.451974 (VIOLATED)
_1298_/D                                0.750000    1.201970   -0.451970 (VIOLATED)
_1267_/B                                0.750000    1.201945   -0.451945 (VIOLATED)
_1185_/C                                0.750000    1.201926   -0.451926 (VIOLATED)
_1132_/B                                0.750000    1.201853   -0.451853 (VIOLATED)
_1094_/B                                0.750000    1.201841   -0.451841 (VIOLATED)
_1057_/A_N                              0.750000    1.201840   -0.451840 (VIOLATED)
_1095_/B                                0.750000    1.201840   -0.451840 (VIOLATED)
fanout65/X                              0.750000    1.201823   -0.451823 (VIOLATED)
_0874_/A                                0.750000    1.201759   -0.451759 (VIOLATED)
_0892_/A1                               0.750000    1.201754   -0.451754 (VIOLATED)
_0876_/A1                               0.750000    1.201753   -0.451753 (VIOLATED)
_0890_/A                                0.750000    1.201753   -0.451753 (VIOLATED)
_0861_/A                                0.750000    1.201749   -0.451749 (VIOLATED)
_0863_/A1                               0.750000    1.201748   -0.451748 (VIOLATED)
_0818_/A                                0.750000    1.201746   -0.451746 (VIOLATED)
_0820_/A1                               0.750000    1.201746   -0.451746 (VIOLATED)
_0836_/A                                0.750000    1.201746   -0.451746 (VIOLATED)
_0837_/A                                0.750000    1.201746   -0.451746 (VIOLATED)
fanout20/X                              0.750000    1.201746   -0.451746 (VIOLATED)
_1339_/C                                0.750000    1.181997   -0.431997 (VIOLATED)
_1321_/B1                               0.750000    1.181996   -0.431996 (VIOLATED)
_1320_/D                                0.750000    1.181995   -0.431995 (VIOLATED)
_1340_/A2                               0.750000    1.181989   -0.431989 (VIOLATED)
_1325_/A2                               0.750000    1.181970   -0.431970 (VIOLATED)
_1184_/B                                0.750000    1.181951   -0.431951 (VIOLATED)
_1266_/C                                0.750000    1.181947   -0.431947 (VIOLATED)
_1185_/D                                0.750000    1.181887   -0.431887 (VIOLATED)
_1093_/A_N                              0.750000    1.181727   -0.431727 (VIOLATED)
_1130_/B                                0.750000    1.181725   -0.431725 (VIOLATED)
fanout67/X                              0.750000    1.181395   -0.431395 (VIOLATED)
_1298_/C                                0.750000    1.138049   -0.388049 (VIOLATED)
_1299_/A2                               0.750000    1.138042   -0.388042 (VIOLATED)
_1275_/B1                               0.750000    1.138023   -0.388023 (VIOLATED)
_1274_/D                                0.750000    1.138022   -0.388022 (VIOLATED)
_1273_/D                                0.750000    1.138019   -0.388019 (VIOLATED)
_1183_/B                                0.750000    1.137993   -0.387993 (VIOLATED)
_1196_/A2                               0.750000    1.137990   -0.387991 (VIOLATED)
_1059_/B                                0.750000    1.137749   -0.387749 (VIOLATED)
_1058_/B                                0.750000    1.137715   -0.387716 (VIOLATED)
_1028_/A_N                              0.750000    1.137704   -0.387704 (VIOLATED)
fanout63/X                              0.750000    1.137690   -0.387690 (VIOLATED)
_1265_/B                                0.750000    1.097080   -0.347080 (VIOLATED)
_1291_/B                                0.750000    1.097077   -0.347077 (VIOLATED)
_1266_/D                                0.750000    1.097074   -0.347074 (VIOLATED)
_1325_/B1                               0.750000    1.097072   -0.347072 (VIOLATED)
_1340_/B1                               0.750000    1.097067   -0.347067 (VIOLATED)
_1339_/D                                0.750000    1.097066   -0.347066 (VIOLATED)
_1348_/C                                0.750000    1.097038   -0.347038 (VIOLATED)
_1474_/A2                               0.750000    1.097031   -0.347031 (VIOLATED)
_1129_/A_N                              0.750000    1.097025   -0.347025 (VIOLATED)
_1171_/B                                0.750000    1.097023   -0.347023 (VIOLATED)
fanout68/X                              0.750000    1.097023   -0.347023 (VIOLATED)
_0946_/A                                0.750000    1.091489   -0.341489 (VIOLATED)
fanout21/A                              0.750000    1.091489   -0.341489 (VIOLATED)
_0945_/A                                0.750000    1.091481   -0.341481 (VIOLATED)
_0939_/A                                0.750000    1.091474   -0.341474 (VIOLATED)
_0940_/A                                0.750000    1.091460   -0.341460 (VIOLATED)
_1011_/A                                0.750000    1.091447   -0.341447 (VIOLATED)
_1010_/A                                0.750000    1.091438   -0.341438 (VIOLATED)
_1043_/A                                0.750000    1.091129   -0.341129 (VIOLATED)
_1044_/A                                0.750000    1.091128   -0.341128 (VIOLATED)
fanout22/X                              0.750000    1.091127   -0.341127 (VIOLATED)
_0834_/B1                               0.750000    1.055007   -0.305007 (VIOLATED)
_1396_/B1                               0.750000    1.055007   -0.305007 (VIOLATED)
_0817_/B1                               0.750000    1.054987   -0.304987 (VIOLATED)
_0846_/B1                               0.750000    1.054966   -0.304966 (VIOLATED)
_0860_/B1                               0.750000    1.054950   -0.304950 (VIOLATED)
_0873_/B1                               0.750000    1.054924   -0.304924 (VIOLATED)
_0889_/B1                               0.750000    1.054910   -0.304910 (VIOLATED)
_0903_/B1                               0.750000    1.054886   -0.304886 (VIOLATED)
_0937_/B1                               0.750000    1.054814   -0.304814 (VIOLATED)
_0815_/A                                0.750000    1.054716   -0.304715 (VIOLATED)
fanout37/X                              0.750000    1.054716   -0.304715 (VIOLATED)
_0996_/B                                0.750000    0.952754   -0.202754 (VIOLATED)
_0918_/A_N                              0.750000    0.952753   -0.202753 (VIOLATED)
_0997_/B                                0.750000    0.952750   -0.202750 (VIOLATED)
_1033_/A2                               0.750000    0.952741   -0.202741 (VIOLATED)
_1031_/B                                0.750000    0.952733   -0.202733 (VIOLATED)
_1102_/B1                               0.750000    0.952395   -0.202395 (VIOLATED)
_1198_/B1                               0.750000    0.952339   -0.202339 (VIOLATED)
_1192_/C                                0.750000    0.952332   -0.202332 (VIOLATED)
_1193_/A2                               0.750000    0.952332   -0.202332 (VIOLATED)
_1197_/D                                0.750000    0.952332   -0.202332 (VIOLATED)
fanout60/X                              0.750000    0.952332   -0.202332 (VIOLATED)
_0847_/A                                0.750000    0.939685   -0.189685 (VIOLATED)
fanout20/A                              0.750000    0.939684   -0.189684 (VIOLATED)
_0849_/A1                               0.750000    0.939679   -0.189679 (VIOLATED)
_0906_/A1                               0.750000    0.939652   -0.189652 (VIOLATED)
_0904_/A                                0.750000    0.939645   -0.189645 (VIOLATED)
_0961_/A                                0.750000    0.939637   -0.189638 (VIOLATED)
_0960_/A                                0.750000    0.939636   -0.189636 (VIOLATED)
fanout21/X                              0.750000    0.939631   -0.189631 (VIOLATED)
_1313_/A                                0.750000    0.929123   -0.179123 (VIOLATED)
_1365_/A1                               0.750000    0.929120   -0.179120 (VIOLATED)
_0788_/A                                0.750000    0.929114   -0.179114 (VIOLATED)
_0923_/B                                0.750000    0.929112   -0.179112 (VIOLATED)
_0918_/B                                0.750000    0.929110   -0.179110 (VIOLATED)
_0995_/B                                0.750000    0.929105   -0.179105 (VIOLATED)
_1028_/B                                0.750000    0.929100   -0.179100 (VIOLATED)
_1129_/B                                0.750000    0.929093   -0.179093 (VIOLATED)
_1057_/B                                0.750000    0.929092   -0.179092 (VIOLATED)
_1093_/B                                0.750000    0.929089   -0.179089 (VIOLATED)
fanout43/X                              0.750000    0.929089   -0.179089 (VIOLATED)
_1567_/B1                               0.750000    0.898902   -0.148902 (VIOLATED)
_1563_/A                                0.750000    0.898899   -0.148899 (VIOLATED)
_1627_/D                                0.750000    0.898896   -0.148897 (VIOLATED)
_1565_/A                                0.750000    0.898889   -0.148889 (VIOLATED)
_1564_/B                                0.750000    0.898884   -0.148884 (VIOLATED)
_1573_/B1                               0.750000    0.898872   -0.148872 (VIOLATED)
_1570_/C1                               0.750000    0.898867   -0.148867 (VIOLATED)
_0791_/A                                0.750000    0.898841   -0.148841 (VIOLATED)
_0803_/A                                0.750000    0.898813   -0.148813 (VIOLATED)
fanout41/A                              0.750000    0.898658   -0.148658 (VIOLATED)
fanout42/X                              0.750000    0.898379   -0.148379 (VIOLATED)
_1339_/B                                0.750000    0.891322   -0.141322 (VIOLATED)
_1321_/A1                               0.750000    0.891319   -0.141319 (VIOLATED)
_1320_/B                                0.750000    0.891318   -0.141318 (VIOLATED)
_1340_/A1                               0.750000    0.891311   -0.141311 (VIOLATED)
_1298_/B                                0.750000    0.891310   -0.141310 (VIOLATED)
_1299_/A1                               0.750000    0.891302   -0.141302 (VIOLATED)
_1274_/B                                0.750000    0.891268   -0.141268 (VIOLATED)
_1275_/A1                               0.750000    0.891266   -0.141266 (VIOLATED)
_1273_/B                                0.750000    0.891248   -0.141248 (VIOLATED)
_1192_/B                                0.750000    0.891217   -0.141217 (VIOLATED)
fanout55/X                              0.750000    0.891217   -0.141217 (VIOLATED)
_1339_/A                                0.750000    0.879259   -0.129259 (VIOLATED)
_1321_/B2                               0.750000    0.879256   -0.129256 (VIOLATED)
_1340_/B2                               0.750000    0.879252   -0.129252 (VIOLATED)
_1320_/A                                0.750000    0.879250   -0.129250 (VIOLATED)
_1298_/A                                0.750000    0.879248   -0.129248 (VIOLATED)
_1299_/B2                               0.750000    0.879245   -0.129245 (VIOLATED)
_1275_/B2                               0.750000    0.879213   -0.129213 (VIOLATED)
_1274_/A                                0.750000    0.879210   -0.129210 (VIOLATED)
_1273_/A                                0.750000    0.879209   -0.129209 (VIOLATED)
_1192_/A                                0.750000    0.879203   -0.129203 (VIOLATED)
fanout53/X                              0.750000    0.879203   -0.129203 (VIOLATED)
_1184_/A                                0.750000    0.863656   -0.113656 (VIOLATED)
_1266_/B                                0.750000    0.863653   -0.113653 (VIOLATED)
_1325_/B2                               0.750000    0.863651   -0.113651 (VIOLATED)
_1186_/A1                               0.750000    0.863646   -0.113646 (VIOLATED)
_1185_/B                                0.750000    0.863644   -0.113644 (VIOLATED)
fanout50/A                              0.750000    0.863636   -0.113637 (VIOLATED)
_1463_/A                                0.750000    0.863633   -0.113633 (VIOLATED)
fanout51/X                              0.750000    0.863633   -0.113633 (VIOLATED)
_1348_/B                                0.750000    0.847093   -0.097093 (VIOLATED)
_1474_/A1                               0.750000    0.847088   -0.097088 (VIOLATED)
_1193_/A1                               0.750000    0.847076   -0.097076 (VIOLATED)
fanout55/A                              0.750000    0.847074   -0.097074 (VIOLATED)
_1197_/B                                0.750000    0.847059   -0.097060 (VIOLATED)
_1198_/A1                               0.750000    0.847055   -0.097055 (VIOLATED)
_1221_/A1                               0.750000    0.847043   -0.097043 (VIOLATED)
_0813_/B                                0.750000    0.847043   -0.097043 (VIOLATED)
_0814_/A2                               0.750000    0.847043   -0.097043 (VIOLATED)
_1220_/B                                0.750000    0.847043   -0.097043 (VIOLATED)
fanout56/X                              0.750000    0.847043   -0.097043 (VIOLATED)
_1536_/A2                               0.750000    0.830293   -0.080293 (VIOLATED)
_1540_/A2                               0.750000    0.830291   -0.080291 (VIOLATED)
_1533_/A2                               0.750000    0.830286   -0.080286 (VIOLATED)
fanout27/A                              0.750000    0.830282   -0.080282 (VIOLATED)
_1499_/A2                               0.750000    0.830271   -0.080271 (VIOLATED)
_1496_/A2                               0.750000    0.830243   -0.080243 (VIOLATED)
_1486_/A2                               0.750000    0.830228   -0.080228 (VIOLATED)
_1489_/A2                               0.750000    0.830227   -0.080227 (VIOLATED)
_0803_/B                                0.750000    0.830226   -0.080226 (VIOLATED)
_1493_/A2                               0.750000    0.830226   -0.080226 (VIOLATED)
fanout28/X                              0.750000    0.830226   -0.080226 (VIOLATED)
_0919_/B                                0.750000    0.821090   -0.071090 (VIOLATED)
_1000_/A2                               0.750000    0.821088   -0.071088 (VIOLATED)
_0920_/B                                0.750000    0.821083   -0.071083 (VIOLATED)
_0998_/B                                0.750000    0.821082   -0.071082 (VIOLATED)
_0923_/A_N                              0.750000    0.821069   -0.071069 (VIOLATED)
_1066_/B                                0.750000    0.821065   -0.071065 (VIOLATED)
_1102_/A2                               0.750000    0.821063   -0.071063 (VIOLATED)
_1149_/A2                               0.750000    0.821057   -0.071057 (VIOLATED)
_1139_/B                                0.750000    0.821056   -0.071056 (VIOLATED)
_0789_/A                                0.750000    0.821039   -0.071039 (VIOLATED)
fanout59/X                              0.750000    0.821037   -0.071037 (VIOLATED)
_1274_/C                                0.750000    0.804061   -0.054061 (VIOLATED)
_1275_/A2                               0.750000    0.804061   -0.054061 (VIOLATED)
_1273_/C                                0.750000    0.804060   -0.054060 (VIOLATED)
_1192_/D                                0.750000    0.804059   -0.054059 (VIOLATED)
_1193_/B1                               0.750000    0.804057   -0.054057 (VIOLATED)
fanout61/A                              0.750000    0.804048   -0.054048 (VIOLATED)
_1448_/A1                               0.750000    0.804033   -0.054033 (VIOLATED)
fanout62/X                              0.750000    0.804033   -0.054033 (VIOLATED)
_0827_/A                                0.750000    0.802815   -0.052815 (VIOLATED)
_0826_/A                                0.750000    0.802814   -0.052814 (VIOLATED)
_1000_/A1                               0.750000    0.802812   -0.052812 (VIOLATED)
_0998_/A                                0.750000    0.802810   -0.052810 (VIOLATED)
_1033_/A1                               0.750000    0.802801   -0.052801 (VIOLATED)
_1031_/A                                0.750000    0.802797   -0.052797 (VIOLATED)
_1062_/A1                               0.750000    0.802793   -0.052793 (VIOLATED)
_1060_/A                                0.750000    0.802792   -0.052792 (VIOLATED)
_1096_/A                                0.750000    0.802780   -0.052780 (VIOLATED)
_1098_/A1                               0.750000    0.802776   -0.052776 (VIOLATED)
fanout46/X                              0.750000    0.802776   -0.052776 (VIOLATED)
_1029_/B                                0.750000    0.792521   -0.042521 (VIOLATED)
_0995_/A_N                              0.750000    0.792520   -0.042520 (VIOLATED)
_1030_/B                                0.750000    0.792518   -0.042518 (VIOLATED)
_1062_/A2                               0.750000    0.792518   -0.042518 (VIOLATED)
_1060_/B                                0.750000    0.792515   -0.042515 (VIOLATED)
_1141_/B                                0.750000    0.792507   -0.042507 (VIOLATED)
_1140_/D                                0.750000    0.792506   -0.042506 (VIOLATED)
_1210_/C                                0.750000    0.792505   -0.042505 (VIOLATED)
_1175_/B                                0.750000    0.792505   -0.042505 (VIOLATED)
_1211_/A2                               0.750000    0.792505   -0.042505 (VIOLATED)
fanout61/X                              0.750000    0.792505   -0.042505 (VIOLATED)
_0825_/A                                0.750000    0.783672   -0.033672 (VIOLATED)
_0931_/A                                0.750000    0.783672   -0.033672 (VIOLATED)
_0920_/A                                0.750000    0.783663   -0.033663 (VIOLATED)
_0919_/A                                0.750000    0.783660   -0.033660 (VIOLATED)
_0996_/A                                0.750000    0.783652   -0.033652 (VIOLATED)
_0997_/A                                0.750000    0.783645   -0.033645 (VIOLATED)
_1029_/A                                0.750000    0.783638   -0.033638 (VIOLATED)
_1030_/A                                0.750000    0.783634   -0.033634 (VIOLATED)
_1058_/A                                0.750000    0.783633   -0.033633 (VIOLATED)
_1059_/A                                0.750000    0.783633   -0.033633 (VIOLATED)
fanout44/X                              0.750000    0.783633   -0.033633 (VIOLATED)
_1524_/B1                               0.750000    0.752129   -0.002129 (VIOLATED)
_1528_/B1                               0.750000    0.752127   -0.002127 (VIOLATED)
_1532_/B1                               0.750000    0.752127   -0.002127 (VIOLATED)
_1510_/B1                               0.750000    0.752126   -0.002126 (VIOLATED)
_1520_/B1                               0.750000    0.752125   -0.002125 (VIOLATED)
_1544_/B1                               0.750000    0.752124   -0.002124 (VIOLATED)
_1548_/B1                               0.750000    0.752124   -0.002124 (VIOLATED)
_1551_/B1                               0.750000    0.752122   -0.002122 (VIOLATED)
_1555_/B1                               0.750000    0.752121   -0.002121 (VIOLATED)
_1558_/B1                               0.750000    0.752119   -0.002119 (VIOLATED)
fanout14/X                              0.750000    0.752117   -0.002117 (VIOLATED)
_0807_/A                                0.750000    0.750694   -0.000694 (VIOLATED)
_0810_/A2                               0.750000    0.750693   -0.000693 (VIOLATED)
_0808_/B                                0.750000    0.750691   -0.000691 (VIOLATED)
_1102_/A1                               0.750000    0.750689   -0.000689 (VIOLATED)
_1103_/A                                0.750000    0.750678   -0.000678 (VIOLATED)
_1140_/B                                0.750000    0.750677   -0.000677 (VIOLATED)
_1210_/B                                0.750000    0.750672   -0.000672 (VIOLATED)
_1176_/B                                0.750000    0.750668   -0.000669 (VIOLATED)
_1177_/A1                               0.750000    0.750668   -0.000669 (VIOLATED)
_1211_/A1                               0.750000    0.750668   -0.000669 (VIOLATED)
fanout50/X                              0.750000    0.750668   -0.000669 (VIOLATED)



===========================================================================
report_parasitic_annotation -report_unannotated
============================================================================
Found 20 unannotated drivers.
 ena
 uio_in[4]
 uio_in[5]
 uio_in[6]
 uio_in[7]
 clkload0/X
 tt_um_arnav_mac8/HI
 tt_um_arnav_mac8_69/HI
 tt_um_arnav_mac8_70/HI
 tt_um_arnav_mac8_71/HI
 tt_um_arnav_mac8_72/HI
 tt_um_arnav_mac8_73/HI
 tt_um_arnav_mac8_74/HI
 tt_um_arnav_mac8_75/HI
 tt_um_arnav_mac8_76/HI
 tt_um_arnav_mac8_77/HI
 tt_um_arnav_mac8_78/LO
 tt_um_arnav_mac8_79/LO
 tt_um_arnav_mac8_80/LO
 tt_um_arnav_mac8_81/LO
Found 0 partially unannotated drivers.

===========================================================================
max slew violation count 254
max fanout violation count 0
max cap violation count 0
============================================================================

===========================================================================
check_setup -verbose -unconstrained_endpoints -multiple_clock -no_clock -no_input_delay -loops -generated_clocks
===========================================================================
