Clock: clk
Sources: clk 
Generated: no
Virtual: yes
Propagated: no
Period: 20.000000

===========================================================================
report_clock_properties
============================================================================
Clock                   Period          Waveform
----------------------------------------------------
clk                  20.000000    0.000000 10.000000

===========================================================================
report_clock_latency
============================================================================
Clock clk
rise -> rise
    min     max
0.000000 0.000000 source latency
0.278257         network latency _1609_/CLK
        0.283499 network latency _1577_/CLK
---------------
0.278257 0.283499 latency
        0.005242 skew

fall -> fall
    min     max
0.000000 0.000000 source latency
0.249517         network latency _1609_/CLK
        0.254009 network latency _1577_/CLK
---------------
0.249517 0.254009 latency
        0.004492 skew



===========================================================================
report_clock_min_period
============================================================================
clk period_min = 6.03 fmax = 165.92
