
===========================================================================
 report_power
============================================================================
======================= min_ff_n40C_1v95 Corner ===================================

Group                    Internal    Switching      Leakage        Total
                            Power        Power        Power        Power (Watts)
------------------------------------------------------------------------
Sequential           1.479503e-04 9.908886e-07 1.284557e-09 1.489425e-04  47.3%
Combinational        8.847812e-06 9.162964e-06 1.160369e-08 1.802238e-05   5.7%
Clock                9.193766e-05 5.609291e-05 5.810887e-09 1.480364e-04  47.0%
Macro                0.000000e+00 0.000000e+00 0.000000e+00 0.000000e+00   0.0%
Pad                  0.000000e+00 0.000000e+00 0.000000e+00 0.000000e+00   0.0%
------------------------------------------------------------------------
Total                2.487359e-04 6.624676e-05 1.869916e-08 3.150013e-04 100.0%
                            79.0%        21.0%         0.0%

