
===========================================================================
report_checks -unconstrained
===========================================================================
======================= max_tt_025C_1v80 Corner ===================================

Startpoint: _1606_ (rising edge-triggered flip-flop clocked by clk)
Endpoint: _1633_ (rising edge-triggered flip-flop clocked by clk)
Path Group: clk
Path Type: max

Fanout         Cap        Slew       Delay        Time   Description
---------------------------------------------------------------------------------------------
                                  0.000000    0.000000   clock clk (rise edge)
                                  0.000000    0.000000   clock source latency
     1    0.024304    0.114966    0.079821    0.079821 ^ clk (in)
                                                         clk (net)
                      0.114997    0.000000    0.079821 ^ clkbuf_0_clk/A (sky130_fd_sc_hd__clkbuf_16)
     8    0.089064    0.106075    0.200252    0.280073 ^ clkbuf_0_clk/X (sky130_fd_sc_hd__clkbuf_16)
                                                         clknet_0_clk (net)
                      0.107030    0.008047    0.288120 ^ clkbuf_3_5__f_clk/A (sky130_fd_sc_hd__clkbuf_16)
     9    0.031131    0.051905    0.157164    0.445284 ^ clkbuf_3_5__f_clk/X (sky130_fd_sc_hd__clkbuf_16)
                                                         clknet_3_5__leaf_clk (net)
                      0.052049    0.002273    0.447558 ^ _1606_/CLK (sky130_fd_sc_hd__dfxtp_2)
     1    0.003261    0.023443    0.305979    0.753537 v _1606_/Q (sky130_fd_sc_hd__dfxtp_2)
                                                         u_dp.b_q[3] (net)
                      0.023443    0.000209    0.753745 v fanout51/A (sky130_fd_sc_hd__clkdlybuf4s25_1)
     7    0.055817    0.410195    0.515006    1.268751 v fanout51/X (sky130_fd_sc_hd__clkdlybuf4s25_1)
                                                         net51 (net)
                      0.410291    0.005958    1.274709 v fanout50/A (sky130_fd_sc_hd__clkdlybuf4s25_1)
    10    0.053543    0.393121    0.631027    1.905736 v fanout50/X (sky130_fd_sc_hd__clkdlybuf4s25_1)
                                                         net50 (net)
                      0.393126    0.001926    1.907662 v _0815_/B (sky130_fd_sc_hd__and3_2)
     3    0.010350    0.057536    0.373550    2.281212 v _0815_/X (sky130_fd_sc_hd__and3_2)
                                                         _0081_ (net)
                      0.057611    0.000784    2.281996 v _0818_/A (sky130_fd_sc_hd__or3_2)
     2    0.003785    0.079845    0.475318    2.757313 v _0818_/X (sky130_fd_sc_hd__or3_2)
                                                         _0084_ (net)
                      0.079845    0.000132    2.757446 v _0819_/B (sky130_fd_sc_hd__and2b_2)
     2    0.022030    0.078570    0.253882    3.011327 v _0819_/X (sky130_fd_sc_hd__and2b_2)
                                                         _0085_ (net)
                      0.078614    0.001817    3.013144 v fanout28/A (sky130_fd_sc_hd__clkdlybuf4s25_1)
    10    0.072370    0.527131    0.624834    3.637978 v fanout28/X (sky130_fd_sc_hd__clkdlybuf4s25_1)
                                                         net28 (net)
                      0.527487    0.009457    3.647435 v fanout27/A (sky130_fd_sc_hd__clkdlybuf4s25_1)
     5    0.033088    0.246902    0.550349    4.197784 v fanout27/X (sky130_fd_sc_hd__clkdlybuf4s25_1)
                                                         net27 (net)
                      0.246939    0.002969    4.200753 v fanout26/A (sky130_fd_sc_hd__clkdlybuf4s25_1)
    10    0.070558    0.514830    0.679168    4.879921 v fanout26/X (sky130_fd_sc_hd__clkdlybuf4s25_1)
                                                         net26 (net)
                      0.514884    0.005240    4.885161 v _0883_/A (sky130_fd_sc_hd__xor2_2)
     2    0.006241    0.125872    0.321466    5.206628 v _0883_/X (sky130_fd_sc_hd__xor2_2)
                                                         _0149_ (net)
                      0.125872    0.000370    5.206998 v _0886_/B (sky130_fd_sc_hd__or2_2)
     1    0.002619    0.053270    0.295655    5.502653 v _0886_/X (sky130_fd_sc_hd__or2_2)
                                                         _0152_ (net)
                      0.053270    0.000192    5.502845 v _0887_/B (sky130_fd_sc_hd__and2_2)
     3    0.019458    0.071757    0.232794    5.735639 v _0887_/X (sky130_fd_sc_hd__and2_2)
                                                         _0153_ (net)
                      0.071791    0.001440    5.737080 v _0888_/B (sky130_fd_sc_hd__nor2_2)
     2    0.014888    0.205392    0.170227    5.907307 ^ _0888_/Y (sky130_fd_sc_hd__nor2_2)
                                                         _0154_ (net)
                      0.205392    0.000225    5.907532 ^ _0889_/B (sky130_fd_sc_hd__xor2_2)
     2    0.014394    0.211845    0.235031    6.142563 ^ _0889_/X (sky130_fd_sc_hd__xor2_2)
                                                         _0155_ (net)
                      0.211921    0.000921    6.143484 ^ _1394_/B (sky130_fd_sc_hd__xnor2_2)
     2    0.007845    0.155114    0.149319    6.292803 ^ _1394_/Y (sky130_fd_sc_hd__xnor2_2)
                                                         _0660_ (net)
                      0.155114    0.000501    6.293304 ^ _1396_/A (sky130_fd_sc_hd__or2_2)
     4    0.019253    0.106978    0.193171    6.486475 ^ _1396_/X (sky130_fd_sc_hd__or2_2)
                                                         _0662_ (net)
                      0.106978    0.000516    6.486990 ^ _1398_/C_N (sky130_fd_sc_hd__or4bb_2)
     3    0.008490    0.115416    0.649342    7.136333 v _1398_/X (sky130_fd_sc_hd__or4bb_2)
                                                         _0664_ (net)
                      0.115429    0.000504    7.136837 v _1400_/A (sky130_fd_sc_hd__and2_2)
     4    0.012191    0.057577    0.223953    7.360789 v _1400_/X (sky130_fd_sc_hd__and2_2)
                                                         _0666_ (net)
                      0.057588    0.000741    7.361530 v _1406_/A2 (sky130_fd_sc_hd__a31o_2)
     4    0.017042    0.069456    0.273586    7.635116 v _1406_/X (sky130_fd_sc_hd__a31o_2)
                                                         _0672_ (net)
                      0.069468    0.000922    7.636038 v _1408_/C (sky130_fd_sc_hd__and3_2)
     1    0.004098    0.041437    0.218323    7.854361 v _1408_/X (sky130_fd_sc_hd__and3_2)
                                                         _0674_ (net)
                      0.041437    0.000303    7.854664 v _1418_/C1 (sky130_fd_sc_hd__a211o_2)
     4    0.019687    0.088927    0.319852    8.174516 v _1418_/X (sky130_fd_sc_hd__a211o_2)
                                                         _0684_ (net)
                      0.088931    0.000750    8.175265 v _1486_/A1 (sky130_fd_sc_hd__a21bo_2)
     5    0.022787    0.080214    0.256503    8.431768 v _1486_/X (sky130_fd_sc_hd__a21bo_2)
                                                         _0727_ (net)
                      0.080241    0.001457    8.433225 v fanout15/A (sky130_fd_sc_hd__clkdlybuf4s25_1)
    10    0.046754    0.345107    0.491192    8.924417 v fanout15/X (sky130_fd_sc_hd__clkdlybuf4s25_1)
                                                         net15 (net)
                      0.345124    0.002671    8.927088 v fanout14/A (sky130_fd_sc_hd__clkdlybuf4s25_1)
    10    0.039965    0.296244    0.545556    9.472644 v fanout14/X (sky130_fd_sc_hd__clkdlybuf4s25_1)
                                                         net14 (net)
                      0.296253    0.001925    9.474569 v _1567_/B1 (sky130_fd_sc_hd__a31o_2)
     1    0.003896    0.040177    0.313378    9.787947 v _1567_/X (sky130_fd_sc_hd__a31o_2)
                                                         _0786_ (net)
                      0.040177    0.000257    9.788203 v _1568_/B1 (sky130_fd_sc_hd__o211a_2)
     1    0.002935    0.040578    0.125466    9.913670 v _1568_/X (sky130_fd_sc_hd__o211a_2)
                                                         _0050_ (net)
                      0.040578    0.000211    9.913880 v _1633_/D (sky130_fd_sc_hd__dfxtp_2)
                                              9.913880   data arrival time

                                 20.000000   20.000000   clock clk (rise edge)
                                  0.000000   20.000000   clock source latency
     1    0.024304    0.114966    0.079821   20.079821 ^ clk (in)
                                                         clk (net)
                      0.114997    0.000000   20.079821 ^ clkbuf_0_clk/A (sky130_fd_sc_hd__clkbuf_16)
     8    0.089064    0.106075    0.200252   20.280073 ^ clkbuf_0_clk/X (sky130_fd_sc_hd__clkbuf_16)
                                                         clknet_0_clk (net)
                      0.106377    0.004627   20.284700 ^ clkbuf_3_0__f_clk/A (sky130_fd_sc_hd__clkbuf_16)
     9    0.028480    0.049748    0.155689   20.440390 ^ clkbuf_3_0__f_clk/X (sky130_fd_sc_hd__clkbuf_16)
                                                         clknet_3_0__leaf_clk (net)
                      0.049761    0.000730   20.441120 ^ _1633_/CLK (sky130_fd_sc_hd__dfxtp_2)
                                 -0.250000   20.191120   clock uncertainty
                                  0.000000   20.191120   clock reconvergence pessimism
                                 -0.109843   20.081278   library setup time
                                             20.081278   data required time
---------------------------------------------------------------------------------------------
                                             20.081278   data required time
                                             -9.913880   data arrival time
---------------------------------------------------------------------------------------------
                                             10.167397   slack (MET)




===========================================================================
report_checks --slack_max -0.01
============================================================================
======================= max_tt_025C_1v80 Corner ===================================

No paths found.


===========================================================================
 report_check_types -max_slew -max_cap -max_fanout -violators
============================================================================
======================= max_tt_025C_1v80 Corner ===================================

max slew

Pin                                        Limit        Slew       Slack
------------------------------------------------------------------------
fanout27/A                              0.750000    0.770189   -0.020189 (VIOLATED)
_1330_/A                                0.750000    0.770186   -0.020186 (VIOLATED)
_0977_/A                                0.750000    0.770173   -0.020173 (VIOLATED)
_0978_/A                                0.750000    0.770148   -0.020148 (VIOLATED)
_0964_/A                                0.750000    0.770133   -0.020133 (VIOLATED)
_0963_/A                                0.750000    0.770131   -0.020131 (VIOLATED)
_0943_/A                                0.750000    0.770088   -0.020088 (VIOLATED)
_0942_/A                                0.750000    0.770062   -0.020062 (VIOLATED)
_0925_/A                                0.750000    0.770021   -0.020021 (VIOLATED)
_0924_/A                                0.750000    0.770019   -0.020019 (VIOLATED)
fanout28/X                              0.750000    0.770001   -0.020001 (VIOLATED)
_1272_/C                                0.750000    0.766754   -0.016754 (VIOLATED)
_1251_/B1                               0.750000    0.766748   -0.016748 (VIOLATED)
_1273_/A2                               0.750000    0.766748   -0.016748 (VIOLATED)
_1250_/D                                0.750000    0.766732   -0.016732 (VIOLATED)
_1220_/B                                0.750000    0.766658   -0.016658 (VIOLATED)
_1189_/C                                0.750000    0.766403   -0.016403 (VIOLATED)
_1070_/B                                0.750000    0.766325   -0.016325 (VIOLATED)
_1030_/B                                0.750000    0.766269   -0.016269 (VIOLATED)
_0992_/A_N                              0.750000    0.766247   -0.016247 (VIOLATED)
_1031_/B                                0.750000    0.766246   -0.016246 (VIOLATED)
fanout65/X                              0.750000    0.766241   -0.016241 (VIOLATED)
_1365_/A                                0.750000    0.757806   -0.007806 (VIOLATED)
_1364_/A                                0.750000    0.757805   -0.007805 (VIOLATED)
_0883_/A                                0.750000    0.757803   -0.007803 (VIOLATED)
_0885_/A1                               0.750000    0.757788   -0.007788 (VIOLATED)
_0870_/A                                0.750000    0.757783   -0.007783 (VIOLATED)
_0872_/A1                               0.750000    0.757777   -0.007777 (VIOLATED)
_0857_/A1                               0.750000    0.757773   -0.007773 (VIOLATED)
_0855_/A                                0.750000    0.757773   -0.007773 (VIOLATED)
_0827_/A1                               0.750000    0.757763   -0.007763 (VIOLATED)
_0825_/A                                0.750000    0.757751   -0.007751 (VIOLATED)
fanout26/X                              0.750000    0.757553   -0.007553 (VIOLATED)



===========================================================================
report_parasitic_annotation -report_unannotated
============================================================================
Found 26 unannotated drivers.
 ena
 uio_in[4]
 uio_in[5]
 uio_in[6]
 uio_in[7]
 clkload0/X
 clkload1/X
 clkload2/X
 clkload3/X
 clkload4/X
 clkload5/X
 clkload6/X
 tt_um_arnav_mac8_fused/HI
 tt_um_arnav_mac8_fused_69/HI
 tt_um_arnav_mac8_fused_70/HI
 tt_um_arnav_mac8_fused_71/HI
 tt_um_arnav_mac8_fused_72/HI
 tt_um_arnav_mac8_fused_73/HI
 tt_um_arnav_mac8_fused_74/HI
 tt_um_arnav_mac8_fused_75/HI
 tt_um_arnav_mac8_fused_76/HI
 tt_um_arnav_mac8_fused_77/HI
 tt_um_arnav_mac8_fused_78/LO
 tt_um_arnav_mac8_fused_79/LO
 tt_um_arnav_mac8_fused_80/LO
 tt_um_arnav_mac8_fused_81/LO
Found 0 partially unannotated drivers.

===========================================================================
max slew violation count 33
max fanout violation count 0
max cap violation count 0
============================================================================

===========================================================================
check_setup -verbose -unconstrained_endpoints -multiple_clock -no_clock -no_input_delay -loops -generated_clocks
===========================================================================
