
===========================================================================
report_checks -unconstrained
===========================================================================
======================= nom_ss_100C_1v60 Corner ===================================

Startpoint: _1606_ (rising edge-triggered flip-flop clocked by clk)
Endpoint: _1627_ (rising edge-triggered flip-flop clocked by clk)
Path Group: clk
Path Type: max

Fanout         Cap        Slew       Delay        Time   Description
---------------------------------------------------------------------------------------------
                                  0.000000    0.000000   clock clk (rise edge)
                                  0.000000    0.000000   clock source latency
     1    0.022770    0.169328    0.116165    0.116165 ^ clk (in)
                                                         clk (net)
                      0.169339    0.000000    0.116165 ^ clkbuf_0_clk/A (sky130_fd_sc_hd__clkbuf_16)
     8    0.086301    0.156833    0.344970    0.461135 ^ clkbuf_0_clk/X (sky130_fd_sc_hd__clkbuf_16)
                                                         clknet_0_clk (net)
                      0.156958    0.003994    0.465129 ^ clkbuf_3_5__f_clk/A (sky130_fd_sc_hd__clkbuf_16)
     9    0.028165    0.077936    0.272662    0.737790 ^ clkbuf_3_5__f_clk/X (sky130_fd_sc_hd__clkbuf_16)
                                                         clknet_3_5__leaf_clk (net)
                      0.077951    0.001058    0.738848 ^ _1606_/CLK (sky130_fd_sc_hd__dfxtp_2)
     1    0.003166    0.040645    0.599670    1.338518 v _1606_/Q (sky130_fd_sc_hd__dfxtp_2)
                                                         u_dp.b_q[3] (net)
                      0.040645    0.000093    1.338610 v fanout51/A (sky130_fd_sc_hd__clkdlybuf4s25_1)
     7    0.052801    0.702964    0.927963    2.266573 v fanout51/X (sky130_fd_sc_hd__clkdlybuf4s25_1)
                                                         net51 (net)
                      0.702971    0.003165    2.269737 v fanout50/A (sky130_fd_sc_hd__clkdlybuf4s25_1)
    10    0.051748    0.690008    1.157460    3.427197 v fanout50/X (sky130_fd_sc_hd__clkdlybuf4s25_1)
                                                         net50 (net)
                      0.690008    0.000911    3.428108 v _0815_/B (sky130_fd_sc_hd__and3_2)
     3    0.010044    0.103308    0.759348    4.187456 v _0815_/X (sky130_fd_sc_hd__and3_2)
                                                         _0081_ (net)
                      0.103308    0.000314    4.187770 v _0818_/A (sky130_fd_sc_hd__or3_2)
     2    0.003618    0.166459    1.113502    5.301272 v _0818_/X (sky130_fd_sc_hd__or3_2)
                                                         _0084_ (net)
                      0.166459    0.000053    5.301325 v _0819_/B (sky130_fd_sc_hd__and2b_2)
     2    0.020965    0.143519    0.546466    5.847791 v _0819_/X (sky130_fd_sc_hd__and2b_2)
                                                         _0085_ (net)
                      0.143521    0.000913    5.848704 v fanout28/A (sky130_fd_sc_hd__clkdlybuf4s25_1)
    10    0.071777    0.949674    1.155375    7.004080 v fanout28/X (sky130_fd_sc_hd__clkdlybuf4s25_1)
                                                         net28 (net)
                      0.949685    0.004467    7.008546 v fanout27/A (sky130_fd_sc_hd__clkdlybuf4s25_1)
     5    0.031323    0.427463    1.012074    8.020621 v fanout27/X (sky130_fd_sc_hd__clkdlybuf4s25_1)
                                                         net27 (net)
                      0.427465    0.001645    8.022265 v fanout26/A (sky130_fd_sc_hd__clkdlybuf4s25_1)
    10    0.070537    0.934181    1.251359    9.273624 v fanout26/X (sky130_fd_sc_hd__clkdlybuf4s25_1)
                                                         net26 (net)
                      0.934181    0.002702    9.276326 v _0883_/A (sky130_fd_sc_hd__xor2_2)
     2    0.006166    0.200641    0.605980    9.882307 v _0883_/X (sky130_fd_sc_hd__xor2_2)
                                                         _0149_ (net)
                      0.200641    0.000143    9.882450 v _0886_/B (sky130_fd_sc_hd__or2_2)
     1    0.002480    0.108348    0.660675   10.543125 v _0886_/X (sky130_fd_sc_hd__or2_2)
                                                         _0152_ (net)
                      0.108348    0.000074   10.543199 v _0887_/B (sky130_fd_sc_hd__and2_2)
     3    0.019464    0.137248    0.501225   11.044423 v _0887_/X (sky130_fd_sc_hd__and2_2)
                                                         _0153_ (net)
                      0.137249    0.000599   11.045022 v _0888_/B (sky130_fd_sc_hd__nor2_2)
     2    0.014840    0.335034    0.296131   11.341153 ^ _0888_/Y (sky130_fd_sc_hd__nor2_2)
                                                         _0154_ (net)
                      0.335034    0.000101   11.341254 ^ _0889_/B (sky130_fd_sc_hd__xor2_2)
     2    0.014273    0.327446    0.436453   11.777707 ^ _0889_/X (sky130_fd_sc_hd__xor2_2)
                                                         _0155_ (net)
                      0.327446    0.000353   11.778060 ^ _1394_/B (sky130_fd_sc_hd__xnor2_2)
     2    0.007633    0.236640    0.302848   12.080907 ^ _1394_/Y (sky130_fd_sc_hd__xnor2_2)
                                                         _0660_ (net)
                      0.236640    0.000214   12.081121 ^ _1396_/A (sky130_fd_sc_hd__or2_2)
     4    0.018872    0.165556    0.347383   12.428504 ^ _1396_/X (sky130_fd_sc_hd__or2_2)
                                                         _0662_ (net)
                      0.165556    0.000222   12.428726 ^ _1398_/C_N (sky130_fd_sc_hd__or4bb_2)
     3    0.008322    0.246295    1.528102   13.956828 v _1398_/X (sky130_fd_sc_hd__or4bb_2)
                                                         _0664_ (net)
                      0.246295    0.000190   13.957018 v _1400_/A (sky130_fd_sc_hd__and2_2)
     4    0.012057    0.108801    0.485366   14.442384 v _1400_/X (sky130_fd_sc_hd__and2_2)
                                                         _0666_ (net)
                      0.108801    0.000301   14.442685 v _1406_/A2 (sky130_fd_sc_hd__a31o_2)
     4    0.016485    0.124764    0.511707   14.954391 v _1406_/X (sky130_fd_sc_hd__a31o_2)
                                                         _0672_ (net)
                      0.124764    0.000425   14.954817 v _1408_/C (sky130_fd_sc_hd__and3_2)
     1    0.004019    0.077223    0.465139   15.419955 v _1408_/X (sky130_fd_sc_hd__and3_2)
                                                         _0674_ (net)
                      0.077223    0.000140   15.420095 v _1418_/C1 (sky130_fd_sc_hd__a211o_2)
     4    0.019599    0.161870    0.622100   16.042196 v _1418_/X (sky130_fd_sc_hd__a211o_2)
                                                         _0684_ (net)
                      0.161870    0.000307   16.042503 v _1421_/A (sky130_fd_sc_hd__or2_2)
     1    0.004727    0.121506    0.715197   16.757700 v _1421_/X (sky130_fd_sc_hd__or2_2)
                                                         _0687_ (net)
                      0.121506    0.000179   16.757879 v fanout18/A (sky130_fd_sc_hd__clkdlybuf4s25_1)
     5    0.026433    0.364661    0.716287   17.474167 v fanout18/X (sky130_fd_sc_hd__clkdlybuf4s25_1)
                                                         net18 (net)
                      0.364661    0.001027   17.475193 v fanout17/A (sky130_fd_sc_hd__clkdlybuf4s25_1)
    10    0.042822    0.574161    0.967283   18.442476 v fanout17/X (sky130_fd_sc_hd__clkdlybuf4s25_1)
                                                         net17 (net)
                      0.574161    0.001066   18.443542 v _1546_/A2 (sky130_fd_sc_hd__a31o_2)
     1    0.002891    0.062656    0.628356   19.071898 v _1546_/X (sky130_fd_sc_hd__a31o_2)
                                                         _0771_ (net)
                      0.062656    0.000082   19.071980 v _1547_/B1 (sky130_fd_sc_hd__o211a_2)
     1    0.002023    0.065694    0.226546   19.298527 v _1547_/X (sky130_fd_sc_hd__o211a_2)
                                                         _0044_ (net)
                      0.065694    0.000057   19.298582 v _1627_/D (sky130_fd_sc_hd__dfxtp_2)
                                             19.298582   data arrival time

                                 20.000000   20.000000   clock clk (rise edge)
                                  0.000000   20.000000   clock source latency
     1    0.022770    0.169328    0.116165   20.116165 ^ clk (in)
                                                         clk (net)
                      0.169339    0.000000   20.116165 ^ clkbuf_0_clk/A (sky130_fd_sc_hd__clkbuf_16)
     8    0.086301    0.156833    0.344970   20.461136 ^ clkbuf_0_clk/X (sky130_fd_sc_hd__clkbuf_16)
                                                         clknet_0_clk (net)
                      0.156852    0.001888   20.463024 ^ clkbuf_3_1__f_clk/A (sky130_fd_sc_hd__clkbuf_16)
     9    0.027156    0.076585    0.271195   20.734219 ^ clkbuf_3_1__f_clk/X (sky130_fd_sc_hd__clkbuf_16)
                                                         clknet_3_1__leaf_clk (net)
                      0.076619    0.001416   20.735634 ^ _1627_/CLK (sky130_fd_sc_hd__dfxtp_2)
                                 -0.250000   20.485636   clock uncertainty
                                  0.000000   20.485636   clock reconvergence pessimism
                                 -0.270803   20.214830   library setup time
                                             20.214830   data required time
---------------------------------------------------------------------------------------------
                                             20.214830   data required time
                                            -19.298582   data arrival time
---------------------------------------------------------------------------------------------
                                              0.916248   slack (MET)




===========================================================================
report_checks --slack_max -0.01
============================================================================
======================= nom_ss_100C_1v60 Corner ===================================

No paths found.


===========================================================================
 report_check_types -max_slew -max_cap -max_fanout -violators
============================================================================
======================= nom_ss_100C_1v60 Corner ===================================

max slew

Pin                                        Limit        Slew       Slack
------------------------------------------------------------------------
_1330_/A                                0.750000    1.202637   -0.452637 (VIOLATED)
fanout27/A                              0.750000    1.202637   -0.452637 (VIOLATED)
_0977_/A                                0.750000    1.202635   -0.452635 (VIOLATED)
_0978_/A                                0.750000    1.202633   -0.452633 (VIOLATED)
_0924_/A                                0.750000    1.202632   -0.452632 (VIOLATED)
_0925_/A                                0.750000    1.202632   -0.452632 (VIOLATED)
_0942_/A                                0.750000    1.202632   -0.452632 (VIOLATED)
_0943_/A                                0.750000    1.202632   -0.452632 (VIOLATED)
_0963_/A                                0.750000    1.202632   -0.452632 (VIOLATED)
_0964_/A                                0.750000    1.202632   -0.452632 (VIOLATED)
fanout28/X                              0.750000    1.202632   -0.452632 (VIOLATED)
_0825_/A                                0.750000    1.195568   -0.445568 (VIOLATED)
_0827_/A1                               0.750000    1.195568   -0.445568 (VIOLATED)
_0855_/A                                0.750000    1.195568   -0.445568 (VIOLATED)
_0857_/A1                               0.750000    1.195568   -0.445568 (VIOLATED)
_0870_/A                                0.750000    1.195568   -0.445568 (VIOLATED)
_0872_/A1                               0.750000    1.195568   -0.445568 (VIOLATED)
_0883_/A                                0.750000    1.195568   -0.445568 (VIOLATED)
_0885_/A1                               0.750000    1.195568   -0.445568 (VIOLATED)
_1364_/A                                0.750000    1.195568   -0.445568 (VIOLATED)
_1365_/A                                0.750000    1.195568   -0.445568 (VIOLATED)
fanout26/X                              0.750000    1.195568   -0.445568 (VIOLATED)
_1272_/C                                0.750000    1.168535   -0.418535 (VIOLATED)
_1251_/B1                               0.750000    1.168535   -0.418535 (VIOLATED)
_1273_/A2                               0.750000    1.168535   -0.418535 (VIOLATED)
_1250_/D                                0.750000    1.168532   -0.418532 (VIOLATED)
_1220_/B                                0.750000    1.168516   -0.418516 (VIOLATED)
_1189_/C                                0.750000    1.168468   -0.418468 (VIOLATED)
_1070_/B                                0.750000    1.168453   -0.418453 (VIOLATED)
_0992_/A_N                              0.750000    1.168140   -0.418140 (VIOLATED)
_1030_/B                                0.750000    1.168140   -0.418140 (VIOLATED)
_1031_/B                                0.750000    1.168140   -0.418140 (VIOLATED)
fanout65/X                              0.750000    1.168140   -0.418140 (VIOLATED)
_1220_/A                                0.750000    1.132400   -0.382400 (VIOLATED)
_1243_/A                                0.750000    1.132401   -0.382401 (VIOLATED)
_1277_/A1                               0.750000    1.132400   -0.382400 (VIOLATED)
_0816_/A                                0.750000    1.132399   -0.382399 (VIOLATED)
_1011_/A1                               0.750000    1.132399   -0.382399 (VIOLATED)
_1050_/A1                               0.750000    1.132399   -0.382399 (VIOLATED)
_1077_/A                                0.750000    1.132399   -0.382399 (VIOLATED)
_1087_/A1                               0.750000    1.132399   -0.382399 (VIOLATED)
_1117_/A                                0.750000    1.132399   -0.382399 (VIOLATED)
_1153_/A                                0.750000    1.132399   -0.382399 (VIOLATED)
fanout52/X                              0.750000    1.132399   -0.382399 (VIOLATED)
_1219_/D                                0.750000    1.127629   -0.377629 (VIOLATED)
_1218_/B                                0.750000    1.127628   -0.377628 (VIOLATED)
_1277_/B1                               0.750000    1.127625   -0.377625 (VIOLATED)
_1243_/B                                0.750000    1.127625   -0.377625 (VIOLATED)
_1291_/D                                0.750000    1.127614   -0.377614 (VIOLATED)
_1292_/B1                               0.750000    1.127612   -0.377612 (VIOLATED)
_1487_/A2                               0.750000    1.127599   -0.377599 (VIOLATED)
_1301_/C                                0.750000    1.127597   -0.377597 (VIOLATED)
_1067_/A_N                              0.750000    1.127255   -0.377255 (VIOLATED)
_1112_/B                                0.750000    1.127255   -0.377255 (VIOLATED)
fanout68/X                              0.750000    1.127255   -0.377255 (VIOLATED)
_1348_/B1                               0.750000    1.011752   -0.261753 (VIOLATED)
_1362_/B1                               0.750000    1.011752   -0.261752 (VIOLATED)
_0882_/B1                               0.750000    1.011751   -0.261751 (VIOLATED)
_0869_/B1                               0.750000    1.011750   -0.261750 (VIOLATED)
_0822_/A                                0.750000    1.011749   -0.261749 (VIOLATED)
_0824_/B1                               0.750000    1.011749   -0.261749 (VIOLATED)
_0839_/B1                               0.750000    1.011749   -0.261749 (VIOLATED)
_0854_/B1                               0.750000    1.011749   -0.261749 (VIOLATED)
_0922_/B1                               0.750000    1.011749   -0.261749 (VIOLATED)
_1410_/B1                               0.750000    1.011749   -0.261749 (VIOLATED)
fanout38/X                              0.750000    1.011749   -0.261749 (VIOLATED)
_1029_/A_N                              0.750000    1.003608   -0.253608 (VIOLATED)
_1068_/B                                0.750000    1.003608   -0.253608 (VIOLATED)
_1069_/B                                0.750000    1.003608   -0.253608 (VIOLATED)
_1188_/B                                0.750000    1.003608   -0.253608 (VIOLATED)
_1219_/C                                0.750000    1.003608   -0.253608 (VIOLATED)
_1272_/D                                0.750000    1.003608   -0.253608 (VIOLATED)
_1273_/B1                               0.750000    1.003608   -0.253608 (VIOLATED)
_1277_/A2                               0.750000    1.003608   -0.253608 (VIOLATED)
_1291_/C                                0.750000    1.003608   -0.253608 (VIOLATED)
_1292_/A2                               0.750000    1.003608   -0.253608 (VIOLATED)
fanout67/X                              0.750000    1.003608   -0.253608 (VIOLATED)
_0845_/A                                0.750000    0.975804   -0.225804 (VIOLATED)
_1409_/S                                0.750000    0.975802   -0.225802 (VIOLATED)
_0838_/A_N                              0.750000    0.975800   -0.225800 (VIOLATED)
_0861_/A                                0.750000    0.975798   -0.225798 (VIOLATED)
_0864_/A1                               0.750000    0.975798   -0.225798 (VIOLATED)
_0875_/A                                0.750000    0.975796   -0.225796 (VIOLATED)
_0888_/A                                0.750000    0.975792   -0.225792 (VIOLATED)
_1334_/A                                0.750000    0.975792   -0.225792 (VIOLATED)
_1335_/A                                0.750000    0.975792   -0.225792 (VIOLATED)
_1374_/A                                0.750000    0.975792   -0.225792 (VIOLATED)
fanout19/X                              0.750000    0.975792   -0.225792 (VIOLATED)
_1251_/A2                               0.750000    0.934548   -0.184548 (VIOLATED)
_1250_/C                                0.750000    0.934548   -0.184548 (VIOLATED)
_1228_/B1                               0.750000    0.934544   -0.184544 (VIOLATED)
_1227_/D                                0.750000    0.934543   -0.184543 (VIOLATED)
_1226_/D                                0.750000    0.934538   -0.184538 (VIOLATED)
_1199_/A2                               0.750000    0.934535   -0.184535 (VIOLATED)
_1458_/A                                0.750000    0.934535   -0.184535 (VIOLATED)
fanout63/A                              0.750000    0.934535   -0.184535 (VIOLATED)
fanout64/X                              0.750000    0.934535   -0.184535 (VIOLATED)
_0794_/A                                0.750000    0.930418   -0.180418 (VIOLATED)
_0902_/B                                0.750000    0.930418   -0.180418 (VIOLATED)
_0911_/A2                               0.750000    0.930418   -0.180418 (VIOLATED)
_0913_/B                                0.750000    0.930418   -0.180418 (VIOLATED)
_0914_/B                                0.750000    0.930418   -0.180418 (VIOLATED)
_0931_/A_N                              0.750000    0.930418   -0.180418 (VIOLATED)
_1128_/D                                0.750000    0.930418   -0.180418 (VIOLATED)
_1129_/B1                               0.750000    0.930418   -0.180418 (VIOLATED)
_1164_/C                                0.750000    0.930418   -0.180418 (VIOLATED)
_1165_/A2                               0.750000    0.930418   -0.180418 (VIOLATED)
fanout59/X                              0.750000    0.930418   -0.180418 (VIOLATED)
fanout55/A                              0.750000    0.926273   -0.176273 (VIOLATED)
_0820_/B                                0.750000    0.926273   -0.176273 (VIOLATED)
_0821_/A2                               0.750000    0.926273   -0.176273 (VIOLATED)
_1128_/B                                0.750000    0.926273   -0.176273 (VIOLATED)
_1129_/A1                               0.750000    0.926273   -0.176273 (VIOLATED)
_1164_/B                                0.750000    0.926273   -0.176273 (VIOLATED)
_1165_/A1                               0.750000    0.926273   -0.176273 (VIOLATED)
_1195_/B                                0.750000    0.926273   -0.176273 (VIOLATED)
_1196_/A1                               0.750000    0.926273   -0.176273 (VIOLATED)
_1487_/A1                               0.750000    0.926273   -0.176273 (VIOLATED)
fanout56/X                              0.750000    0.926273   -0.176273 (VIOLATED)
_1291_/A                                0.750000    0.919412   -0.169412 (VIOLATED)
_1272_/A                                0.750000    0.919410   -0.169410 (VIOLATED)
_1292_/B2                               0.750000    0.919410   -0.169410 (VIOLATED)
_1273_/B2                               0.750000    0.919409   -0.169409 (VIOLATED)
_1250_/A                                0.750000    0.919409   -0.169409 (VIOLATED)
_1251_/B2                               0.750000    0.919408   -0.169408 (VIOLATED)
_1226_/A                                0.750000    0.919407   -0.169407 (VIOLATED)
_1227_/A                                0.750000    0.919405   -0.169405 (VIOLATED)
_1228_/B2                               0.750000    0.919405   -0.169405 (VIOLATED)
_0820_/A                                0.750000    0.919381   -0.169381 (VIOLATED)
fanout53/X                              0.750000    0.919381   -0.169381 (VIOLATED)
_1572_/A                                0.750000    0.898137   -0.148137 (VIOLATED)
_1573_/B                                0.750000    0.898137   -0.148137 (VIOLATED)
_1574_/A                                0.750000    0.898137   -0.148137 (VIOLATED)
_1576_/B1                               0.750000    0.898137   -0.148137 (VIOLATED)
_1638_/D                                0.750000    0.898136   -0.148136 (VIOLATED)
_1579_/C1                               0.750000    0.898134   -0.148134 (VIOLATED)
_1582_/B1                               0.750000    0.898133   -0.148133 (VIOLATED)
_0796_/A                                0.750000    0.898129   -0.148129 (VIOLATED)
_0806_/A1                               0.750000    0.898128   -0.148128 (VIOLATED)
fanout42/A                              0.750000    0.898127   -0.148127 (VIOLATED)
fanout43/X                              0.750000    0.898127   -0.148127 (VIOLATED)
_1196_/A2                               0.750000    0.896449   -0.146449 (VIOLATED)
_1195_/C                                0.750000    0.896449   -0.146449 (VIOLATED)
_1164_/D                                0.750000    0.896447   -0.146447 (VIOLATED)
_1165_/B1                               0.750000    0.896446   -0.146446 (VIOLATED)
_0899_/B                                0.750000    0.896441   -0.146441 (VIOLATED)
_0901_/A2                               0.750000    0.896441   -0.146441 (VIOLATED)
_0904_/B                                0.750000    0.896441   -0.146441 (VIOLATED)
_0905_/B                                0.750000    0.896441   -0.146441 (VIOLATED)
_0912_/A_N                              0.750000    0.896441   -0.146441 (VIOLATED)
_1038_/B1                               0.750000    0.896441   -0.146441 (VIOLATED)
fanout60/X                              0.750000    0.896441   -0.146441 (VIOLATED)
_1187_/B                                0.750000    0.863724   -0.113724 (VIOLATED)
_1155_/A2                               0.750000    0.863721   -0.113721 (VIOLATED)
_1154_/C                                0.750000    0.863719   -0.113719 (VIOLATED)
_1118_/D                                0.750000    0.863716   -0.113716 (VIOLATED)
_1119_/B1                               0.750000    0.863716   -0.113716 (VIOLATED)
_0896_/A_N                              0.750000    0.863711   -0.113711 (VIOLATED)
_0993_/B                                0.750000    0.863711   -0.113711 (VIOLATED)
_0994_/B                                0.750000    0.863711   -0.113711 (VIOLATED)
_1032_/B                                0.750000    0.863711   -0.113711 (VIOLATED)
_1034_/A2                               0.750000    0.863711   -0.113711 (VIOLATED)
fanout63/X                              0.750000    0.863711   -0.113711 (VIOLATED)
_1188_/A                                0.750000    0.859885   -0.109885 (VIOLATED)
_1219_/B                                0.750000    0.859885   -0.109885 (VIOLATED)
_1277_/B2                               0.750000    0.859884   -0.109884 (VIOLATED)
fanout50/A                              0.750000    0.859882   -0.109882 (VIOLATED)
_1118_/B                                0.750000    0.859881   -0.109881 (VIOLATED)
_1119_/A1                               0.750000    0.859880   -0.109880 (VIOLATED)
_1476_/A                                0.750000    0.859880   -0.109880 (VIOLATED)
fanout51/X                              0.750000    0.859880   -0.109880 (VIOLATED)
_0814_/A                                0.750000    0.854717   -0.104717 (VIOLATED)
_0815_/B                                0.750000    0.854717   -0.104717 (VIOLATED)
_0817_/A2                               0.750000    0.854717   -0.104717 (VIOLATED)
_1038_/A1                               0.750000    0.854717   -0.104717 (VIOLATED)
_1039_/A                                0.750000    0.854717   -0.104717 (VIOLATED)
_1078_/B                                0.750000    0.854717   -0.104717 (VIOLATED)
_1154_/B                                0.750000    0.854717   -0.104717 (VIOLATED)
_1155_/A1                               0.750000    0.854717   -0.104717 (VIOLATED)
_1189_/B                                0.750000    0.854717   -0.104717 (VIOLATED)
_1190_/A1                               0.750000    0.854717   -0.104717 (VIOLATED)
fanout50/X                              0.750000    0.854717   -0.104717 (VIOLATED)
_1190_/B2                               0.750000    0.853632   -0.103632 (VIOLATED)
_1189_/A                                0.750000    0.853631   -0.103631 (VIOLATED)
_0815_/A                                0.750000    0.853630   -0.103630 (VIOLATED)
_0817_/A1                               0.750000    0.853630   -0.103630 (VIOLATED)
_1001_/A                                0.750000    0.853630   -0.103630 (VIOLATED)
_1038_/B2                               0.750000    0.853630   -0.103630 (VIOLATED)
_1078_/A                                0.750000    0.853630   -0.103630 (VIOLATED)
_1079_/A                                0.750000    0.853630   -0.103630 (VIOLATED)
_1118_/A                                0.750000    0.853630   -0.103630 (VIOLATED)
_1155_/B2                               0.750000    0.853630   -0.103630 (VIOLATED)
fanout48/X                              0.750000    0.853630   -0.103630 (VIOLATED)
_1251_/A1                               0.750000    0.841994   -0.091994 (VIOLATED)
_1250_/B                                0.750000    0.841993   -0.091993 (VIOLATED)
_1273_/A1                               0.750000    0.841993   -0.091993 (VIOLATED)
_1272_/B                                0.750000    0.841992   -0.091992 (VIOLATED)
_1291_/B                                0.750000    0.841992   -0.091992 (VIOLATED)
_1292_/A1                               0.750000    0.841991   -0.091991 (VIOLATED)
_1226_/B                                0.750000    0.841989   -0.091989 (VIOLATED)
_1227_/B                                0.750000    0.841989   -0.091989 (VIOLATED)
_1228_/A1                               0.750000    0.841989   -0.091989 (VIOLATED)
_1301_/B                                0.750000    0.841989   -0.091989 (VIOLATED)
fanout55/X                              0.750000    0.841989   -0.091989 (VIOLATED)
_1153_/B                                0.750000    0.806309   -0.056309 (VIOLATED)
_1119_/A2                               0.750000    0.806307   -0.056307 (VIOLATED)
_1118_/C                                0.750000    0.806307   -0.056307 (VIOLATED)
_1079_/B                                0.750000    0.806304   -0.056304 (VIOLATED)
_0897_/B                                0.750000    0.806303   -0.056303 (VIOLATED)
_0898_/B                                0.750000    0.806303   -0.056303 (VIOLATED)
_0903_/A_N                              0.750000    0.806303   -0.056303 (VIOLATED)
_0995_/B                                0.750000    0.806303   -0.056303 (VIOLATED)
_0997_/A2                               0.750000    0.806303   -0.056303 (VIOLATED)
_1078_/D                                0.750000    0.806303   -0.056303 (VIOLATED)
fanout61/X                              0.750000    0.806303   -0.056303 (VIOLATED)
_0833_/A                                0.750000    0.803201   -0.053201 (VIOLATED)
_0832_/A                                0.750000    0.803200   -0.053200 (VIOLATED)
_0899_/A                                0.750000    0.803200   -0.053200 (VIOLATED)
_0901_/A1                               0.750000    0.803200   -0.053200 (VIOLATED)
_0902_/A                                0.750000    0.803200   -0.053200 (VIOLATED)
_0911_/A1                               0.750000    0.803200   -0.053200 (VIOLATED)
_0995_/A                                0.750000    0.803200   -0.053200 (VIOLATED)
_0997_/A1                               0.750000    0.803200   -0.053200 (VIOLATED)
_1032_/A                                0.750000    0.803200   -0.053200 (VIOLATED)
_1034_/A1                               0.750000    0.803200   -0.053200 (VIOLATED)
fanout46/X                              0.750000    0.803200   -0.053200 (VIOLATED)
_1195_/D                                0.750000    0.779298   -0.029298 (VIOLATED)
_1196_/B1                               0.750000    0.779298   -0.029298 (VIOLATED)
_1226_/C                                0.750000    0.779298   -0.029298 (VIOLATED)
_1227_/C                                0.750000    0.779298   -0.029298 (VIOLATED)
_1228_/A2                               0.750000    0.779298   -0.029298 (VIOLATED)
_1460_/A                                0.750000    0.779298   -0.029298 (VIOLATED)
fanout61/A                              0.750000    0.779298   -0.029298 (VIOLATED)
fanout62/X                              0.750000    0.779298   -0.029298 (VIOLATED)
_1119_/B2                               0.750000    0.772650   -0.022650 (VIOLATED)
_1154_/A                                0.750000    0.772650   -0.022650 (VIOLATED)
_1218_/A                                0.750000    0.772650   -0.022650 (VIOLATED)
_1219_/A                                0.750000    0.772650   -0.022650 (VIOLATED)
_1479_/A1                               0.750000    0.772650   -0.022650 (VIOLATED)
fanout48/A                              0.750000    0.772650   -0.022650 (VIOLATED)
fanout49/X                              0.750000    0.772650   -0.022650 (VIOLATED)
fanout21/A                              0.750000    0.768220   -0.018221 (VIOLATED)
_1540_/A2                               0.750000    0.768219   -0.018219 (VIOLATED)
_1544_/A2                               0.750000    0.768218   -0.018218 (VIOLATED)
_1547_/A2                               0.750000    0.768217   -0.018217 (VIOLATED)
_1423_/A1                               0.750000    0.768209   -0.018209 (VIOLATED)
_1499_/A2                               0.750000    0.768209   -0.018209 (VIOLATED)
_1502_/A2                               0.750000    0.768209   -0.018209 (VIOLATED)
_1506_/A2                               0.750000    0.768209   -0.018209 (VIOLATED)
_1509_/A2                               0.750000    0.768209   -0.018209 (VIOLATED)
fanout22/X                              0.750000    0.768209   -0.018209 (VIOLATED)
_1505_/B1                               0.750000    0.764800   -0.014800 (VIOLATED)
_1508_/B1                               0.750000    0.764799   -0.014799 (VIOLATED)
_1511_/B1                               0.750000    0.764796   -0.014796 (VIOLATED)
_1518_/B1                               0.750000    0.764793   -0.014793 (VIOLATED)
_1535_/B1                               0.750000    0.764792   -0.014792 (VIOLATED)
_1527_/B1                               0.750000    0.764792   -0.014792 (VIOLATED)
_1531_/B1                               0.750000    0.764791   -0.014791 (VIOLATED)
_1523_/B1                               0.750000    0.764791   -0.014791 (VIOLATED)
_1514_/B1                               0.750000    0.764788   -0.014788 (VIOLATED)
fanout14/A                              0.750000    0.764788   -0.014788 (VIOLATED)
fanout15/X                              0.750000    0.764788   -0.014788 (VIOLATED)



===========================================================================
report_parasitic_annotation -report_unannotated
============================================================================
Found 26 unannotated drivers.
 ena
 uio_in[4]
 uio_in[5]
 uio_in[6]
 uio_in[7]
 clkload0/X
 clkload1/X
 clkload2/X
 clkload3/X
 clkload4/X
 clkload5/X
 clkload6/X
 tt_um_arnav_mac8_fused/HI
 tt_um_arnav_mac8_fused_69/HI
 tt_um_arnav_mac8_fused_70/HI
 tt_um_arnav_mac8_fused_71/HI
 tt_um_arnav_mac8_fused_72/HI
 tt_um_arnav_mac8_fused_73/HI
 tt_um_arnav_mac8_fused_74/HI
 tt_um_arnav_mac8_fused_75/HI
 tt_um_arnav_mac8_fused_76/HI
 tt_um_arnav_mac8_fused_77/HI
 tt_um_arnav_mac8_fused_78/LO
 tt_um_arnav_mac8_fused_79/LO
 tt_um_arnav_mac8_fused_80/LO
 tt_um_arnav_mac8_fused_81/LO
Found 0 partially unannotated drivers.

===========================================================================
max slew violation count 262
max fanout violation count 0
max cap violation count 0
============================================================================

===========================================================================
check_setup -verbose -unconstrained_endpoints -multiple_clock -no_clock -no_input_delay -loops -generated_clocks
===========================================================================
