Clock: clk
Sources: clk 
Generated: no
Virtual: yes
Propagated: no
Period: 20.000000

===========================================================================
report_clock_properties
============================================================================
Clock                   Period          Waveform
----------------------------------------------------
clk                  20.000000    0.000000 10.000000

===========================================================================
report_clock_latency
============================================================================
Clock clk
rise -> rise
    min     max
0.000000 0.000000 source latency
0.284540         network latency _1610_/CLK
        0.290363 network latency _1578_/CLK
---------------
0.284540 0.290363 latency
        0.005823 skew

fall -> fall
    min     max
0.000000 0.000000 source latency
0.253906         network latency _1610_/CLK
        0.258991 network latency _1577_/CLK
---------------
0.253906 0.258991 latency
        0.005085 skew



===========================================================================
report_clock_min_period
============================================================================
clk period_min = 6.12 fmax = 163.46
