
===========================================================================
report_checks -unconstrained
===========================================================================
======================= nom_tt_025C_1v80 Corner ===================================

Startpoint: _1595_ (rising edge-triggered flip-flop clocked by clk)
Endpoint: _1622_ (rising edge-triggered flip-flop clocked by clk)
Path Group: clk
Path Type: max

Fanout         Cap        Slew       Delay        Time   Description
---------------------------------------------------------------------------------------------
                                  0.000000    0.000000   clock clk (rise edge)
                                  0.000000    0.000000   clock source latency
     1    0.020019    0.095798    0.065992    0.065992 ^ clk (in)
                                                         clk (net)
                      0.095807    0.000000    0.065992 ^ clkbuf_0_clk/A (sky130_fd_sc_hd__clkbuf_16)
     8    0.083957    0.100894    0.191798    0.257790 ^ clkbuf_0_clk/X (sky130_fd_sc_hd__clkbuf_16)
                                                         clknet_0_clk (net)
                      0.101100    0.003229    0.261019 ^ clkbuf_3_6__f_clk/A (sky130_fd_sc_hd__clkbuf_16)
     8    0.024440    0.045835    0.149878    0.410897 ^ clkbuf_3_6__f_clk/X (sky130_fd_sc_hd__clkbuf_16)
                                                         clknet_3_6__leaf_clk (net)
                      0.045854    0.000855    0.411752 ^ _1595_/CLK (sky130_fd_sc_hd__dfxtp_2)
     1    0.002493    0.021961    0.300958    0.712710 v _1595_/Q (sky130_fd_sc_hd__dfxtp_2)
                                                         u_dp.b_q[3] (net)
                      0.021961    0.000071    0.712781 v fanout51/A (sky130_fd_sc_hd__clkdlybuf4s25_1)
     7    0.050541    0.371733    0.489012    1.201794 v fanout51/X (sky130_fd_sc_hd__clkdlybuf4s25_1)
                                                         net51 (net)
                      0.371738    0.001740    1.203534 v fanout50/A (sky130_fd_sc_hd__clkdlybuf4s25_1)
    10    0.043519    0.321313    0.570825    1.774359 v fanout50/X (sky130_fd_sc_hd__clkdlybuf4s25_1)
                                                         net50 (net)
                      0.321325    0.002185    1.776544 v _0808_/B (sky130_fd_sc_hd__and3_2)
     3    0.009170    0.053183    0.338229    2.114773 v _0808_/X (sky130_fd_sc_hd__and3_2)
                                                         _0078_ (net)
                      0.053183    0.000234    2.115008 v _0811_/A (sky130_fd_sc_hd__or3_2)
     2    0.004020    0.081140    0.475752    2.590760 v _0811_/X (sky130_fd_sc_hd__or3_2)
                                                         _0081_ (net)
                      0.081140    0.000095    2.590855 v _0812_/B (sky130_fd_sc_hd__and2b_2)
     1    0.003824    0.038453    0.205531    2.796386 v _0812_/X (sky130_fd_sc_hd__and2b_2)
                                                         _0082_ (net)
                      0.038453    0.000135    2.796521 v fanout22/A (sky130_fd_sc_hd__clkdlybuf4s25_1)
     9    0.063180    0.461744    0.562189    3.358711 v fanout22/X (sky130_fd_sc_hd__clkdlybuf4s25_1)
                                                         net22 (net)
                      0.461777    0.004019    3.362730 v fanout21/A (sky130_fd_sc_hd__clkdlybuf4s25_1)
     7    0.053964    0.395844    0.645268    4.007998 v fanout21/X (sky130_fd_sc_hd__clkdlybuf4s25_1)
                                                         net21 (net)
                      0.395880    0.003796    4.011794 v fanout20/A (sky130_fd_sc_hd__clkdlybuf4s25_1)
    10    0.069169    0.504115    0.711326    4.723120 v fanout20/X (sky130_fd_sc_hd__clkdlybuf4s25_1)
                                                         net20 (net)
                      0.504123    0.002511    4.725631 v _0890_/A (sky130_fd_sc_hd__xor2_2)
     2    0.007062    0.127849    0.321657    5.047287 v _0890_/X (sky130_fd_sc_hd__xor2_2)
                                                         _0160_ (net)
                      0.127849    0.000139    5.047426 v _0893_/B (sky130_fd_sc_hd__or2_2)
     1    0.001862    0.050668    0.291702    5.339128 v _0893_/X (sky130_fd_sc_hd__or2_2)
                                                         _0163_ (net)
                      0.050668    0.000052    5.339180 v _0894_/B (sky130_fd_sc_hd__and2_2)
     3    0.020470    0.073786    0.234345    5.573525 v _0894_/X (sky130_fd_sc_hd__and2_2)
                                                         _0164_ (net)
                      0.073786    0.000351    5.573876 v _0895_/B (sky130_fd_sc_hd__nor2_2)
     2    0.015713    0.189144    0.177297    5.751173 ^ _0895_/Y (sky130_fd_sc_hd__nor2_2)
                                                         _0165_ (net)
                      0.189144    0.000106    5.751280 ^ _0896_/B (sky130_fd_sc_hd__xor2_2)
     2    0.013959    0.207190    0.230024    5.981303 ^ _0896_/X (sky130_fd_sc_hd__xor2_2)
                                                         _0166_ (net)
                      0.207190    0.000385    5.981688 ^ _0901_/B (sky130_fd_sc_hd__xnor2_2)
     2    0.006487    0.068856    0.092559    6.074247 v _0901_/Y (sky130_fd_sc_hd__xnor2_2)
                                                         _0171_ (net)
                      0.068856    0.000103    6.074351 v _0983_/A (sky130_fd_sc_hd__and2_2)
     1    0.004936    0.041992    0.181087    6.255438 v _0983_/X (sky130_fd_sc_hd__and2_2)
                                                         _0253_ (net)
                      0.041992    0.000148    6.255586 v _0984_/B (sky130_fd_sc_hd__nor2_2)
     2    0.015786    0.189894    0.165849    6.421435 ^ _0984_/Y (sky130_fd_sc_hd__nor2_2)
                                                         _0254_ (net)
                      0.189895    0.000430    6.421865 ^ _0985_/B (sky130_fd_sc_hd__xor2_2)
     2    0.015119    0.219624    0.239414    6.661279 ^ _0985_/X (sky130_fd_sc_hd__xor2_2)
                                                         _0255_ (net)
                      0.219624    0.000314    6.661592 ^ _0992_/A (sky130_fd_sc_hd__nand2_2)
     2    0.004928    0.060393    0.073158    6.734751 v _0992_/Y (sky130_fd_sc_hd__nand2_2)
                                                         _0262_ (net)
                      0.060393    0.000109    6.734859 v _0994_/A_N (sky130_fd_sc_hd__nand2b_2)
     1    0.002740    0.039900    0.170718    6.905578 v _0994_/Y (sky130_fd_sc_hd__nand2b_2)
                                                         _0264_ (net)
                      0.039900    0.000078    6.905656 v _1388_/A1 (sky130_fd_sc_hd__o221a_2)
     4    0.017480    0.080703    0.325656    7.231312 v _1388_/X (sky130_fd_sc_hd__o221a_2)
                                                         _0658_ (net)
                      0.080710    0.000835    7.232147 v _1393_/A2 (sky130_fd_sc_hd__o31ai_2)
     3    0.011202    0.297213    0.319600    7.551747 ^ _1393_/Y (sky130_fd_sc_hd__o31ai_2)
                                                         _0663_ (net)
                      0.297213    0.000445    7.552192 ^ _1394_/B (sky130_fd_sc_hd__nand2_2)
     2    0.008171    0.072263    0.105562    7.657754 v _1394_/Y (sky130_fd_sc_hd__nand2_2)
                                                         _0664_ (net)
                      0.072263    0.000226    7.657980 v _1405_/A2 (sky130_fd_sc_hd__o211ai_2)
     5    0.030603    0.389692    0.347535    8.005516 ^ _1405_/Y (sky130_fd_sc_hd__o211ai_2)
                                                         _0675_ (net)
                      0.389694    0.000759    8.006274 ^ _1473_/A1 (sky130_fd_sc_hd__a21bo_2)
     1    0.004277    0.043832    0.200211    8.206485 ^ _1473_/X (sky130_fd_sc_hd__a21bo_2)
                                                         _0718_ (net)
                      0.043832    0.000112    8.206596 ^ fanout16/A (sky130_fd_sc_hd__clkdlybuf4s25_1)
     5    0.027304    0.278356    0.410966    8.617562 ^ fanout16/X (sky130_fd_sc_hd__clkdlybuf4s25_1)
                                                         net16 (net)
                      0.278356    0.000368    8.617929 ^ fanout14/A (sky130_fd_sc_hd__clkdlybuf4s25_1)
    10    0.045148    0.452198    0.597357    9.215286 ^ fanout14/X (sky130_fd_sc_hd__clkdlybuf4s25_1)
                                                         net14 (net)
                      0.452198    0.001117    9.216404 ^ _1558_/B1 (sky130_fd_sc_hd__a31o_2)
     1    0.004017    0.049677    0.178696    9.395100 ^ _1558_/X (sky130_fd_sc_hd__a31o_2)
                                                         _0781_ (net)
                      0.049677    0.000133    9.395233 ^ _1559_/C1 (sky130_fd_sc_hd__o211a_2)
     1    0.002031    0.040875    0.148662    9.543895 ^ _1559_/X (sky130_fd_sc_hd__o211a_2)
                                                         _0050_ (net)
                      0.040875    0.000041    9.543936 ^ _1622_/D (sky130_fd_sc_hd__dfxtp_2)
                                              9.543936   data arrival time

                                 20.000000   20.000000   clock clk (rise edge)
                                  0.000000   20.000000   clock source latency
     1    0.020019    0.095798    0.065992   20.065992 ^ clk (in)
                                                         clk (net)
                      0.095807    0.000000   20.065992 ^ clkbuf_0_clk/A (sky130_fd_sc_hd__clkbuf_16)
     8    0.083957    0.100894    0.191799   20.257792 ^ clkbuf_0_clk/X (sky130_fd_sc_hd__clkbuf_16)
                                                         clknet_0_clk (net)
                      0.101071    0.002927   20.260717 ^ clkbuf_3_0__f_clk/A (sky130_fd_sc_hd__clkbuf_16)
     8    0.024064    0.045479    0.149651   20.410370 ^ clkbuf_3_0__f_clk/X (sky130_fd_sc_hd__clkbuf_16)
                                                         clknet_3_0__leaf_clk (net)
                      0.045484    0.000510   20.410879 ^ _1622_/CLK (sky130_fd_sc_hd__dfxtp_2)
                                 -0.250000   20.160879   clock uncertainty
                                  0.000000   20.160879   clock reconvergence pessimism
                                 -0.057818   20.103062   library setup time
                                             20.103062   data required time
---------------------------------------------------------------------------------------------
                                             20.103062   data required time
                                             -9.543936   data arrival time
---------------------------------------------------------------------------------------------
                                             10.559126   slack (MET)




===========================================================================
report_checks --slack_max -0.01
============================================================================
======================= nom_tt_025C_1v80 Corner ===================================

No paths found.


===========================================================================
 report_check_types -max_slew -max_cap -max_fanout -violators
============================================================================
======================= nom_tt_025C_1v80 Corner ===================================



===========================================================================
report_parasitic_annotation -report_unannotated
============================================================================
Found 20 unannotated drivers.
 ena
 uio_in[4]
 uio_in[5]
 uio_in[6]
 uio_in[7]
 clkload0/X
 tt_um_arnav_mac8/HI
 tt_um_arnav_mac8_69/HI
 tt_um_arnav_mac8_70/HI
 tt_um_arnav_mac8_71/HI
 tt_um_arnav_mac8_72/HI
 tt_um_arnav_mac8_73/HI
 tt_um_arnav_mac8_74/HI
 tt_um_arnav_mac8_75/HI
 tt_um_arnav_mac8_76/HI
 tt_um_arnav_mac8_77/HI
 tt_um_arnav_mac8_78/LO
 tt_um_arnav_mac8_79/LO
 tt_um_arnav_mac8_80/LO
 tt_um_arnav_mac8_81/LO
Found 0 partially unannotated drivers.

===========================================================================
max slew violation count 0
max fanout violation count 0
max cap violation count 0
============================================================================

===========================================================================
check_setup -verbose -unconstrained_endpoints -multiple_clock -no_clock -no_input_delay -loops -generated_clocks
===========================================================================
