Clock: clk
Sources: clk 
Generated: no
Virtual: yes
Propagated: no
Period: 20.000000

===========================================================================
report_clock_properties
============================================================================
Clock                   Period          Waveform
----------------------------------------------------
clk                  20.000000    0.000000 10.000000

===========================================================================
report_clock_latency
============================================================================
Clock clk
rise -> rise
    min     max
0.000000 0.000000 source latency
0.410390         network latency _1610_/CLK
        0.417713 network latency _1578_/CLK
---------------
0.410390 0.417713 latency
        0.007323 skew

fall -> fall
    min     max
0.000000 0.000000 source latency
0.371101         network latency _1610_/CLK
        0.377453 network latency _1577_/CLK
---------------
0.371101 0.377453 latency
        0.006351 skew



===========================================================================
report_clock_min_period
============================================================================
clk period_min = 9.44 fmax = 105.92
