
===========================================================================
 report_power
============================================================================
======================= nom_tt_025C_1v80 Corner ===================================

Group                    Internal    Switching      Leakage        Total
                            Power        Power        Power        Power (Watts)
------------------------------------------------------------------------
Sequential           1.271342e-04 8.629169e-07 5.396688e-10 1.279976e-04  46.9%
Combinational        7.724966e-06 8.016983e-06 3.579816e-09 1.574553e-05   5.8%
Clock                8.055259e-05 4.880031e-05 4.564118e-09 1.293575e-04  47.4%
Macro                0.000000e+00 0.000000e+00 0.000000e+00 0.000000e+00   0.0%
Pad                  0.000000e+00 0.000000e+00 0.000000e+00 0.000000e+00   0.0%
------------------------------------------------------------------------
Total                2.154117e-04 5.768022e-05 8.683594e-09 2.731006e-04 100.0%
                            78.9%        21.1%         0.0%

