
===========================================================================
report_checks -unconstrained
===========================================================================
======================= min_ss_100C_1v60 Corner ===================================

Startpoint: _1595_ (rising edge-triggered flip-flop clocked by clk)
Endpoint: _1622_ (rising edge-triggered flip-flop clocked by clk)
Path Group: clk
Path Type: max

Fanout         Cap        Slew       Delay        Time   Description
---------------------------------------------------------------------------------------------
                                  0.000000    0.000000   clock clk (rise edge)
                                  0.000000    0.000000   clock source latency
     1    0.018955    0.142613    0.097036    0.097036 ^ clk (in)
                                                         clk (net)
                      0.142616    0.000000    0.097036 ^ clkbuf_0_clk/A (sky130_fd_sc_hd__clkbuf_16)
     8    0.082146    0.151088    0.329123    0.426159 ^ clkbuf_0_clk/X (sky130_fd_sc_hd__clkbuf_16)
                                                         clknet_0_clk (net)
                      0.151110    0.001851    0.428010 ^ clkbuf_3_6__f_clk/A (sky130_fd_sc_hd__clkbuf_16)
     8    0.022215    0.070185    0.261835    0.689845 ^ clkbuf_3_6__f_clk/X (sky130_fd_sc_hd__clkbuf_16)
                                                         clknet_3_6__leaf_clk (net)
                      0.070207    0.000432    0.690277 ^ _1595_/CLK (sky130_fd_sc_hd__dfxtp_2)
     1    0.002468    0.038396    0.591986    1.282263 v _1595_/Q (sky130_fd_sc_hd__dfxtp_2)
                                                         u_dp.b_q[3] (net)
                      0.038396    0.000022    1.282285 v fanout51/A (sky130_fd_sc_hd__clkdlybuf4s25_1)
     7    0.046566    0.621874    0.869333    2.151618 v fanout51/X (sky130_fd_sc_hd__clkdlybuf4s25_1)
                                                         net51 (net)
                      0.621874    0.000951    2.152568 v fanout50/A (sky130_fd_sc_hd__clkdlybuf4s25_1)
    10    0.042431    0.569580    1.052374    3.204942 v fanout50/X (sky130_fd_sc_hd__clkdlybuf4s25_1)
                                                         net50 (net)
                      0.569580    0.001241    3.206183 v _0808_/B (sky130_fd_sc_hd__and3_2)
     3    0.008960    0.098713    0.693947    3.900131 v _0808_/X (sky130_fd_sc_hd__and3_2)
                                                         _0078_ (net)
                      0.098713    0.000099    3.900229 v _0811_/A (sky130_fd_sc_hd__or3_2)
     2    0.003822    0.172106    1.115273    5.015502 v _0811_/X (sky130_fd_sc_hd__or3_2)
                                                         _0081_ (net)
                      0.172106    0.000030    5.015532 v _0812_/B (sky130_fd_sc_hd__and2b_2)
     1    0.003697    0.073198    0.454194    5.469726 v _0812_/X (sky130_fd_sc_hd__and2b_2)
                                                         _0082_ (net)
                      0.073198    0.000059    5.469785 v fanout22/A (sky130_fd_sc_hd__clkdlybuf4s25_1)
     9    0.062517    0.827951    1.036400    6.506185 v fanout22/X (sky130_fd_sc_hd__clkdlybuf4s25_1)
                                                         net22 (net)
                      0.827952    0.002473    6.508658 v fanout21/A (sky130_fd_sc_hd__clkdlybuf4s25_1)
     7    0.052954    0.705369    1.193431    7.702089 v fanout21/X (sky130_fd_sc_hd__clkdlybuf4s25_1)
                                                         net21 (net)
                      0.705370    0.002430    7.704519 v fanout20/A (sky130_fd_sc_hd__clkdlybuf4s25_1)
    10    0.068900    0.911362    1.321392    9.025911 v fanout20/X (sky130_fd_sc_hd__clkdlybuf4s25_1)
                                                         net20 (net)
                      0.911362    0.001532    9.027443 v _0890_/A (sky130_fd_sc_hd__xor2_2)
     2    0.006891    0.208396    0.604389    9.631832 v _0890_/X (sky130_fd_sc_hd__xor2_2)
                                                         _0160_ (net)
                      0.208396    0.000042    9.631874 v _0893_/B (sky130_fd_sc_hd__or2_2)
     1    0.001766    0.104300    0.655067   10.286942 v _0893_/X (sky130_fd_sc_hd__or2_2)
                                                         _0163_ (net)
                      0.104300    0.000016   10.286958 v _0894_/B (sky130_fd_sc_hd__and2_2)
     3    0.020393    0.140511    0.502708   10.789665 v _0894_/X (sky130_fd_sc_hd__and2_2)
                                                         _0164_ (net)
                      0.140511    0.000125   10.789791 v _0895_/B (sky130_fd_sc_hd__nor2_2)
     2    0.015504    0.312643    0.305687   11.095478 ^ _0895_/Y (sky130_fd_sc_hd__nor2_2)
                                                         _0165_ (net)
                      0.312643    0.000034   11.095511 ^ _0896_/B (sky130_fd_sc_hd__xor2_2)
     2    0.013905    0.321251    0.426434   11.521946 ^ _0896_/X (sky130_fd_sc_hd__xor2_2)
                                                         _0166_ (net)
                      0.321251    0.000136   11.522081 ^ _0901_/B (sky130_fd_sc_hd__xnor2_2)
     2    0.006423    0.125226    0.209739   11.731820 v _0901_/Y (sky130_fd_sc_hd__xnor2_2)
                                                         _0171_ (net)
                      0.125226    0.000036   11.731856 v _0983_/A (sky130_fd_sc_hd__and2_2)
     1    0.004893    0.079825    0.388047   12.119904 v _0983_/X (sky130_fd_sc_hd__and2_2)
                                                         _0253_ (net)
                      0.079825    0.000052   12.119955 v _0984_/B (sky130_fd_sc_hd__nor2_2)
     2    0.015553    0.305563    0.281611   12.401567 ^ _0984_/Y (sky130_fd_sc_hd__nor2_2)
                                                         _0254_ (net)
                      0.305563    0.000219   12.401786 ^ _0985_/B (sky130_fd_sc_hd__xor2_2)
     2    0.014987    0.351375    0.438475   12.840261 ^ _0985_/X (sky130_fd_sc_hd__xor2_2)
                                                         _0255_ (net)
                      0.351375    0.000115   12.840376 ^ _0992_/A (sky130_fd_sc_hd__nand2_2)
     2    0.004708    0.102744    0.176893   13.017269 v _0992_/Y (sky130_fd_sc_hd__nand2_2)
                                                         _0262_ (net)
                      0.102744    0.000039   13.017308 v _0994_/A_N (sky130_fd_sc_hd__nand2b_2)
     1    0.002730    0.077441    0.354086   13.371394 v _0994_/Y (sky130_fd_sc_hd__nand2b_2)
                                                         _0264_ (net)
                      0.077441    0.000026   13.371420 v _1388_/A1 (sky130_fd_sc_hd__o221a_2)
     4    0.017018    0.155669    0.625390   13.996809 v _1388_/X (sky130_fd_sc_hd__o221a_2)
                                                         _0658_ (net)
                      0.155669    0.000479   13.997288 v _1393_/A2 (sky130_fd_sc_hd__o31ai_2)
     3    0.010843    0.462212    0.535232   14.532520 ^ _1393_/Y (sky130_fd_sc_hd__o31ai_2)
                                                         _0663_ (net)
                      0.462212    0.000207   14.532727 ^ _1394_/B (sky130_fd_sc_hd__nand2_2)
     2    0.008072    0.120655    0.245961   14.778689 v _1394_/Y (sky130_fd_sc_hd__nand2_2)
                                                         _0664_ (net)
                      0.120655    0.000091   14.778780 v _1405_/A2 (sky130_fd_sc_hd__o211ai_2)
     5    0.029415    0.606800    0.562321   15.341102 ^ _1405_/Y (sky130_fd_sc_hd__o211ai_2)
                                                         _0675_ (net)
                      0.606800    0.000385   15.341487 ^ _1473_/A1 (sky130_fd_sc_hd__a21bo_2)
     1    0.004054    0.071154    0.453255   15.794742 ^ _1473_/X (sky130_fd_sc_hd__a21bo_2)
                                                         _0718_ (net)
                      0.071154    0.000046   15.794788 ^ fanout16/A (sky130_fd_sc_hd__clkdlybuf4s25_1)
     5    0.025640    0.419841    0.716636   16.511423 ^ fanout16/X (sky130_fd_sc_hd__clkdlybuf4s25_1)
                                                         net16 (net)
                      0.419841    0.000119   16.511543 ^ fanout14/A (sky130_fd_sc_hd__clkdlybuf4s25_1)
    10    0.042920    0.689150    1.045894   17.557436 ^ fanout14/X (sky130_fd_sc_hd__clkdlybuf4s25_1)
                                                         net14 (net)
                      0.689150    0.000469   17.557905 ^ _1558_/B1 (sky130_fd_sc_hd__a31o_2)
     1    0.003860    0.080014    0.396600   17.954506 ^ _1558_/X (sky130_fd_sc_hd__a31o_2)
                                                         _0781_ (net)
                      0.080014    0.000053   17.954559 ^ _1559_/C1 (sky130_fd_sc_hd__o211a_2)
     1    0.001859    0.072704    0.332275   18.286835 ^ _1559_/X (sky130_fd_sc_hd__o211a_2)
                                                         _0050_ (net)
                      0.072704    0.000009   18.286842 ^ _1622_/D (sky130_fd_sc_hd__dfxtp_2)
                                             18.286842   data arrival time

                                 20.000000   20.000000   clock clk (rise edge)
                                  0.000000   20.000000   clock source latency
     1    0.018955    0.142613    0.097035   20.097036 ^ clk (in)
                                                         clk (net)
                      0.142616    0.000000   20.097036 ^ clkbuf_0_clk/A (sky130_fd_sc_hd__clkbuf_16)
     8    0.082146    0.151088    0.329123   20.426159 ^ clkbuf_0_clk/X (sky130_fd_sc_hd__clkbuf_16)
                                                         clknet_0_clk (net)
                      0.151104    0.001663   20.427822 ^ clkbuf_3_0__f_clk/A (sky130_fd_sc_hd__clkbuf_16)
     8    0.021854    0.069735    0.261421   20.689243 ^ clkbuf_3_0__f_clk/X (sky130_fd_sc_hd__clkbuf_16)
                                                         clknet_3_0__leaf_clk (net)
                      0.069757    0.000172   20.689415 ^ _1622_/CLK (sky130_fd_sc_hd__dfxtp_2)
                                 -0.250000   20.439417   clock uncertainty
                                  0.000000   20.439417   clock reconvergence pessimism
                                 -0.141800   20.297617   library setup time
                                             20.297617   data required time
---------------------------------------------------------------------------------------------
                                             20.297617   data required time
                                            -18.286842   data arrival time
---------------------------------------------------------------------------------------------
                                              2.010774   slack (MET)




===========================================================================
report_checks --slack_max -0.01
============================================================================
======================= min_ss_100C_1v60 Corner ===================================

No paths found.


===========================================================================
 report_check_types -max_slew -max_cap -max_fanout -violators
============================================================================
======================= min_ss_100C_1v60 Corner ===================================

max slew

Pin                                        Limit        Slew       Slack
------------------------------------------------------------------------
_0818_/A                                0.750000    1.165763   -0.415763 (VIOLATED)
_0820_/A1                               0.750000    1.165763   -0.415763 (VIOLATED)
_0836_/A                                0.750000    1.165763   -0.415763 (VIOLATED)
_0837_/A                                0.750000    1.165763   -0.415763 (VIOLATED)
_0861_/A                                0.750000    1.165763   -0.415763 (VIOLATED)
_0863_/A1                               0.750000    1.165763   -0.415763 (VIOLATED)
_0874_/A                                0.750000    1.165763   -0.415763 (VIOLATED)
_0876_/A1                               0.750000    1.165763   -0.415763 (VIOLATED)
_0890_/A                                0.750000    1.165763   -0.415763 (VIOLATED)
_0892_/A1                               0.750000    1.165763   -0.415763 (VIOLATED)
fanout20/X                              0.750000    1.165763   -0.415763 (VIOLATED)
_0809_/A                                0.750000    1.100340   -0.350340 (VIOLATED)
_1076_/A1                               0.750000    1.100340   -0.350340 (VIOLATED)
_1113_/A1                               0.750000    1.100340   -0.350340 (VIOLATED)
_1139_/A                                0.750000    1.100340   -0.350340 (VIOLATED)
_1149_/A1                               0.750000    1.100340   -0.350340 (VIOLATED)
_1175_/A                                0.750000    1.100340   -0.350340 (VIOLATED)
_1183_/A                                0.750000    1.100340   -0.350340 (VIOLATED)
_1267_/A                                0.750000    1.100340   -0.350340 (VIOLATED)
_1291_/A                                0.750000    1.100340   -0.350340 (VIOLATED)
_1325_/A1                               0.750000    1.100340   -0.350340 (VIOLATED)
fanout52/X                              0.750000    1.100340   -0.350340 (VIOLATED)
_1320_/C                                0.750000    1.083614   -0.333614 (VIOLATED)
_1321_/A2                               0.750000    1.083614   -0.333614 (VIOLATED)
_1299_/B1                               0.750000    1.083614   -0.333614 (VIOLATED)
_1298_/D                                0.750000    1.083613   -0.333613 (VIOLATED)
_1267_/B                                0.750000    1.083610   -0.333610 (VIOLATED)
_1185_/C                                0.750000    1.083609   -0.333609 (VIOLATED)
_1057_/A_N                              0.750000    1.083608   -0.333608 (VIOLATED)
_1094_/B                                0.750000    1.083608   -0.333608 (VIOLATED)
_1095_/B                                0.750000    1.083608   -0.333608 (VIOLATED)
_1132_/B                                0.750000    1.083608   -0.333608 (VIOLATED)
fanout65/X                              0.750000    1.083608   -0.333608 (VIOLATED)
_1320_/D                                0.750000    1.064125   -0.314125 (VIOLATED)
_1321_/B1                               0.750000    1.064125   -0.314125 (VIOLATED)
_1339_/C                                0.750000    1.064125   -0.314125 (VIOLATED)
_1340_/A2                               0.750000    1.064124   -0.314124 (VIOLATED)
_1325_/A2                               0.750000    1.064122   -0.314122 (VIOLATED)
_1184_/B                                0.750000    1.064120   -0.314120 (VIOLATED)
_1266_/C                                0.750000    1.064120   -0.314120 (VIOLATED)
_1185_/D                                0.750000    1.064116   -0.314116 (VIOLATED)
_1093_/A_N                              0.750000    1.064112   -0.314112 (VIOLATED)
_1130_/B                                0.750000    1.064112   -0.314112 (VIOLATED)
fanout67/X                              0.750000    1.064112   -0.314112 (VIOLATED)
_0939_/A                                0.750000    1.050347   -0.300347 (VIOLATED)
_0940_/A                                0.750000    1.050347   -0.300347 (VIOLATED)
_0945_/A                                0.750000    1.050347   -0.300347 (VIOLATED)
_0946_/A                                0.750000    1.050347   -0.300347 (VIOLATED)
_1010_/A                                0.750000    1.050347   -0.300347 (VIOLATED)
_1011_/A                                0.750000    1.050347   -0.300347 (VIOLATED)
_1043_/A                                0.750000    1.050347   -0.300347 (VIOLATED)
_1044_/A                                0.750000    1.050347   -0.300347 (VIOLATED)
fanout21/A                              0.750000    1.050347   -0.300347 (VIOLATED)
fanout22/X                              0.750000    1.050347   -0.300347 (VIOLATED)
_1298_/C                                0.750000    1.031977   -0.281977 (VIOLATED)
_1299_/A2                               0.750000    1.031977   -0.281977 (VIOLATED)
_1273_/D                                0.750000    1.031974   -0.281974 (VIOLATED)
_1275_/B1                               0.750000    1.031974   -0.281974 (VIOLATED)
_1274_/D                                0.750000    1.031974   -0.281974 (VIOLATED)
_1183_/B                                0.750000    1.031972   -0.281972 (VIOLATED)
_1196_/A2                               0.750000    1.031972   -0.281972 (VIOLATED)
_1028_/A_N                              0.750000    1.031952   -0.281952 (VIOLATED)
_1058_/B                                0.750000    1.031952   -0.281952 (VIOLATED)
_1059_/B                                0.750000    1.031952   -0.281952 (VIOLATED)
fanout63/X                              0.750000    1.031952   -0.281952 (VIOLATED)
_1129_/A_N                              0.750000    1.010887   -0.260887 (VIOLATED)
_1171_/B                                0.750000    1.010887   -0.260887 (VIOLATED)
_1265_/B                                0.750000    1.010887   -0.260887 (VIOLATED)
_1266_/D                                0.750000    1.010887   -0.260887 (VIOLATED)
_1291_/B                                0.750000    1.010887   -0.260887 (VIOLATED)
_1325_/B1                               0.750000    1.010887   -0.260887 (VIOLATED)
_1339_/D                                0.750000    1.010887   -0.260887 (VIOLATED)
_1340_/B1                               0.750000    1.010887   -0.260887 (VIOLATED)
_1348_/C                                0.750000    1.010887   -0.260887 (VIOLATED)
_1474_/A2                               0.750000    1.010887   -0.260887 (VIOLATED)
fanout68/X                              0.750000    1.010887   -0.260887 (VIOLATED)
_0834_/B1                               0.750000    0.948823   -0.198823 (VIOLATED)
_1396_/B1                               0.750000    0.948823   -0.198823 (VIOLATED)
_0817_/B1                               0.750000    0.948820   -0.198821 (VIOLATED)
_0846_/B1                               0.750000    0.948819   -0.198819 (VIOLATED)
_0860_/B1                               0.750000    0.948816   -0.198816 (VIOLATED)
_0873_/B1                               0.750000    0.948812   -0.198813 (VIOLATED)
_0889_/B1                               0.750000    0.948809   -0.198809 (VIOLATED)
_0903_/B1                               0.750000    0.948804   -0.198804 (VIOLATED)
_0815_/A                                0.750000    0.948791   -0.198791 (VIOLATED)
_0937_/B1                               0.750000    0.948791   -0.198791 (VIOLATED)
fanout37/X                              0.750000    0.948791   -0.198791 (VIOLATED)
_0847_/A                                0.750000    0.893557   -0.143557 (VIOLATED)
_0849_/A1                               0.750000    0.893557   -0.143557 (VIOLATED)
_0904_/A                                0.750000    0.893557   -0.143557 (VIOLATED)
_0906_/A1                               0.750000    0.893557   -0.143557 (VIOLATED)
_0960_/A                                0.750000    0.893557   -0.143557 (VIOLATED)
_0961_/A                                0.750000    0.893557   -0.143557 (VIOLATED)
fanout20/A                              0.750000    0.893557   -0.143557 (VIOLATED)
fanout21/X                              0.750000    0.893557   -0.143557 (VIOLATED)
_0918_/A_N                              0.750000    0.871264   -0.121264 (VIOLATED)
_0996_/B                                0.750000    0.871264   -0.121264 (VIOLATED)
_0997_/B                                0.750000    0.871264   -0.121264 (VIOLATED)
_1033_/A2                               0.750000    0.871263   -0.121263 (VIOLATED)
_1031_/B                                0.750000    0.871262   -0.121262 (VIOLATED)
_1102_/B1                               0.750000    0.871262   -0.121262 (VIOLATED)
_1192_/C                                0.750000    0.871262   -0.121262 (VIOLATED)
_1193_/A2                               0.750000    0.871262   -0.121262 (VIOLATED)
_1197_/D                                0.750000    0.871262   -0.121262 (VIOLATED)
_1198_/B1                               0.750000    0.871262   -0.121262 (VIOLATED)
fanout60/X                              0.750000    0.871262   -0.121262 (VIOLATED)
_0788_/A                                0.750000    0.860784   -0.110784 (VIOLATED)
_0918_/B                                0.750000    0.860784   -0.110784 (VIOLATED)
_0923_/B                                0.750000    0.860784   -0.110784 (VIOLATED)
_0995_/B                                0.750000    0.860784   -0.110784 (VIOLATED)
_1028_/B                                0.750000    0.860784   -0.110784 (VIOLATED)
_1057_/B                                0.750000    0.860784   -0.110784 (VIOLATED)
_1093_/B                                0.750000    0.860784   -0.110784 (VIOLATED)
_1129_/B                                0.750000    0.860784   -0.110784 (VIOLATED)
_1313_/A                                0.750000    0.860784   -0.110784 (VIOLATED)
_1365_/A1                               0.750000    0.860784   -0.110784 (VIOLATED)
fanout43/X                              0.750000    0.860784   -0.110784 (VIOLATED)
_1339_/B                                0.750000    0.826697   -0.076697 (VIOLATED)
_1320_/B                                0.750000    0.826697   -0.076697 (VIOLATED)
_1321_/A1                               0.750000    0.826697   -0.076697 (VIOLATED)
_1340_/A1                               0.750000    0.826696   -0.076696 (VIOLATED)
_1298_/B                                0.750000    0.826696   -0.076696 (VIOLATED)
_1299_/A1                               0.750000    0.826696   -0.076696 (VIOLATED)
_1192_/B                                0.750000    0.826695   -0.076695 (VIOLATED)
_1273_/B                                0.750000    0.826695   -0.076695 (VIOLATED)
_1274_/B                                0.750000    0.826695   -0.076695 (VIOLATED)
_1275_/A1                               0.750000    0.826695   -0.076695 (VIOLATED)
fanout55/X                              0.750000    0.826695   -0.076695 (VIOLATED)
_1192_/A                                0.750000    0.817173   -0.067173 (VIOLATED)
_1273_/A                                0.750000    0.817173   -0.067173 (VIOLATED)
_1274_/A                                0.750000    0.817173   -0.067173 (VIOLATED)
_1275_/B2                               0.750000    0.817173   -0.067173 (VIOLATED)
_1298_/A                                0.750000    0.817173   -0.067173 (VIOLATED)
_1299_/B2                               0.750000    0.817173   -0.067173 (VIOLATED)
_1320_/A                                0.750000    0.817173   -0.067173 (VIOLATED)
_1321_/B2                               0.750000    0.817173   -0.067173 (VIOLATED)
_1339_/A                                0.750000    0.817173   -0.067173 (VIOLATED)
_1340_/B2                               0.750000    0.817173   -0.067173 (VIOLATED)
fanout53/X                              0.750000    0.817173   -0.067173 (VIOLATED)
_1567_/B1                               0.750000    0.810745   -0.060745 (VIOLATED)
_1563_/A                                0.750000    0.810745   -0.060745 (VIOLATED)
_1627_/D                                0.750000    0.810745   -0.060745 (VIOLATED)
_1565_/A                                0.750000    0.810744   -0.060744 (VIOLATED)
_1564_/B                                0.750000    0.810743   -0.060743 (VIOLATED)
_1573_/B1                               0.750000    0.810742   -0.060742 (VIOLATED)
_1570_/C1                               0.750000    0.810741   -0.060741 (VIOLATED)
_0791_/A                                0.750000    0.810739   -0.060739 (VIOLATED)
_0803_/A                                0.750000    0.810738   -0.060738 (VIOLATED)
fanout41/A                              0.750000    0.810730   -0.060730 (VIOLATED)
fanout42/X                              0.750000    0.810730   -0.060730 (VIOLATED)
_0813_/B                                0.750000    0.778931   -0.028931 (VIOLATED)
_0814_/A2                               0.750000    0.778931   -0.028931 (VIOLATED)
_1193_/A1                               0.750000    0.778931   -0.028931 (VIOLATED)
_1197_/B                                0.750000    0.778931   -0.028931 (VIOLATED)
_1198_/A1                               0.750000    0.778931   -0.028931 (VIOLATED)
_1220_/B                                0.750000    0.778931   -0.028931 (VIOLATED)
_1221_/A1                               0.750000    0.778931   -0.028931 (VIOLATED)
_1348_/B                                0.750000    0.778931   -0.028931 (VIOLATED)
_1474_/A1                               0.750000    0.778931   -0.028931 (VIOLATED)
fanout55/A                              0.750000    0.778931   -0.028931 (VIOLATED)
fanout56/X                              0.750000    0.778931   -0.028931 (VIOLATED)
_0789_/A                                0.750000    0.766484   -0.016484 (VIOLATED)
_0919_/B                                0.750000    0.766484   -0.016484 (VIOLATED)
_0920_/B                                0.750000    0.766484   -0.016484 (VIOLATED)
_0923_/A_N                              0.750000    0.766484   -0.016484 (VIOLATED)
_0998_/B                                0.750000    0.766484   -0.016484 (VIOLATED)
_1000_/A2                               0.750000    0.766484   -0.016484 (VIOLATED)
_1066_/B                                0.750000    0.766484   -0.016484 (VIOLATED)
_1102_/A2                               0.750000    0.766484   -0.016484 (VIOLATED)
_1139_/B                                0.750000    0.766484   -0.016484 (VIOLATED)
_1149_/A2                               0.750000    0.766484   -0.016484 (VIOLATED)
fanout59/X                              0.750000    0.766484   -0.016484 (VIOLATED)
_1184_/A                                0.750000    0.761256   -0.011256 (VIOLATED)
_1185_/B                                0.750000    0.761256   -0.011256 (VIOLATED)
_1186_/A1                               0.750000    0.761256   -0.011256 (VIOLATED)
_1266_/B                                0.750000    0.761256   -0.011256 (VIOLATED)
_1325_/B2                               0.750000    0.761256   -0.011256 (VIOLATED)
_1463_/A                                0.750000    0.761256   -0.011256 (VIOLATED)
fanout50/A                              0.750000    0.761256   -0.011256 (VIOLATED)
fanout51/X                              0.750000    0.761256   -0.011256 (VIOLATED)
_0826_/A                                0.750000    0.756952   -0.006952 (VIOLATED)
_0827_/A                                0.750000    0.756952   -0.006952 (VIOLATED)
_0998_/A                                0.750000    0.756952   -0.006952 (VIOLATED)
_1000_/A1                               0.750000    0.756952   -0.006952 (VIOLATED)
_1031_/A                                0.750000    0.756952   -0.006952 (VIOLATED)
_1033_/A1                               0.750000    0.756952   -0.006952 (VIOLATED)
_1060_/A                                0.750000    0.756952   -0.006952 (VIOLATED)
_1062_/A1                               0.750000    0.756952   -0.006952 (VIOLATED)
_1096_/A                                0.750000    0.756952   -0.006952 (VIOLATED)
_1098_/A1                               0.750000    0.756952   -0.006952 (VIOLATED)
fanout46/X                              0.750000    0.756952   -0.006952 (VIOLATED)



===========================================================================
report_parasitic_annotation -report_unannotated
============================================================================
Found 20 unannotated drivers.
 ena
 uio_in[4]
 uio_in[5]
 uio_in[6]
 uio_in[7]
 clkload0/X
 tt_um_arnav_mac8/HI
 tt_um_arnav_mac8_69/HI
 tt_um_arnav_mac8_70/HI
 tt_um_arnav_mac8_71/HI
 tt_um_arnav_mac8_72/HI
 tt_um_arnav_mac8_73/HI
 tt_um_arnav_mac8_74/HI
 tt_um_arnav_mac8_75/HI
 tt_um_arnav_mac8_76/HI
 tt_um_arnav_mac8_77/HI
 tt_um_arnav_mac8_78/LO
 tt_um_arnav_mac8_79/LO
 tt_um_arnav_mac8_80/LO
 tt_um_arnav_mac8_81/LO
Found 0 partially unannotated drivers.

===========================================================================
max slew violation count 191
max fanout violation count 0
max cap violation count 0
============================================================================

===========================================================================
check_setup -verbose -unconstrained_endpoints -multiple_clock -no_clock -no_input_delay -loops -generated_clocks
===========================================================================
