Clock: clk
Sources: clk 
Generated: no
Virtual: yes
Propagated: no
Period: 20.000000

===========================================================================
report_clock_properties
============================================================================
Clock                   Period          Waveform
----------------------------------------------------
clk                  20.000000    0.000000 10.000000

===========================================================================
report_clock_latency
============================================================================
Clock clk
rise -> rise
    min     max
0.000000 0.000000 source latency
0.688836         network latency _1609_/CLK
        0.699730 network latency _1577_/CLK
---------------
0.688836 0.699730 latency
        0.010894 skew

fall -> fall
    min     max
0.000000 0.000000 source latency
0.647293         network latency _1609_/CLK
        0.656452 network latency _1577_/CLK
---------------
0.647293 0.656452 latency
        0.009159 skew



===========================================================================
report_clock_min_period
============================================================================
clk period_min = 17.99 fmax = 55.59
