
===========================================================================
 report_power
============================================================================
======================= min_ss_100C_1v60 Corner ===================================

Group                    Internal    Switching      Leakage        Total
                            Power        Power        Power        Power (Watts)
------------------------------------------------------------------------
Sequential           9.881519e-05 6.495472e-07 9.430003e-07 1.004077e-04  46.0%
Combinational        6.222686e-06 6.075957e-06 4.415469e-06 1.671411e-05   7.7%
Clock                6.532226e-05 3.581770e-05 1.817630e-07 1.013217e-04  46.4%
Macro                0.000000e+00 0.000000e+00 0.000000e+00 0.000000e+00   0.0%
Pad                  0.000000e+00 0.000000e+00 0.000000e+00 0.000000e+00   0.0%
------------------------------------------------------------------------
Total                1.703602e-04 4.254319e-05 5.540230e-06 2.184436e-04 100.0%
                            78.0%        19.5%         2.5%

